Component: ARM Compiler 5.06 update 6 (build 750) Tool: armlink [4d35ed]

==============================================================================

Section Cross References

    main.o(i.adv_scan_start) refers to main.o(i.scan_start) for scan_start
    main.o(i.adv_scan_start) refers to boards.o(i.bsp_board_led_on) for bsp_board_led_on
    main.o(i.adv_scan_start) refers to ble_advertising.o(i.ble_advertising_start) for ble_advertising_start
    main.o(i.adv_scan_start) refers to app_error.o(i.app_error_handler_bare) for app_error_handler_bare
    main.o(i.adv_scan_start) refers to nrf_log_frontend.o(i.nrf_log_frontend_std_0) for nrf_log_frontend_std_0
    main.o(i.adv_scan_start) refers to main.o(.bss) for .bss
    main.o(i.adv_scan_start) refers to nrf_log_frontend.o(log_const_data) for m_nrf_log_app_logs_data_const
    main.o(i.alarm_c_evt_handler) refers to nrf_log_frontend.o(i.nrf_log_frontend_std_0) for nrf_log_frontend_std_0
    main.o(i.alarm_c_evt_handler) refers to main.o(i.scan_start) for scan_start
    main.o(i.alarm_c_evt_handler) refers to nrf_ble_scan.o(i.nrf_ble_scan_all_filter_remove) for nrf_ble_scan_all_filter_remove
    main.o(i.alarm_c_evt_handler) refers to app_error.o(i.app_error_handler_bare) for app_error_handler_bare
    main.o(i.alarm_c_evt_handler) refers to strlen.o(.text) for strlen
    main.o(i.alarm_c_evt_handler) refers to nrf_ble_scan.o(i.nrf_ble_scan_filter_set) for nrf_ble_scan_filter_set
    main.o(i.alarm_c_evt_handler) refers to ble_alarm_c.o(i.ble_alarm_c_handles_assign) for ble_alarm_c_handles_assign
    main.o(i.alarm_c_evt_handler) refers to ble_alarm_c.o(i.ble_alarm_c_tx_notif_enable) for ble_alarm_c_tx_notif_enable
    main.o(i.alarm_c_evt_handler) refers to nrf_log_frontend.o(log_const_data) for m_nrf_log_app_logs_data_const
    main.o(i.alarm_c_evt_handler) refers to main.o(.bss) for .bss
    main.o(i.alarm_c_evt_handler) refers to main.o(.constdata) for .constdata
    main.o(i.assert_nrf_callback) refers to app_error_handler_keil.o(.emb_text) for app_error_handler
    main.o(i.ble_evt_handler) refers to ble_conn_state.o(i.ble_conn_state_role) for ble_conn_state_role
    main.o(i.ble_evt_handler) refers to memcmp.o(.text) for memcmp
    main.o(i.ble_evt_handler) refers to main.o(i.on_ble_evt) for on_ble_evt
    main.o(i.ble_evt_handler) refers to main.o(i.on_ble_central_evt) for on_ble_central_evt
    main.o(i.ble_evt_handler) refers to nrf_log_frontend.o(i.nrf_log_frontend_std_3) for nrf_log_frontend_std_3
    main.o(i.ble_evt_handler) refers to main.o(i.on_ble_peripheral_evt) for on_ble_peripheral_evt
    main.o(i.ble_evt_handler) refers to main.o(.bss) for .bss
    main.o(i.ble_evt_handler) refers to nrf_log_frontend.o(log_const_data) for m_nrf_log_app_logs_data_const
    main.o(i.ble_evt_handler) refers to main.o(.conststring) for .conststring
    main.o(i.bsp_event_handler) refers to nrf_log_frontend.o(i.nrf_log_frontend_std_1) for nrf_log_frontend_std_1
    main.o(i.bsp_event_handler) refers to main.o(i.on_num_comp_button_press) for on_num_comp_button_press
    main.o(i.bsp_event_handler) refers to nrf_log_frontend.o(i.nrf_log_frontend_std_0) for nrf_log_frontend_std_0
    main.o(i.bsp_event_handler) refers to ble_alarm_c.o(i.ble_alarm_c_string_send) for ble_alarm_c_string_send
    main.o(i.bsp_event_handler) refers to nrf_log_frontend.o(log_const_data) for m_nrf_log_app_logs_data_const
    main.o(i.bsp_event_handler) refers to main.o(.bss) for .bss
    main.o(i.buttons_leds_init) refers to main.o(i.nrf_gpio_cfg) for nrf_gpio_cfg
    main.o(i.buttons_leds_init) refers to bsp.o(i.bsp_init) for bsp_init
    main.o(i.buttons_leds_init) refers to app_error.o(i.app_error_handler_bare) for app_error_handler_bare
    main.o(i.buttons_leds_init) refers to bsp_btn_ble.o(i.bsp_btn_ble_init) for bsp_btn_ble_init
    main.o(i.buttons_leds_init) refers to main.o(i.bsp_event_handler) for bsp_event_handler
    main.o(i.conn_params_error_handler) refers to app_error.o(i.app_error_handler_bare) for app_error_handler_bare
    main.o(i.db_disc_handler) refers to ble_alarm_c.o(i.ble_alarm_c_on_db_disc_evt) for ble_alarm_c_on_db_disc_evt
    main.o(i.db_disc_handler) refers to main.o(.bss) for .bss
    main.o(i.in_pin_handler) refers to ble_alarm_c.o(i.ble_alarm_c_string_send) for ble_alarm_c_string_send
    main.o(i.in_pin_handler) refers to main.o(.bss) for .bss
    main.o(i.main) refers to nrf_log_frontend.o(i.nrf_log_init) for nrf_log_init
    main.o(i.main) refers to app_error.o(i.app_error_handler_bare) for app_error_handler_bare
    main.o(i.main) refers to nrf_log_default_backends.o(i.nrf_log_default_backends_init) for nrf_log_default_backends_init
    main.o(i.main) refers to app_timer.o(i.app_timer_init) for app_timer_init
    main.o(i.main) refers to nrfx_gpiote.o(i.nrfx_gpiote_init) for nrfx_gpiote_init
    main.o(i.main) refers to nrfx_gpiote.o(i.nrfx_gpiote_out_init) for nrfx_gpiote_out_init
[...]
    0x0002c7c4   0x0002c7c4   0x00000014   Code   RO         8288    i.dropped_sat16_get  nrf_log_frontend.o
    0x0002c7d8   0x0002c7d8   0x00000040   Code   RO         6451    i.elapsed_ticks_acquire  app_timer.o
    0x0002c818   0x0002c818   0x0000000a   Code   RO         3465    i.encryption_failure  security_dispatcher.o
    0x0002c822   0x0002c822   0x0000000e   Code   RO         5033    i.entropy_callback  nrf_hw_backend_rng_mbedtls.o
    0x0002c830   0x0002c830   0x0000004c   Code   RO         7606    i.erase             nrf_fstorage_sd.o
    0x0002c87c   0x0002c87c   0x00000074   Code   RO         6698    i.event_prepare     fds.o
    0x0002c8f0   0x0002c8f0   0x00000020   Code   RO         6699    i.event_send        fds.o
    0x0002c910   0x0002c910   0x00000054   Code   RO         7607    i.event_send        nrf_fstorage_sd.o
    0x0002c964   0x0002c964   0x000000ac   Code   RO         3618    i.events_send_from_err_code  security_manager.o
    0x0002ca10   0x0002ca10   0x0000001c   Code   RO         1792    i.evt_send          gatt_cache_manager.o
    0x0002ca2c   0x0002ca2c   0x0000002c   Code   RO         3025    i.evt_send          peer_manager.o
    0x0002ca58   0x0002ca58   0x0000001c   Code   RO         3466    i.evt_send          security_dispatcher.o
    0x0002ca74   0x0002ca74   0x0000000c   Code   RO         3619    i.evt_send          security_manager.o
    0x0002ca80   0x0002ca80   0x000000ec   Code   RO         2672    i.fds_evt_handler   peer_data_storage.o
    0x0002cb6c   0x0002cb6c   0x00000044   Code   RO         6701    i.fds_file_delete   fds.o
    0x0002cbb0   0x0002cbb0   0x0000003c   Code   RO         6702    i.fds_gc            fds.o
    0x0002cbec   0x0002cbec   0x000000d0   Code   RO         6703    i.fds_init          fds.o
    0x0002ccbc   0x0002ccbc   0x00000040   Code   RO         6704    i.fds_record_close  fds.o
    0x0002ccfc   0x0002ccfc   0x0000000e   Code   RO         6706    i.fds_record_find   fds.o
    0x0002cd0a   0x0002cd0a   0x00000010   Code   RO         6707    i.fds_record_find_by_key  fds.o
    0x0002cd1a   0x0002cd1a   0x00000010   Code   RO         6708    i.fds_record_find_in_file  fds.o
    0x0002cd2a   0x0002cd2a   0x00000010   Code   RO         6709    i.fds_record_id_from_desc  fds.o
    0x0002cd3a   0x0002cd3a   0x00000002   PAD
    0x0002cd3c   0x0002cd3c   0x00000048   Code   RO         6711    i.fds_record_open   fds.o
    0x0002cd84   0x0002cd84   0x0000000e   Code   RO         6712    i.fds_record_update  fds.o
    0x0002cd92   0x0002cd92   0x00000008   Code   RO         6713    i.fds_record_write  fds.o
    0x0002cd9a   0x0002cd9a   0x00000002   PAD
    0x0002cd9c   0x0002cd9c   0x0000002c   Code   RO         6715    i.fds_register      fds.o
    0x0002cdc8   0x0002cdc8   0x00000014   Code   RO         2673    i.file_id_within_pm_range  peer_data_storage.o
    0x0002cddc   0x0002cddc   0x00000012   Code   RO         3467    i.flag_id_init      security_dispatcher.o
    0x0002cdee   0x0002cdee   0x00000012   Code   RO         3620    i.flag_id_init      security_manager.o
    0x0002ce00   0x0002ce00   0x00000028   Code   RO         1261    i.flags_set         ble_advertising.o
    0x0002ce28   0x0002ce28   0x00000030   Code   RO         3621    i.flags_set_from_err_code  security_manager.o
    0x0002ce58   0x0002ce58   0x00000030   Code   RO         1464    i.for_each_set_flag  ble_conn_state.o
    0x0002ce88   0x0002ce88   0x00000006   Code   RO         6719    i.fs_event_handler  fds.o
    0x0002ce8e   0x0002ce8e   0x00000002   PAD
    0x0002ce90   0x0002ce90   0x0000007c   Code   RO         6720    i.gc_execute        fds.o
    0x0002cf0c   0x0002cf0c   0x0000004c   Code   RO         6721    i.gc_next_page      fds.o
    0x0002cf58   0x0002cf58   0x00000040   Code   RO         6722    i.gc_page_erase     fds.o
    0x0002cf98   0x0002cf98   0x00000034   Code   RO         6723    i.gc_record_copy    fds.o
    0x0002cfcc   0x0002cfcc   0x00000024   Code   RO         6724    i.gc_record_find_next  fds.o
    0x0002cff0   0x0002cff0   0x00000088   Code   RO         6725    i.gc_state_advance  fds.o
    0x0002d078   0x0002d078   0x000001b8   Code   RO         1793    i.gcm_ble_evt_handler  gatt_cache_manager.o
    0x0002d230   0x0002d230   0x0000003c   Code   RO         1794    i.gcm_im_evt_handler  gatt_cache_manager.o
    0x0002d26c   0x0002d26c   0x0000007c   Code   RO         1795    i.gcm_init          gatt_cache_manager.o
    0x0002d2e8   0x0002d2e8   0x00000088   Code   RO         1798    i.gcm_pdb_evt_handler  gatt_cache_manager.o
    0x0002d370   0x0002d370   0x00000068   Code   RO         4495    i.generate          nrf_crypto_rng.o
    0x0002d3d8   0x0002d3d8   0x000000c8   Code   RO         4496    i.generate_in_range  nrf_crypto_rng.o
    0x0002d4a0   0x0002d4a0   0x00000084   Code   RO         6234    i.gpiote_event_handler  app_button.o
    0x0002d524   0x0002d524   0x0000001c   Code   RO         1948    i.gscm_db_change_notification_done  gatts_cache_manager.o
    0x0002d540   0x0002d540   0x00000014   Code   RO         1949    i.gscm_init         gatts_cache_manager.o
    0x0002d554   0x0002d554   0x00000090   Code   RO         1951    i.gscm_local_db_cache_apply  gatts_cache_manager.o
    0x0002d5e4   0x0002d5e4   0x000000ac   Code   RO         1952    i.gscm_local_db_cache_update  gatts_cache_manager.o
    0x0002d690   0x0002d690   0x00000018   Code   RO         1953    i.gscm_pdb_evt_handler  gatts_cache_manager.o
    0x0002d6a8   0x0002d6a8   0x0000001e   Code   RO         1954    i.gscm_service_changed_ind_needed  gatts_cache_manager.o
    0x0002d6c6   0x0002d6c6   0x00000002   PAD
    0x0002d6c8   0x0002d6c8   0x0000005c   Code   RO         1955    i.gscm_service_changed_ind_send  gatts_cache_manager.o
    0x0002d724   0x0002d724   0x00000026   Code   RO         6726    i.header_check      fds.o
    0x0002d74a   0x0002d74a   0x00000012   Code   RO         6727    i.header_has_next   fds.o
    0x0002d75c   0x0002d75c   0x00000046   Code   RO         2040    i.im_address_resolve  id_manager.o
    0x0002d7a2   0x0002d7a2   0x00000002   PAD
    0x0002d7a4   0x0002d7a4   0x00000038   Code   RO         2041    i.im_ble_addr_get   id_manager.o
    0x0002d7dc   0x0002d7dc   0x000000dc   Code   RO         2042    i.im_ble_evt_handler  id_manager.o
    0x0002d8b8   0x0002d8b8   0x00000040   Code   RO         2043    i.im_conn_handle_get  id_manager.o
    0x0002d8f8   0x0002d8f8   0x00000038   Code   RO         2045    i.im_find_duplicate_bonding_data  id_manager.o
    0x0002d930   0x0002d930   0x00000072   Code   RO         2048    i.im_is_duplicate_bonding_data  id_manager.o
    0x0002d9a2   0x0002d9a2   0x00000018   Code   RO         2049    i.im_master_id_is_valid  id_manager.o
    0x0002d9ba   0x0002d9ba   0x0000002a   Code   RO         2050    i.im_master_ids_compare  id_manager.o
    0x0002d9e4   0x0002d9e4   0x00000014   Code   RO         2051    i.im_new_peer_id    id_manager.o
    0x0002d9f8   0x0002d9f8   0x0000002c   Code   RO         2052    i.im_peer_free      id_manager.o
    0x0002da24   0x0002da24   0x00000024   Code   RO         2053    i.im_peer_id_get_by_conn_handle  id_manager.o
    0x0002da48   0x0002da48   0x0000003c   Code   RO         2054    i.im_peer_id_get_by_master_id  id_manager.o
    0x0002da84   0x0002da84   0x00000028   Code   RO           12    i.in_pin_handler    main.o
    0x0002daac   0x0002daac   0x00000034   Code   RO         7608    i.init              nrf_fstorage_sd.o
    0x0002dae0   0x0002dae0   0x000000c8   Code   RO         6728    i.init_execute      fds.o
    0x0002dba8   0x0002dba8   0x00000014   Code   RO         1361    i.instance_get      ble_conn_params.o
    0x0002dbbc   0x0002dbbc   0x000000a6   Code   RO         7480    i.int_print         nrf_fprintf_format.o
    0x0002dc62   0x0002dc62   0x00000002   PAD
    0x0002dc64   0x0002dc64   0x00000080   Code   RO         5829    i.interrupts_enable  nrfx_uarte.o
    0x0002dce4   0x0002dce4   0x00000034   Code   RO         8289    i.invalid_packets_omit  nrf_log_frontend.o
    0x0002dd18   0x0002dd18   0x00000010   Code   RO         7609    i.is_busy           nrf_fstorage_sd.o
    0x0002dd28   0x0002dd28   0x00000044   Code   RO         1362    i.is_conn_params_ok  ble_conn_params.o
    0x0002dd6c   0x0002dd6c   0x0000004c   Code   RO         1615    i.is_desc_discovery_reqd  ble_db_discovery.o
    0x0002ddb8   0x0002ddb8   0x00000014   Code   RO         2059    i.is_valid_irk      id_manager.o
    0x0002ddcc   0x0002ddcc   0x00000024   Code   RO         4497    i.is_vector_greater_or_equal  nrf_crypto_rng.o
    0x0002ddf0   0x0002ddf0   0x00000018   Code   RO         2553    i.is_whitelist_used  nrf_ble_scan.o
    0x0002de08   0x0002de08   0x0000000c   Code   RO         6729    i.is_word_aligned   fds.o
    0x0002de14   0x0002de14   0x00000030   Code   RO          907    i.leds_off          bsp.o
    0x0002de44   0x0002de44   0x00000014   Code   RO          908    i.leds_timer_handler  bsp.o
    0x0002de58   0x0002de58   0x00000014   Code   RO         2205    i.link_init         nrf_ble_gatt.o
    0x0002de6c   0x0002de6c   0x000000d0   Code   RO         3622    i.link_secure       security_manager.o
    0x0002df3c   0x0002df3c   0x0000000a   Code   RO         3468    i.link_secure_authenticate  security_dispatcher.o
    0x0002df46   0x0002df46   0x00000002   PAD
    0x0002df48   0x0002df48   0x00000068   Code   RO         3469    i.link_secure_central  security_dispatcher.o
    0x0002dfb0   0x0002dfb0   0x00000094   Code   RO         3470    i.link_secure_central_encryption  security_dispatcher.o
    0x0002e044   0x0002e044   0x0000003c   Code   RO         3471    i.link_secure_failure  security_dispatcher.o
    0x0002e080   0x0002e080   0x0000002c   Code   RO         3623    i.link_secure_pending_handle  security_manager.o
    0x0002e0ac   0x0002e0ac   0x000000f8   Code   RO         6452    i.list_insertions_handler  app_timer.o
    0x0002e1a4   0x0002e1a4   0x000000a8   Code   RO         1799    i.local_db_apply_in_evt  gatt_cache_manager.o
    0x0002e24c   0x0002e24c   0x00000010   Code   RO         1800    i.local_db_update   gatt_cache_manager.o
    0x0002e25c   0x0002e25c   0x0000010c   Code   RO         1801    i.local_db_update_in_evt  gatt_cache_manager.o
    0x0002e368   0x0002e368   0x0000009c   Code   RO         8290    i.log_skip          nrf_log_frontend.o
    0x0002e404   0x0002e404   0x000002ac   Code   RO           13    i.main              main.o
    0x0002e6b0   0x0002e6b0   0x00000064   Code   RO         1150    i.manuf_specific_data_encode  ble_advdata.o
    0x0002e714   0x0002e714   0x0000001a   Code   RO         9097    i.mbedtls_aes_crypt_ecb  aes.o
    0x0002e72e   0x0002e72e   0x00000002   PAD
    0x0002e730   0x0002e730   0x000003c8   Code   RO         9098    i.mbedtls_aes_decrypt  aes.o
    0x0002eaf8   0x0002eaf8   0x000003c8   Code   RO         9099    i.mbedtls_aes_encrypt  aes.o
    0x0002eec0   0x0002eec0   0x00000016   Code   RO         9100    i.mbedtls_aes_free  aes.o
    0x0002eed6   0x0002eed6   0x00000008   Code   RO         9101    i.mbedtls_aes_init  aes.o
    0x0002eede   0x0002eede   0x00000002   PAD
    0x0002eee0   0x0002eee0   0x0000019c   Code   RO         9103    i.mbedtls_aes_setkey_enc  aes.o
    0x0002f07c   0x0002f07c   0x0000001e   Code   RO         9173    i.mbedtls_ctr_drbg_free  ctr_drbg.o
    0x0002f09a   0x0002f09a   0x00000008   Code   RO         9174    i.mbedtls_ctr_drbg_init  ctr_drbg.o
    0x0002f0a2   0x0002f0a2   0x0000000c   Code   RO         9175    i.mbedtls_ctr_drbg_random  ctr_drbg.o
    0x0002f0ae   0x0002f0ae   0x000000ba   Code   RO         9176    i.mbedtls_ctr_drbg_random_with_add  ctr_drbg.o
    0x0002f168   0x0002f168   0x0000006a   Code   RO         9177    i.mbedtls_ctr_drbg_reseed  ctr_drbg.o
    0x0002f1d2   0x0002f1d2   0x00000010   Code   RO         9178    i.mbedtls_ctr_drbg_seed  ctr_drbg.o
    0x0002f1e2   0x0002f1e2   0x0000004c   Code   RO         9179    i.mbedtls_ctr_drbg_seed_entropy_len  ctr_drbg.o
    0x0002f22e   0x0002f22e   0x0000007e   Code   RO         7718    i.memobj_op         nrf_memobj.o
    0x0002f2ac   0x0002f2ac   0x00000030   Code   RO         8291    i.module_idx_get    nrf_log_frontend.o
    0x0002f2dc   0x0002f2dc   0x00000008   Code   RO         3415    i.mutex_lock_status_get  pm_buffer.o
    0x0002f2e4   0x0002f2e4   0x000000a6   Code   RO         1151    i.name_encode       ble_advdata.o
    0x0002f38a   0x0002f38a   0x00000002   PAD
    0x0002f38c   0x0002f38c   0x00000014   Code   RO         3624    i.new_context_get   security_manager.o
    0x0002f3a0   0x0002f3a0   0x00000030   Code   RO         2935    i.next_id_get       peer_id.o
    0x0002f3d0   0x0002f3d0   0x00000010   Code   RO         7133    i.nrf_atfifo_clear  nrf_atfifo.o
    0x0002f3e0   0x0002f3e0   0x00000026   Code   RO         7135    i.nrf_atfifo_init   nrf_atfifo.o
    0x0002f406   0x0002f406   0x00000016   Code   RO         7136    i.nrf_atfifo_item_alloc  nrf_atfifo.o
    0x0002f41c   0x0002f41c   0x00000016   Code   RO         7137    i.nrf_atfifo_item_free  nrf_atfifo.o
    0x0002f432   0x0002f432   0x00000016   Code   RO         7138    i.nrf_atfifo_item_get  nrf_atfifo.o
    0x0002f448   0x0002f448   0x00000016   Code   RO         7139    i.nrf_atfifo_item_put  nrf_atfifo.o
    0x0002f45e   0x0002f45e   0x00000016   Code   RO         7201    i.nrf_atflags_clear  nrf_atflags.o
    0x0002f474   0x0002f474   0x00000020   Code   RO         7203    i.nrf_atflags_fetch_set  nrf_atflags.o
    0x0002f494   0x0002f494   0x0000004a   Code   RO         7205    i.nrf_atflags_find_and_set_flag  nrf_atflags.o
    0x0002f4de   0x0002f4de   0x00000016   Code   RO         7206    i.nrf_atflags_get   nrf_atflags.o
    0x0002f4f4   0x0002f4f4   0x00000014   Code   RO         7208    i.nrf_atflags_set   nrf_atflags.o
    0x0002f508   0x0002f508   0x00000006   Code   RO         7268    i.nrf_atomic_flag_clear  nrf_atomic.o
    0x0002f50e   0x0002f50e   0x00000006   Code   RO         7269    i.nrf_atomic_flag_clear_fetch  nrf_atomic.o
    0x0002f514   0x0002f514   0x00000006   Code   RO         7270    i.nrf_atomic_flag_set  nrf_atomic.o
    0x0002f51a   0x0002f51a   0x00000006   Code   RO         7271    i.nrf_atomic_flag_set_fetch  nrf_atomic.o
    0x0002f520   0x0002f520   0x0000000c   Code   RO         7272    i.nrf_atomic_u32_add  nrf_atomic.o
    0x0002f52c   0x0002f52c   0x0000000c   Code   RO         7273    i.nrf_atomic_u32_and  nrf_atomic.o
    0x0002f538   0x0002f538   0x0000000a   Code   RO         7275    i.nrf_atomic_u32_fetch_add  nrf_atomic.o
    0x0002f542   0x0002f542   0x0000000a   Code   RO         7276    i.nrf_atomic_u32_fetch_and  nrf_atomic.o
    0x0002f54c   0x0002f54c   0x0000000a   Code   RO         7277    i.nrf_atomic_u32_fetch_or  nrf_atomic.o
    0x0002f556   0x0002f556   0x0000000a   Code   RO         7278    i.nrf_atomic_u32_fetch_store  nrf_atomic.o
    0x0002f560   0x0002f560   0x0000000c   Code   RO         7282    i.nrf_atomic_u32_or  nrf_atomic.o
    0x0002f56c   0x0002f56c   0x0000000c   Code   RO         7284    i.nrf_atomic_u32_sub  nrf_atomic.o
    0x0002f578   0x0002f578   0x00000044   Code   RO         7403    i.nrf_balloc_alloc  nrf_balloc.o
    0x0002f5bc   0x0002f5bc   0x00000030   Code   RO         7404    i.nrf_balloc_free   nrf_balloc.o
    0x0002f5ec   0x0002f5ec   0x00000030   Code   RO         7405    i.nrf_balloc_init   nrf_balloc.o
    0x0002f61c   0x0002f61c   0x00000010   Code   RO         5248    i.nrf_bitmask_bit_is_set  nrfx_gpiote.o
    0x0002f62c   0x0002f62c   0x00000014   Code   RO         5249    i.nrf_bitmask_bit_set  nrfx_gpiote.o
    0x0002f640   0x0002f640   0x0000002c   Code   RO         2211    i.nrf_ble_gatt_init  nrf_ble_gatt.o
    0x0002f66c   0x0002f66c   0x00000170   Code   RO         2212    i.nrf_ble_gatt_on_ble_evt  nrf_ble_gatt.o
    0x0002f7dc   0x0002f7dc   0x00000074   Code   RO         2307    i.nrf_ble_lesc_init  nrf_ble_lesc.o
    0x0002f850   0x0002f850   0x0000015c   Code   RO         2308    i.nrf_ble_lesc_keypair_generate  nrf_ble_lesc.o
    0x0002f9ac   0x0002f9ac   0x00000044   Code   RO         2309    i.nrf_ble_lesc_on_ble_evt  nrf_ble_lesc.o
    0x0002f9f0   0x0002f9f0   0x0000003c   Code   RO         2310    i.nrf_ble_lesc_public_key_get  nrf_ble_lesc.o
    0x0002fa2c   0x0002fa2c   0x0000004c   Code   RO         2311    i.nrf_ble_lesc_request_handler  nrf_ble_lesc.o
    0x0002fa78   0x0002fa78   0x00000016   Code   RO         2509    i.nrf_ble_qwr_conn_handle_assign  nrf_ble_qwr.o
    0x0002fa8e   0x0002fa8e   0x00000024   Code   RO         2510    i.nrf_ble_qwr_init  nrf_ble_qwr.o
    0x0002fab2   0x0002fab2   0x000000b6   Code   RO         2511    i.nrf_ble_qwr_on_ble_evt  nrf_ble_qwr.o
    0x0002fb68   0x0002fb68   0x00000018   Code   RO         2554    i.nrf_ble_scan_all_filter_remove  nrf_ble_scan.o
    0x0002fb80   0x0002fb80   0x00000050   Code   RO         2555    i.nrf_ble_scan_connect_with_target  nrf_ble_scan.o
    0x0002fbd0   0x0002fbd0   0x00000012   Code   RO         2557    i.nrf_ble_scan_default_conn_param_set  nrf_ble_scan.o
    0x0002fbe2   0x0002fbe2   0x00000020   Code   RO         2558    i.nrf_ble_scan_default_param_set  nrf_ble_scan.o
    0x0002fc02   0x0002fc02   0x00000002   PAD
    0x0002fc04   0x0002fc04   0x000000a6   Code   RO         2560    i.nrf_ble_scan_filter_set  nrf_ble_scan.o
    0x0002fcaa   0x0002fcaa   0x00000014   Code   RO         2561    i.nrf_ble_scan_filters_disable  nrf_ble_scan.o
    0x0002fcbe   0x0002fcbe   0x00000046   Code   RO         2562    i.nrf_ble_scan_filters_enable  nrf_ble_scan.o
    0x0002fd04   0x0002fd04   0x00000070   Code   RO         2563    i.nrf_ble_scan_init  nrf_ble_scan.o
    0x0002fd74   0x0002fd74   0x0000014a   Code   RO         2564    i.nrf_ble_scan_on_adv_report  nrf_ble_scan.o
    0x0002febe   0x0002febe   0x000000ae   Code   RO         2565    i.nrf_ble_scan_on_ble_evt  nrf_ble_scan.o
    0x0002ff6c   0x0002ff6c   0x00000088   Code   RO         2567    i.nrf_ble_scan_start  nrf_ble_scan.o
    0x0002fff4   0x0002fff4   0x00000010   Code   RO         4784    i.nrf_crypto_backend_curve25519_ecdh_compute  oberon_backend_ecdh.o
    0x00030004   0x00030004   0x0000003a   Code   RO         4662    i.nrf_crypto_backend_curve25519_key_pair_generate  oberon_backend_ecc.o
    0x0003003e   0x0003003e   0x00000010   Code   RO         4663    i.nrf_crypto_backend_curve25519_public_key_calculate  oberon_backend_ecc.o
    0x0003004e   0x0003004e   0x00000032   Code   RO         4664    i.nrf_crypto_backend_ed25519_key_pair_generate  oberon_backend_ecc.o
    0x00030080   0x00030080   0x0000001c   Code   RO         4665    i.nrf_crypto_backend_ed25519_private_key_from_raw  oberon_backend_ecc.o
    0x0003009c   0x0003009c   0x00000012   Code   RO         4666    i.nrf_crypto_backend_ed25519_public_key_calculate  oberon_backend_ecc.o
    0x000300ae   0x000300ae   0x00000002   PAD
    0x000300b0   0x000300b0   0x00000010   Code   RO         4667    i.nrf_crypto_backend_oberon_ecc_secp256r1_rng  oberon_backend_ecc.o
    0x000300c0   0x000300c0   0x00000010   Code   RO         4668    i.nrf_crypto_backend_oberon_private_key_from_raw  oberon_backend_ecc.o
    0x000300d0   0x000300d0   0x00000016   Code   RO         4669    i.nrf_crypto_backend_oberon_private_key_to_raw  oberon_backend_ecc.o
    0x000300e6   0x000300e6   0x00000010   Code   RO         4670    i.nrf_crypto_backend_oberon_public_key_from_raw  oberon_backend_ecc.o
    0x000300f6   0x000300f6   0x00000016   Code   RO         4671    i.nrf_crypto_backend_oberon_public_key_to_raw  oberon_backend_ecc.o
    0x0003010c   0x0003010c   0x00000016   Code   RO         4785    i.nrf_crypto_backend_secp256r1_ecdh_compute  oberon_backend_ecdh.o
    0x00030122   0x00030122   0x00000026   Code   RO         4672    i.nrf_crypto_backend_secp256r1_key_pair_generate  oberon_backend_ecc.o
    0x00030148   0x00030148   0x00000016   Code   RO         4673    i.nrf_crypto_backend_secp256r1_public_key_calculate  oberon_backend_ecc.o
    0x0003015e   0x0003015e   0x00000048   Code   RO         4067    i.nrf_crypto_ecc_byte_order_invert  nrf_crypto_ecc.o
    0x000301a6   0x000301a6   0x00000002   PAD
    0x000301a8   0x000301a8   0x00000088   Code   RO         4069    i.nrf_crypto_ecc_key_pair_generate  nrf_crypto_ecc.o
    0x00030230   0x00030230   0x00000048   Code   RO         4075    i.nrf_crypto_ecc_public_key_from_raw  nrf_crypto_ecc.o
    0x00030278   0x00030278   0x00000044   Code   RO         4076    i.nrf_crypto_ecc_public_key_to_raw  nrf_crypto_ecc.o
    0x000302bc   0x000302bc   0x000000a0   Code   RO         4168    i.nrf_crypto_ecdh_compute  nrf_crypto_ecdh.o
    0x0003035c   0x0003035c   0x00000040   Code   RO         4450    i.nrf_crypto_init   nrf_crypto_init.o
    0x0003039c   0x0003039c   0x00000018   Code   RO         4077    i.nrf_crypto_internal_ecc_key_input_check  nrf_crypto_ecc.o
    0x000303b4   0x000303b4   0x0000001a   Code   RO         4078    i.nrf_crypto_internal_ecc_key_output_prepare  nrf_crypto_ecc.o
    0x000303ce   0x000303ce   0x00000016   Code   RO         4079    i.nrf_crypto_internal_ecc_raw_input_check  nrf_crypto_ecc.o
    0x000303e4   0x000303e4   0x0000001c   Code   RO         4080    i.nrf_crypto_internal_ecc_raw_output_prepare  nrf_crypto_ecc.o
    0x00030400   0x00030400   0x0000001c   Code   RO         4452    i.nrf_crypto_is_initializing  nrf_crypto_init.o
    0x0003041c   0x0003041c   0x00000034   Code   RO         5034    i.nrf_crypto_rng_backend_init  nrf_hw_backend_rng_mbedtls.o
    0x00030450   0x00030450   0x00000014   Code   RO         5035    i.nrf_crypto_rng_backend_reseed  nrf_hw_backend_rng_mbedtls.o
    0x00030464   0x00030464   0x00000010   Code   RO         5036    i.nrf_crypto_rng_backend_uninit  nrf_hw_backend_rng_mbedtls.o
    0x00030474   0x00030474   0x00000010   Code   RO         5037    i.nrf_crypto_rng_backend_vector_generate  nrf_hw_backend_rng_mbedtls.o
    0x00030484   0x00030484   0x000000b4   Code   RO         4498    i.nrf_crypto_rng_init  nrf_crypto_rng.o
    0x00030538   0x00030538   0x00000098   Code   RO         4499    i.nrf_crypto_rng_reseed  nrf_crypto_rng.o
    0x000305d0   0x000305d0   0x00000038   Code   RO         4500    i.nrf_crypto_rng_uninit  nrf_crypto_rng.o
    0x00030608   0x00030608   0x00000006   Code   RO         4501    i.nrf_crypto_rng_vector_generate  nrf_crypto_rng.o
    0x0003060e   0x0003060e   0x0000000c   Code   RO         4502    i.nrf_crypto_rng_vector_generate_in_range  nrf_crypto_rng.o
    0x0003061a   0x0003061a   0x00000028   Code   RO         5112    i.nrf_drv_rng_block_rand  nrf_drv_rng.o
    0x00030642   0x00030642   0x00000002   PAD
    0x00030644   0x00030644   0x00000058   Code   RO         5114    i.nrf_drv_rng_init  nrf_drv_rng.o
    0x0003069c   0x0003069c   0x00000060   Code   RO         5115    i.nrf_drv_rng_rand  nrf_drv_rng.o
    0x000306fc   0x000306fc   0x00000038   Code   RO         5116    i.nrf_drv_rng_uninit  nrf_drv_rng.o
    0x00030734   0x00030734   0x00000068   Code   RO         5192    i.nrf_drv_uart_init  nrf_drv_uart.o
    0x0003079c   0x0003079c   0x0000001a   Code   RO         7440    i.nrf_fprintf       nrf_fprintf.o
    0x000307b6   0x000307b6   0x00000018   Code   RO         7441    i.nrf_fprintf_buffer_flush  nrf_fprintf.o
    0x000307ce   0x000307ce   0x000001da   Code   RO         7481    i.nrf_fprintf_fmt   nrf_fprintf_format.o
    0x000309a8   0x000309a8   0x00000138   Code   RO         7521    i.nrf_fstorage_erase  nrf_fstorage.o
    0x00030ae0   0x00030ae0   0x00000094   Code   RO         7522    i.nrf_fstorage_init  nrf_fstorage.o
    0x00030b74   0x00030b74   0x00000018   Code   RO         7610    i.nrf_fstorage_sdh_req_handler  nrf_fstorage_sd.o
    0x00030b8c   0x00030b8c   0x00000020   Code   RO         7611    i.nrf_fstorage_sdh_state_handler  nrf_fstorage_sd.o
    0x00030bac   0x00030bac   0x000000a4   Code   RO         7612    i.nrf_fstorage_sys_evt_handler  nrf_fstorage_sd.o
    0x00030c50   0x00030c50   0x000001dc   Code   RO         7528    i.nrf_fstorage_write  nrf_fstorage.o
    0x00030e2c   0x00030e2c   0x00000024   Code   RO           14    i.nrf_gpio_cfg      main.o
    0x00030e50   0x00030e50   0x00000024   Code   RO          755    i.nrf_gpio_cfg      boards.o
    0x00030e74   0x00030e74   0x00000024   Code   RO         5250    i.nrf_gpio_cfg      nrfx_gpiote.o
    0x00030e98   0x00030e98   0x00000024   Code   RO         5641    i.nrf_gpio_cfg      nrfx_uart.o
    0x00030ebc   0x00030ebc   0x00000024   Code   RO         5830    i.nrf_gpio_cfg      nrfx_uarte.o
    0x00030ee0   0x00030ee0   0x00000012   Code   RO         5642    i.nrf_gpio_cfg_default  nrfx_uart.o
    0x00030ef2   0x00030ef2   0x00000012   Code   RO         5831    i.nrf_gpio_cfg_default  nrfx_uarte.o
    0x00030f04   0x00030f04   0x00000012   Code   RO         5643    i.nrf_gpio_cfg_input  nrfx_uart.o
    0x00030f16   0x00030f16   0x00000012   Code   RO         5832    i.nrf_gpio_cfg_input  nrfx_uarte.o
    0x00030f28   0x00030f28   0x00000014   Code   RO         5644    i.nrf_gpio_cfg_output  nrfx_uart.o
    0x00030f3c   0x00030f3c   0x00000014   Code   RO         5833    i.nrf_gpio_cfg_output  nrfx_uarte.o
    0x00030f50   0x00030f50   0x00000022   Code   RO         5252    i.nrf_gpio_cfg_sense_set  nrfx_gpiote.o
    0x00030f72   0x00030f72   0x00000016   Code   RO          756    i.nrf_gpio_pin_write  boards.o
    0x00030f88   0x00030f88   0x00000028   Code   RO         5253    i.nrf_gpio_ports_read  nrfx_gpiote.o
    0x00030fb0   0x00030fb0   0x00000014   Code   RO         5254    i.nrf_gpiote_event_clear  nrfx_gpiote.o
    0x00030fc4   0x00030fc4   0x00000010   Code   RO         5255    i.nrf_gpiote_event_is_set  nrfx_gpiote.o
    0x00030fd4   0x00030fd4   0x00000008   Code   RO         4984    i.nrf_hw_backend_init  nrf_hw_backend_init.o
    0x00030fdc   0x00030fdc   0x00000004   Code   RO         4985    i.nrf_hw_backend_uninit  nrf_hw_backend_init.o
    0x00030fe0   0x00030fe0   0x0000005c   Code   RO         8292    i.nrf_log_backend_add  nrf_log_frontend.o
    0x0003103c   0x0003103c   0x000000c8   Code   RO         8131    i.nrf_log_backend_serial_put  nrf_log_backend_serial.o
    0x00031104   0x00031104   0x00000002   Code   RO         8171    i.nrf_log_backend_uart_flush  nrf_log_backend_uart.o
    0x00031106   0x00031106   0x00000006   Code   RO         8172    i.nrf_log_backend_uart_init  nrf_log_backend_uart.o
    0x0003110c   0x0003110c   0x0000002c   Code   RO         8173    i.nrf_log_backend_uart_panic_set  nrf_log_backend_uart.o
    0x00031138   0x00031138   0x00000018   Code   RO         8174    i.nrf_log_backend_uart_put  nrf_log_backend_uart.o
    0x00031150   0x00031150   0x00000030   Code   RO         8294    i.nrf_log_color_id_get  nrf_log_frontend.o
    0x00031180   0x00031180   0x0000001c   Code   RO         8250    i.nrf_log_default_backends_init  nrf_log_default_backends.o
    0x0003119c   0x0003119c   0x00000234   Code   RO         8295    i.nrf_log_frontend_dequeue  nrf_log_frontend.o
    0x000313d0   0x000313d0   0x00000008   Code   RO         8297    i.nrf_log_frontend_std_0  nrf_log_frontend.o
    0x000313d8   0x000313d8   0x0000000e   Code   RO         8298    i.nrf_log_frontend_std_1  nrf_log_frontend.o
    0x000313e6   0x000313e6   0x00000010   Code   RO         8299    i.nrf_log_frontend_std_2  nrf_log_frontend.o
    0x000313f6   0x000313f6   0x00000012   Code   RO         8300    i.nrf_log_frontend_std_3  nrf_log_frontend.o
    0x00031408   0x00031408   0x00000014   Code   RO         8301    i.nrf_log_frontend_std_4  nrf_log_frontend.o
    0x0003141c   0x0003141c   0x0000001c   Code   RO         8303    i.nrf_log_frontend_std_6  nrf_log_frontend.o
    0x00031438   0x00031438   0x000000ac   Code   RO         8472    i.nrf_log_hexdump_entry_process  nrf_log_str_formatter.o
    0x000314e4   0x000314e4   0x0000003c   Code   RO         8304    i.nrf_log_init      nrf_log_frontend.o
    0x00031520   0x00031520   0x00000014   Code   RO         8305    i.nrf_log_module_cnt_get  nrf_log_frontend.o
    0x00031534   0x00031534   0x0000001c   Code   RO         8308    i.nrf_log_module_name_get  nrf_log_frontend.o
    0x00031550   0x00031550   0x0000002c   Code   RO         8309    i.nrf_log_panic     nrf_log_frontend.o
    0x0003157c   0x0003157c   0x00000060   Code   RO         8310    i.nrf_log_push      nrf_log_frontend.o
    0x000315dc   0x000315dc   0x000000b6   Code   RO         8473    i.nrf_log_std_entry_process  nrf_log_str_formatter.o
    0x00031692   0x00031692   0x00000060   Code   RO         7719    i.nrf_memobj_alloc  nrf_memobj.o
    0x000316f2   0x000316f2   0x00000032   Code   RO         7720    i.nrf_memobj_free   nrf_memobj.o
    0x00031724   0x00031724   0x00000008   Code   RO         7721    i.nrf_memobj_get    nrf_memobj.o
    0x0003172c   0x0003172c   0x00000004   Code   RO         7722    i.nrf_memobj_pool_init  nrf_memobj.o
    0x00031730   0x00031730   0x0000001e   Code   RO         7723    i.nrf_memobj_put    nrf_memobj.o
    0x0003174e   0x0003174e   0x00000010   Code   RO         7724    i.nrf_memobj_read   nrf_memobj.o
    0x0003175e   0x0003175e   0x00000010   Code   RO         7725    i.nrf_memobj_write  nrf_memobj.o
    0x0003176e   0x0003176e   0x00000002   PAD
    0x00031770   0x00031770   0x00000028   Code   RO         7797    i.nrf_pwr_mgmt_init  nrf_pwr_mgmt.o
    0x00031798   0x00031798   0x00000044   Code   RO         7798    i.nrf_pwr_mgmt_run  nrf_pwr_mgmt.o
    0x000317dc   0x000317dc   0x0000001e   Code   RO         7873    i.nrf_queue_is_full  nrf_queue.o
    0x000317fa   0x000317fa   0x0000000e   Code   RO         7876    i.nrf_queue_next_idx  nrf_queue.o
    0x00031808   0x00031808   0x000000b2   Code   RO         7878    i.nrf_queue_push    nrf_queue.o
    0x000318ba   0x000318ba   0x0000003e   Code   RO         7879    i.nrf_queue_read    nrf_queue.o
    0x000318f8   0x000318f8   0x00000022   Code   RO         7880    i.nrf_queue_reset   nrf_queue.o
    0x0003191a   0x0003191a   0x00000004   Code   RO           15    i.nrf_qwr_error_handler  main.o
    0x0003191e   0x0003191e   0x00000070   Code   RO         7982    i.nrf_ringbuf_alloc  nrf_ringbuf.o
    0x0003198e   0x0003198e   0x00000026   Code   RO         7985    i.nrf_ringbuf_free  nrf_ringbuf.o
    0x000319b4   0x000319b4   0x0000001c   Code   RO         7987    i.nrf_ringbuf_init  nrf_ringbuf.o
    0x000319d0   0x000319d0   0x00000030   Code   RO         7988    i.nrf_ringbuf_put   nrf_ringbuf.o
    0x00031a00   0x00031a00   0x00000014   Code   RO         9007    i.nrf_sdh_ble_app_ram_start_get  nrf_sdh_ble.o
    0x00031a14   0x00031a14   0x00000104   Code   RO         9008    i.nrf_sdh_ble_default_cfg_set  nrf_sdh_ble.o
    0x00031b18   0x00031b18   0x00000130   Code   RO         9009    i.nrf_sdh_ble_enable  nrf_sdh_ble.o
    0x00031c48   0x00031c48   0x0000005c   Code   RO         9010    i.nrf_sdh_ble_evts_poll  nrf_sdh_ble.o
    0x00031ca4   0x00031ca4   0x00000054   Code   RO         8888    i.nrf_sdh_disable_request  nrf_sdh.o
    0x00031cf8   0x00031cf8   0x00000074   Code   RO         8889    i.nrf_sdh_enable_request  nrf_sdh.o
    0x00031d6c   0x00031d6c   0x00000024   Code   RO         8890    i.nrf_sdh_evts_poll  nrf_sdh.o
    0x00031d90   0x00031d90   0x0000000c   Code   RO         8891    i.nrf_sdh_is_enabled  nrf_sdh.o
    0x00031d9c   0x00031d9c   0x0000001c   Code   RO         8893    i.nrf_sdh_request_continue  nrf_sdh.o
    0x00031db8   0x00031db8   0x0000003c   Code   RO         9061    i.nrf_sdh_soc_evts_poll  nrf_sdh_soc.o
    0x00031df4   0x00031df4   0x0000000a   Code   RO         8045    i.nrf_section_iter_init  nrf_section_iter.o
    0x00031dfe   0x00031dfe   0x00000024   Code   RO         8046    i.nrf_section_iter_item_set  nrf_section_iter.o
    0x00031e22   0x00031e22   0x00000020   Code   RO         8047    i.nrf_section_iter_next  nrf_section_iter.o
    0x00031e42   0x00031e42   0x00000002   PAD
    0x00031e44   0x00031e44   0x00000014   Code   RO         4505    i.nrf_stack_info_overflowed  nrf_crypto_rng.o
    0x00031e58   0x00031e58   0x00000038   Code   RO         8080    i.nrf_strerror_find  nrf_strerror.o
    0x00031e90   0x00031e90   0x00000014   Code   RO         8081    i.nrf_strerror_get  nrf_strerror.o
    0x00031ea4   0x00031ea4   0x0000000a   Code   RO         6054    i.nrf_twi_event_check  nrfx_twi.o
    0x00031eae   0x00031eae   0x0000000c   Code   RO         6055    i.nrf_twi_event_clear  nrfx_twi.o
    0x00031eba   0x00031eba   0x0000000a   Code   RO         5645    i.nrf_uart_event_check  nrfx_uart.o
    0x00031ec4   0x00031ec4   0x0000000c   Code   RO         5646    i.nrf_uart_event_clear  nrfx_uart.o
    0x00031ed0   0x00031ed0   0x0000000c   Code   RO         5647    i.nrf_uart_int_enable_check  nrfx_uart.o
    0x00031edc   0x00031edc   0x0000000a   Code   RO         5834    i.nrf_uarte_event_check  nrfx_uarte.o
    0x00031ee6   0x00031ee6   0x0000000c   Code   RO         5835    i.nrf_uarte_event_clear  nrfx_uarte.o
    0x00031ef2   0x00031ef2   0x00000002   PAD
    0x00031ef4   0x00031ef4   0x00000010   Code   RO         6453    i.nrfx_coredep_delay_us  app_timer.o
    0x00031f04   0x00031f04   0x000000a4   Code   RO         5260    i.nrfx_gpiote_in_event_enable  nrfx_gpiote.o
    0x00031fa8   0x00031fa8   0x000000d0   Code   RO         5261    i.nrfx_gpiote_in_init  nrfx_gpiote.o
    0x00032078   0x00032078   0x00000014   Code   RO         5262    i.nrfx_gpiote_in_is_set  nrfx_gpiote.o
    0x0003208c   0x0003208c   0x00000070   Code   RO         5264    i.nrfx_gpiote_init  nrfx_gpiote.o
    0x000320fc   0x000320fc   0x00000014   Code   RO         5265    i.nrfx_gpiote_is_init  nrfx_gpiote.o
    0x00032110   0x00032110   0x000000c0   Code   RO         5267    i.nrfx_gpiote_out_init  nrfx_gpiote.o
    0x000321d0   0x000321d0   0x00000010   Code   RO         5836    i.nrfx_is_in_ram    nrfx_uarte.o
    0x000321e0   0x000321e0   0x0000003a   Code   RO         5517    i.nrfx_prs_acquire  nrfx_prs.o
    0x0003221a   0x0003221a   0x00000012   Code   RO         5518    i.nrfx_prs_release  nrfx_prs.o
    0x0003222c   0x0003222c   0x00000038   Code   RO         5117    i.nrfx_rng_handler  nrf_drv_rng.o
    0x00032264   0x00032264   0x0000005c   Code   RO         5571    i.nrfx_rng_init     nrfx_rng.o
    0x000322c0   0x000322c0   0x00000020   Code   RO         5572    i.nrfx_rng_start    nrfx_rng.o
    0x000322e0   0x000322e0   0x00000014   Code   RO         5573    i.nrfx_rng_stop     nrfx_rng.o
    0x000322f4   0x000322f4   0x00000028   Code   RO         5574    i.nrfx_rng_uninit   nrfx_rng.o
    0x0003231c   0x0003231c   0x00000010   Code   RO         5648    i.nrfx_uart_0_irq_handler  nrfx_uart.o
    0x0003232c   0x0003232c   0x000000d4   Code   RO         5650    i.nrfx_uart_init    nrfx_uart.o
    0x00032400   0x00032400   0x000000a4   Code   RO         5656    i.nrfx_uart_tx      nrfx_uart.o
    0x000324a4   0x000324a4   0x00000020   Code   RO         5658    i.nrfx_uart_tx_in_progress  nrfx_uart.o
    0x000324c4   0x000324c4   0x000000b4   Code   RO         5659    i.nrfx_uart_uninit  nrfx_uart.o
    0x00032578   0x00032578   0x00000010   Code   RO         5837    i.nrfx_uarte_0_irq_handler  nrfx_uarte.o
    0x00032588   0x00032588   0x0000006c   Code   RO         5839    i.nrfx_uarte_init   nrfx_uarte.o
    0x000325f4   0x000325f4   0x00000090   Code   RO         5843    i.nrfx_uarte_tx     nrfx_uarte.o
    0x00032684   0x00032684   0x0000001c   Code   RO         5845    i.nrfx_uarte_tx_in_progress  nrfx_uarte.o
    0x000326a0   0x000326a0   0x000000b0   Code   RO         5846    i.nrfx_uarte_uninit  nrfx_uarte.o
    0x00032750   0x00032750   0x00000084   Code   RO           16    i.num_comp_reply    main.o
    0x000327d4   0x000327d4   0x00000004   Code   RO         4674    i.oberon_vector_generate  oberon_backend_ecc.o
    0x000327d8   0x000327d8   0x00000034   Code   RO           17    i.on_adv_evt        main.o
    0x0003280c   0x0003280c   0x00000168   Code   RO           18    i.on_ble_central_evt  main.o
    0x00032974   0x00032974   0x00000264   Code   RO           19    i.on_ble_evt        main.o
    0x00032bd8   0x00032bd8   0x000000c8   Code   RO           20    i.on_ble_peripheral_evt  main.o
    0x00032ca0   0x00032ca0   0x00000150   Code   RO         1616    i.on_characteristic_discovery_rsp  ble_db_discovery.o
    0x00032df0   0x00032df0   0x000000a8   Code   RO         2213    i.on_connected_evt  nrf_ble_gatt.o
    0x00032e98   0x00032e98   0x000000f0   Code   RO         1617    i.on_descriptor_discovery_rsp  ble_db_discovery.o
    0x00032f88   0x00032f88   0x000000fc   Code   RO         2312    i.on_dhkey_request  nrf_ble_lesc.o
    0x00033084   0x00033084   0x000000ac   Code   RO         2214    i.on_exchange_mtu_request_evt  nrf_ble_gatt.o
    0x00033130   0x00033130   0x00000080   Code   RO           21    i.on_num_comp_button_press  main.o
    0x000331b0   0x000331b0   0x0000006c   Code   RO         1618    i.on_primary_srv_discovery_rsp  ble_db_discovery.o
    0x0003321c   0x0003321c   0x00000002   Code   RO           22    i.on_sml_evt        main.o
    0x0003321e   0x0003321e   0x00000002   PAD
    0x00033220   0x00033220   0x0000007c   Code   RO         1619    i.on_srv_disc_completion  ble_db_discovery.o
    0x0003329c   0x0003329c   0x0000008c   Code   RO         3775    i.on_write          ble_sml.o
    0x00033328   0x00033328   0x00000024   Code   RO         6730    i.page_identify     fds.o
    0x0003334c   0x0003334c   0x0000001c   Code   RO         6731    i.page_offsets_update  fds.o
    0x00033368   0x00033368   0x0000006c   Code   RO         6732    i.page_scan         fds.o
    0x000333d4   0x000333d4   0x0000001c   Code   RO         6733    i.page_tag_write_data  fds.o
    0x000333f0   0x000333f0   0x00000024   Code   RO         6734    i.page_tag_write_swap  fds.o
    0x00033414   0x00033414   0x0000011c   Code   RO         6735    i.pages_init        fds.o
    0x00033530   0x00033530   0x0000000c   Code   RO         3472    i.pairing           security_dispatcher.o
    0x0003353c   0x0003353c   0x00000074   Code   RO         3473    i.pairing_failure   security_dispatcher.o
    0x000335b0   0x000335b0   0x0000002e   Code   RO         3474    i.pairing_success_evt_send  security_dispatcher.o
    0x000335de   0x000335de   0x00000006   Code   RO         3625    i.params_reply_pending_handle  security_manager.o
    0x000335e4   0x000335e4   0x00000028   Code   RO         3626    i.params_req_send   security_manager.o
    0x0003360c   0x0003360c   0x0000001c   Code   RO         2815    i.pdb_evt_send      peer_database.o
    0x00033628   0x00033628   0x00000090   Code   RO         2816    i.pdb_init          peer_database.o
    0x000336b8   0x000336b8   0x0000007c   Code   RO         2817    i.pdb_pds_evt_handler  peer_database.o
    0x00033734   0x00033734   0x00000006   Code   RO         2818    i.pdb_peer_data_ptr_get  peer_database.o
    0x0003373a   0x0003373a   0x00000002   PAD
    0x0003373c   0x0003373c   0x0000008c   Code   RO         2819    i.pdb_peer_free     peer_database.o
    0x000337c8   0x000337c8   0x000000dc   Code   RO         2820    i.pdb_write_buf_get  peer_database.o
    0x000338a4   0x000338a4   0x00000014   Code   RO         2821    i.pdb_write_buf_release  peer_database.o
    0x000338b8   0x000338b8   0x00000036   Code   RO         2822    i.pdb_write_buf_store  peer_database.o
    0x000338ee   0x000338ee   0x00000002   PAD
    0x000338f0   0x000338f0   0x00000010   Code   RO         2674    i.pds_evt_send      peer_data_storage.o
    0x00033900   0x00033900   0x000000dc   Code   RO         2675    i.pds_init          peer_data_storage.o
    0x000339dc   0x000339dc   0x00000004   Code   RO         2676    i.pds_next_deleted_peer_id_get  peer_data_storage.o
    0x000339e0   0x000339e0   0x00000004   Code   RO         2677    i.pds_next_peer_id_get  peer_data_storage.o
    0x000339e4   0x000339e4   0x00000058   Code   RO         2680    i.pds_peer_data_iterate  peer_data_storage.o
    0x00033a3c   0x00033a3c   0x00000010   Code   RO         2681    i.pds_peer_data_iterate_prepare  peer_data_storage.o
    0x00033a4c   0x00033a4c   0x00000072   Code   RO         2682    i.pds_peer_data_read  peer_data_storage.o
    0x00033abe   0x00033abe   0x00000002   PAD
    0x00033ac0   0x00033ac0   0x000000a0   Code   RO         2683    i.pds_peer_data_store  peer_data_storage.o
    0x00033b60   0x00033b60   0x00000008   Code   RO         2684    i.pds_peer_id_allocate  peer_data_storage.o
    0x00033b68   0x00033b68   0x00000016   Code   RO         2685    i.pds_peer_id_free  peer_data_storage.o
    0x00033b7e   0x00033b7e   0x00000004   Code   RO         2686    i.pds_peer_id_is_allocated  peer_data_storage.o
    0x00033b82   0x00033b82   0x00000002   PAD
    0x00033b84   0x00033b84   0x0000009c   Code   RO         2688    i.peer_data_delete_process  peer_data_storage.o
    0x00033c20   0x00033c20   0x00000030   Code   RO         2689    i.peer_data_find    peer_data_storage.o
    0x00033c50   0x00033c50   0x00000024   Code   RO         2690    i.peer_data_id_is_valid  peer_data_storage.o
    0x00033c74   0x00033c74   0x0000001a   Code   RO         2823    i.peer_data_point_to_buffer  peer_database.o
    0x00033c8e   0x00033c8e   0x00000002   PAD
    0x00033c90   0x00033c90   0x0000000c   Code   RO         2936    i.peer_id_allocate  peer_id.o
    0x00033c9c   0x00033c9c   0x00000024   Code   RO         2937    i.peer_id_delete    peer_id.o
    0x00033cc0   0x00033cc0   0x0000001c   Code   RO         2938    i.peer_id_free      peer_id.o
    0x00033cdc   0x00033cdc   0x0000000c   Code   RO         2939    i.peer_id_get_next_deleted  peer_id.o
    0x00033ce8   0x00033ce8   0x00000030   Code   RO         2940    i.peer_id_get_next_used  peer_id.o
    0x00033d18   0x00033d18   0x0000000c   Code   RO         2941    i.peer_id_init      peer_id.o
    0x00033d24   0x00033d24   0x00000014   Code   RO         2942    i.peer_id_is_allocated  peer_id.o
    0x00033d38   0x00033d38   0x00000014   Code   RO         2943    i.peer_id_is_deleted  peer_id.o
    0x00033d4c   0x00033d4c   0x0000006c   Code   RO           23    i.peer_manager_init  main.o
    0x00033db8   0x00033db8   0x00000012   Code   RO         1262    i.phy_is_valid      ble_advertising.o
    0x00033dca   0x00033dca   0x00000002   PAD
    0x00033dcc   0x00033dcc   0x00000018   Code   RO         5281    i.pin_in_use_by_port  nrfx_gpiote.o
    0x00033de4   0x00033de4   0x00000018   Code   RO         5282    i.pin_in_use_by_te  nrfx_gpiote.o
    0x00033dfc   0x00033dfc   0x00000064   Code   RO         3416    i.pm_buffer_block_acquire  pm_buffer.o
    0x00033e60   0x00033e60   0x00000024   Code   RO         3417    i.pm_buffer_init    pm_buffer.o
    0x00033e84   0x00033e84   0x00000028   Code   RO         3418    i.pm_buffer_ptr_get  pm_buffer.o
    0x00033eac   0x00033eac   0x00000032   Code   RO         3419    i.pm_buffer_release  pm_buffer.o
    0x00033ede   0x00033ede   0x00000002   PAD
    0x00033ee0   0x00033ee0   0x00000078   Code   RO         3030    i.pm_conn_sec_status_get  peer_manager.o
    0x00033f58   0x00033f58   0x0000001c   Code   RO         3031    i.pm_conn_secure    peer_manager.o
    0x00033f74   0x00033f74   0x00000024   Code   RO           24    i.pm_evt_handler    main.o
    0x00033f98   0x00033f98   0x00000004   Code   RO         3033    i.pm_gcm_evt_handler  peer_manager.o
    0x00033f9c   0x00033f9c   0x00000068   Code   RO         3323    i.pm_handler_disconnect_on_sec_failure  peer_manager_handler.o
    0x00034004   0x00034004   0x00000210   Code   RO         3324    i.pm_handler_flash_clean  peer_manager_handler.o
    0x00034214   0x00034214   0x0000001c   Code   RO         3325    i.pm_handler_flash_clean_on_return  peer_manager_handler.o
    0x00034230   0x00034230   0x00000054   Code   RO         3326    i.pm_handler_on_pm_evt  peer_manager_handler.o
    0x00034284   0x00034284   0x000002dc   Code   RO         3327    i.pm_handler_pm_evt_log  peer_manager_handler.o
    0x00034560   0x00034560   0x00000010   Code   RO         3328    i.pm_handler_secure_on_connection  peer_manager_handler.o
    0x00034570   0x00034570   0x00000004   Code   RO         3036    i.pm_im_evt_handler  peer_manager.o
    0x00034574   0x00034574   0x000001bc   Code   RO         3037    i.pm_init           peer_manager.o
    0x00034730   0x00034730   0x00000120   Code   RO         3041    i.pm_pdb_evt_handler  peer_manager.o
    0x00034850   0x00034850   0x00000014   Code   RO         3052    i.pm_peer_delete    peer_manager.o
    0x00034864   0x00034864   0x0000011c   Code   RO         3056    i.pm_peer_rank_highest  peer_manager.o
    0x00034980   0x00034980   0x000000ec   Code   RO         3057    i.pm_peer_ranks_get  peer_manager.o
    0x00034a6c   0x00034a6c   0x00000094   Code   RO         3058    i.pm_peers_delete   peer_manager.o
    0x00034b00   0x00034b00   0x0000002c   Code   RO         3061    i.pm_register       peer_manager.o
    0x00034b2c   0x00034b2c   0x00000014   Code   RO         3062    i.pm_sec_params_set  peer_manager.o
    0x00034b40   0x00034b40   0x0000000a   Code   RO         3063    i.pm_sm_evt_handler  peer_manager.o
    0x00034b4a   0x00034b4a   0x00000002   PAD
    0x00034b4c   0x00034b4c   0x0000003c   Code   RO         8475    i.postfix_process   nrf_log_str_formatter.o
    0x00034b88   0x00034b88   0x00000098   Code   RO         8476    i.prefix_process    nrf_log_str_formatter.o
    0x00034c20   0x00034c20   0x00000018   Code   RO         5519    i.prs_box_get       nrfx_prs.o
    0x00034c38   0x00034c38   0x0000001c   Code   RO         6736    i.queue_buf_get     fds.o
    0x00034c54   0x00034c54   0x00000010   Code   RO         6737    i.queue_buf_store   fds.o
    0x00034c64   0x00034c64   0x00000014   Code   RO         7613    i.queue_free        nrf_fstorage_sd.o
    0x00034c78   0x00034c78   0x000000a0   Code   RO         6738    i.queue_process     fds.o
    0x00034d18   0x00034d18   0x000000a0   Code   RO         7614    i.queue_process     nrf_fstorage_sd.o
    0x00034db8   0x00034db8   0x00000066   Code   RO         7883    i.queue_read        nrf_queue.o
    0x00034e1e   0x00034e1e   0x00000002   PAD
    0x00034e20   0x00034e20   0x0000001c   Code   RO         6739    i.queue_start       fds.o
    0x00034e3c   0x00034e3c   0x00000024   Code   RO         7615    i.queue_start       nrf_fstorage_sd.o
    0x00034e60   0x00034e60   0x00000018   Code   RO         7884    i.queue_utilization_get  nrf_queue.o
    0x00034e78   0x00034e78   0x0000001c   Code   RO         3330    i.rank_highest      peer_manager_handler.o
    0x00034e94   0x00034e94   0x00000028   Code   RO         3066    i.rank_vars_update  peer_manager.o
    0x00034ebc   0x00034ebc   0x0000000e   Code   RO         7616    i.read              nrf_fstorage_sd.o
    0x00034eca   0x00034eca   0x00000002   PAD
    0x00034ecc   0x00034ecc   0x000000b0   Code   RO         2824    i.reattempt_previous_operations  peer_database.o
    0x00034f7c   0x00034f7c   0x00000088   Code   RO         6740    i.record_find       fds.o
    0x00035004   0x00035004   0x000000a0   Code   RO         6741    i.record_find_by_desc  fds.o
    0x000350a4   0x000350a4   0x0000005c   Code   RO         6742    i.record_find_next  fds.o
    0x00035100   0x00035100   0x00000038   Code   RO         6743    i.record_header_flag_dirty  fds.o
    0x00035138   0x00035138   0x00000038   Code   RO         1620    i.registered_handler_get  ble_db_discovery.o
    0x00035170   0x00035170   0x00000010   Code   RO         2945    i.release           peer_id.o
    0x00035180   0x00035180   0x00000022   Code   RO         5038    i.result_get        nrf_hw_backend_rng_mbedtls.o
    0x000351a2   0x000351a2   0x00000004   Code   RO         7617    i.rmap              nrf_fstorage_sd.o
    0x000351a6   0x000351a6   0x00000002   PAD
    0x000351a8   0x000351a8   0x0000003c   Code   RO         6454    i.rtc1_stop         app_timer.o
    0x000351e4   0x000351e4   0x00000032   Code   RO         5660    i.rx_byte           nrfx_uart.o
    0x00035216   0x00035216   0x00000016   Code   RO         5661    i.rx_done_event     nrfx_uart.o
    0x0003522c   0x0003522c   0x00000018   Code   RO         5847    i.rx_done_event     nrfx_uarte.o
    0x00035244   0x00035244   0x00000024   Code   RO         1802    i.sc_send_pending_handle  gatt_cache_manager.o
    0x00035268   0x00035268   0x00000012   Code   RO           25    i.scan_evt_handler  main.o
    0x0003527a   0x0003527a   0x00000002   PAD
    0x0003527c   0x0003527c   0x00000078   Code   RO           26    i.scan_init         main.o
    0x000352f4   0x000352f4   0x00000040   Code   RO           27    i.scan_start        main.o
    0x00035334   0x00035334   0x00000050   Code   RO         5118    i.sd_state_evt_handler  nrf_drv_rng.o
    0x00035384   0x00035384   0x00000030   Code   RO         8896    i.sdh_request_observer_notify  nrf_sdh.o
    0x000353b4   0x000353b4   0x0000002c   Code   RO         8897    i.sdh_state_observer_notify  nrf_sdh.o
    0x000353e0   0x000353e0   0x000000b4   Code   RO         3475    i.sec_info_request_process  security_dispatcher.o
    0x00035494   0x00035494   0x000000f4   Code   RO         3476    i.sec_keyset_fill   security_dispatcher.o
    0x00035588   0x00035588   0x00000076   Code   RO         3627    i.sec_params_verify  security_manager.o
    0x000355fe   0x000355fe   0x00000002   PAD
    0x00035600   0x00035600   0x00000060   Code   RO         3477    i.sec_proc_start    security_dispatcher.o
    0x00035660   0x00035660   0x00000022   Code   RO         3478    i.send_config_req   security_dispatcher.o
    0x00035682   0x00035682   0x00000002   PAD
    0x00035684   0x00035684   0x00000010   Code   RO         1363    i.send_error_evt    ble_conn_params.o
    0x00035694   0x00035694   0x00000028   Code   RO         1803    i.send_unexpected_error  gatt_cache_manager.o
    0x000356bc   0x000356bc   0x00000028   Code   RO         3479    i.send_unexpected_error  security_dispatcher.o
    0x000356e4   0x000356e4   0x00000040   Code   RO         8175    i.serial_tx         nrf_log_backend_uart.o
    0x00035724   0x00035724   0x00000014   Code   RO         1804    i.service_changed_pending_flags_check  gatt_cache_manager.o
    0x00035738   0x00035738   0x00000044   Code   RO         1956    i.service_changed_pending_set  gatts_cache_manager.o
    0x0003577c   0x0003577c   0x000000f4   Code   RO         1805    i.service_changed_send_in_evt  gatt_cache_manager.o
    0x00035870   0x00035870   0x00000088   Code   RO         1152    i.service_data_encode  ble_advdata.o
    0x000358f8   0x000358f8   0x00000034   Code   RO         3628    i.sm_ble_evt_handler  security_manager.o
    0x0003592c   0x0003592c   0x00000060   Code   RO         3630    i.sm_init           security_manager.o
    0x0003598c   0x0003598c   0x0000000a   Code   RO         3632    i.sm_link_secure    security_manager.o
    0x00035996   0x00035996   0x00000002   PAD
    0x00035998   0x00035998   0x00000044   Code   RO         3633    i.sm_pdb_evt_handler  security_manager.o
    0x000359dc   0x000359dc   0x00000034   Code   RO         3635    i.sm_sec_params_set  security_manager.o
    0x00035a10   0x00035a10   0x00000060   Code   RO         3636    i.sm_smd_evt_handler  security_manager.o
    0x00035a70   0x00035a70   0x00000118   Code   RO         3480    i.smd_ble_evt_handler  security_dispatcher.o
    0x00035b88   0x00035b88   0x00000068   Code   RO         3482    i.smd_init          security_dispatcher.o
    0x00035bf0   0x00035bf0   0x0000003a   Code   RO         3483    i.smd_link_secure   security_dispatcher.o
    0x00035c2a   0x00035c2a   0x00000002   PAD
    0x00035c2c   0x00035c2c   0x000000b0   Code   RO         3484    i.smd_params_reply  security_dispatcher.o
    0x00035cdc   0x00035cdc   0x0000003c   Code   RO         3637    i.smd_params_reply_perform  security_manager.o
    0x00035d18   0x00035d18   0x00000038   Code   RO         8898    i.softdevice_evt_irq_disable  nrf_sdh.o
    0x00035d50   0x00035d50   0x00000058   Code   RO         8899    i.softdevices_evt_irq_enable  nrf_sdh.o
    0x00035da8   0x00035da8   0x0000008c   Code   RO         8311    i.std_n             nrf_log_frontend.o
    0x00035e34   0x00035e34   0x00000058   Code   RO         1806    i.store_car_value   gatt_cache_manager.o
    0x00035e8c   0x00035e8c   0x00000080   Code   RO         6455    i.timer_list_handler  app_timer.o
    0x00035f0c   0x00035f0c   0x0000003c   Code   RO         6456    i.timer_list_insert  app_timer.o
    0x00035f48   0x00035f48   0x00000060   Code   RO         6457    i.timer_list_remove  app_timer.o
    0x00035fa8   0x00035fa8   0x00000048   Code   RO         6458    i.timer_stop_op_schedule  app_timer.o
    0x00035ff0   0x00035ff0   0x00000074   Code   RO         6459    i.timer_timeouts_check  app_timer.o
    0x00036064   0x00036064   0x000000ba   Code   RO         6066    i.twi_irq_handler   nrfx_twi.o
    0x0003611e   0x0003611e   0x0000001e   Code   RO         6067    i.twi_process_error  nrfx_twi.o
    0x0003613c   0x0003613c   0x000000c8   Code   RO         6068    i.twi_rx_start_transfer  nrfx_twi.o
    0x00036204   0x00036204   0x00000028   Code   RO         6069    i.twi_send_byte     nrfx_twi.o
    0x0003622c   0x0003622c   0x00000104   Code   RO         6070    i.twi_transfer      nrfx_twi.o
    0x00036330   0x00036330   0x000000d0   Code   RO         6071    i.twi_tx_start_transfer  nrfx_twi.o
    0x00036400   0x00036400   0x00000020   Code   RO         5663    i.tx_byte           nrfx_uart.o
    0x00036420   0x00036420   0x0000001a   Code   RO         5664    i.tx_done_event     nrfx_uart.o
    0x0003643a   0x0003643a   0x00000002   PAD
    0x0003643c   0x0003643c   0x00000030   Code   RO         5193    i.uart_evt_handler  nrf_drv_uart.o
    0x0003646c   0x0003646c   0x0000000c   Code   RO         8176    i.uart_evt_handler  nrf_log_backend_uart.o
    0x00036478   0x00036478   0x00000050   Code   RO         8177    i.uart_init         nrf_log_backend_uart.o
    0x000364c8   0x000364c8   0x00000128   Code   RO         5665    i.uart_irq_handler  nrfx_uart.o
    0x000365f0   0x000365f0   0x00000030   Code   RO         5194    i.uarte_evt_handler  nrf_drv_uart.o
    0x00036620   0x00036620   0x000000f4   Code   RO         5848    i.uarte_irq_handler  nrfx_uarte.o
    0x00036714   0x00036714   0x0000000a   Code   RO         1153    i.uint16_encode     ble_advdata.o
    0x0003671e   0x0003671e   0x00000002   PAD
    0x00036720   0x00036720   0x00000020   Code   RO         7618    i.uninit            nrf_fstorage_sd.o
    0x00036740   0x00036740   0x000000b4   Code   RO         7482    i.unsigned_print    nrf_fprintf_format.o
    0x000367f4   0x000367f4   0x00000030   Code   RO         1807    i.update_pending_flags_check  gatt_cache_manager.o
    0x00036824   0x00036824   0x00000068   Code   RO         1364    i.update_timeout_handler  ble_conn_params.o
    0x0003688c   0x0003688c   0x00000018   Code   RO         1263    i.use_whitelist     ble_advertising.o
    0x000368a4   0x000368a4   0x0000000c   Code   RO         1465    i.user_flag_is_acquired  ble_conn_state.o
    0x000368b0   0x000368b0   0x00000024   Code   RO         2512    i.user_mem_reply    nrf_ble_qwr.o
    0x000368d4   0x000368d4   0x00000030   Code   RO         6460    i.user_op_alloc     app_timer.o
    0x00036904   0x00036904   0x00000030   Code   RO         1154    i.uuid_list_encode  ble_advdata.o
    0x00036934   0x00036934   0x0000009e   Code   RO         1155    i.uuid_list_sized_encode  ble_advdata.o
    0x000369d2   0x000369d2   0x00000004   Code   RO         7619    i.wmap              nrf_fstorage_sd.o
    0x000369d6   0x000369d6   0x00000002   PAD
    0x000369d8   0x000369d8   0x00000050   Code   RO         7620    i.write             nrf_fstorage_sd.o
    0x00036a28   0x00036a28   0x0000014c   Code   RO         2825    i.write_buf_store   peer_database.o
    0x00036b74   0x00036b74   0x00000034   Code   RO         2826    i.write_buffer_record_find  peer_database.o
    0x00036ba8   0x00036ba8   0x00000030   Code   RO         2827    i.write_buffer_record_find_next  peer_database.o
    0x00036bd8   0x00036bd8   0x0000001c   Code   RO         2828    i.write_buffer_record_invalidate  peer_database.o
    0x00036bf4   0x00036bf4   0x0000002c   Code   RO         2829    i.write_buffer_record_release  peer_database.o
    0x00036c20   0x00036c20   0x000000e8   Code   RO         6745    i.write_enqueue     fds.o
    0x00036d08   0x00036d08   0x000000f4   Code   RO         6746    i.write_execute     fds.o
    0x00036dfc   0x00036dfc   0x00000018   Code   RO         6747    i.write_space_free  fds.o
    0x00036e14   0x00036e14   0x0000005c   Code   RO         6748    i.write_space_reserve  fds.o
    0x00036e70   0x00036e70   0x00000010   Data   RO           29    .constdata          main.o
    0x00036e80   0x00036e80   0x00000008   Data   RO          757    .constdata          boards.o
    0x00036e88   0x00036e88   0x0000002c   Data   RO          914    .constdata          bsp.o
    0x00036eb4   0x00036eb4   0x0000007c   Data   RO         1622    .constdata          ble_db_discovery.o
    0x00036f30   0x00036f30   0x00000074   Data   RO         1808    .constdata          gatt_cache_manager.o
    0x00036fa4   0x00036fa4   0x00000004   Data   RO         1957    .constdata          gatts_cache_manager.o
    0x00036fa8   0x00036fa8   0x00000010   Data   RO         1958    .constdata          gatts_cache_manager.o
    0x00036fb8   0x00036fb8   0x00000004   Data   RO         1959    .constdata          gatts_cache_manager.o
    0x00036fbc   0x00036fbc   0x00000008   Data   RO         2062    .constdata          id_manager.o
    0x00036fc4   0x00036fc4   0x00000016   Data   RO         2215    .constdata          nrf_ble_gatt.o
    0x00036fda   0x00036fda   0x00000002   PAD
    0x00036fdc   0x00036fdc   0x0000001c   Data   RO         2691    .constdata          peer_data_storage.o
    0x00036ff8   0x00036ff8   0x00000010   Data   RO         2831    .constdata          peer_database.o
    0x00037008   0x00037008   0x0000002c   Data   RO         3068    .constdata          peer_manager.o
    0x00037034   0x00037034   0x00000018   Data   RO         3331    .constdata          peer_manager_handler.o
    0x0003704c   0x0003704c   0x000000a4   Data   RO         3486    .constdata          security_dispatcher.o
    0x000370f0   0x000370f0   0x00000004   Data   RO         3638    .constdata          security_manager.o
    0x000370f4   0x000370f4   0x00000010   Data   RO         3776    .constdata          ble_sml.o
    0x00037104   0x00037104   0x00000028   Data   RO         3900    .constdata          ble_alarm_c.o
    0x0003712c   0x0003712c   0x0000006c   Data   RO         4081    .constdata          nrf_crypto_ecc.o
    0x00037198   0x00037198   0x0000000c   Data   RO         4169    .constdata          nrf_crypto_ecdh.o
    0x000371a4   0x000371a4   0x0000000c   Data   RO         4675    .constdata          oberon_backend_ecc.o
    0x000371b0   0x000371b0   0x00000040   Data   RO         4678    .constdata          oberon_backend_ecc.o
    0x000371f0   0x000371f0   0x00000002   Data   RO         5121    .constdata          nrf_drv_rng.o
    0x000371f2   0x000371f2   0x00000002   PAD
    0x000371f4   0x000371f4   0x00000004   Data   RO         5284    .constdata          nrfx_gpiote.o
    0x000371f8   0x000371f8   0x00000004   Data   RO         5668    .constdata          nrfx_uart.o
    0x000371fc   0x000371fc   0x00000004   Data   RO         5851    .constdata          nrfx_uarte.o
    0x00037200   0x00037200   0x00000008   Data   RO         6236    .constdata          app_button.o
    0x00037208   0x00037208   0x00000008   PAD
    0x00037210   0x00037210   0x00000006   Data   RO         6462    .constdata          app_timer.o
    0x00037216   0x00037216   0x00000002   PAD
    0x00037218   0x00037218   0x00000018   Data   RO         6751    .constdata          fds.o
    0x00037230   0x00037230   0x00000010   Data   RO         7483    .constdata          nrf_fprintf_format.o
    0x00037240   0x00037240   0x0000005e   Data   RO         7529    .constdata          nrf_fstorage.o
    0x0003729e   0x0003729e   0x00000002   PAD
    0x000372a0   0x000372a0   0x00000010   Data   RO         7623    .constdata          nrf_fstorage_sd.o
    0x000372b0   0x000372b0   0x00000020   Data   RO         7624    .constdata          nrf_fstorage_sd.o
    0x000372d0   0x000372d0   0x00000018   Data   RO         7802    .constdata          nrf_pwr_mgmt.o
    0x000372e8   0x000372e8   0x0000000c   Data   RO         7803    .constdata          nrf_pwr_mgmt.o
    0x000372f4   0x000372f4   0x0000013c   Data   RO         8082    .constdata          nrf_strerror.o
    0x00037430   0x00037430   0x0000000c   Data   RO         8179    .constdata          nrf_log_backend_uart.o
    0x0003743c   0x0003743c   0x00000020   Data   RO         8180    .constdata          nrf_log_backend_uart.o
    0x0003745c   0x0003745c   0x0000000c   Data   RO         8316    .constdata          nrf_log_frontend.o
    0x00037468   0x00037468   0x00000010   Data   RO         8900    .constdata          nrf_sdh.o
    0x00037478   0x00037478   0x00000028   Data   RO         8901    .constdata          nrf_sdh.o
    0x000374a0   0x000374a0   0x00000010   Data   RO         8902    .constdata          nrf_sdh.o
    0x000374b0   0x000374b0   0x00000010   Data   RO         8903    .constdata          nrf_sdh.o
    0x000374c0   0x000374c0   0x00000020   Data   RO         9011    .constdata          nrf_sdh_ble.o
    0x000374e0   0x000374e0   0x00000010   Data   RO         9012    .constdata          nrf_sdh_ble.o
    0x000374f0   0x000374f0   0x00000010   Data   RO         9062    .constdata          nrf_sdh_soc.o
    0x00037500   0x00037500   0x0000000c   Data   RO         9063    .constdata          nrf_sdh_soc.o
    0x0003750c   0x0003750c   0x00002228   Data   RO         9104    .constdata          aes.o
    0x00039734   0x00039734   0x00000081   Data   RO         9683    .constdata          mc_w.l(ctype_o.o)
    0x000397b5   0x000397b5   0x00000003   PAD
    0x000397b8   0x000397b8   0x00000004   Data   RO         9684    .constdata          mc_w.l(ctype_o.o)
    0x000397bc   0x000397bc   0x000000c6   Data   RO           30    .conststring        main.o
    0x00039882   0x00039882   0x00000002   PAD
    0x00039884   0x00039884   0x000000a2   Data   RO         1623    .conststring        ble_db_discovery.o
    0x00039926   0x00039926   0x00000002   PAD
    0x00039928   0x00039928   0x000001a4   Data   RO         1809    .conststring        gatt_cache_manager.o
    0x00039acc   0x00039acc   0x00000144   Data   RO         1960    .conststring        gatts_cache_manager.o
    0x00039c10   0x00039c10   0x000000a2   Data   RO         2216    .conststring        nrf_ble_gatt.o
    0x00039cb2   0x00039cb2   0x00000002   PAD
    0x00039cb4   0x00039cb4   0x00000042   Data   RO         2314    .conststring        nrf_ble_lesc.o
    0x00039cf6   0x00039cf6   0x00000002   PAD
    0x00039cf8   0x00039cf8   0x000000e8   Data   RO         2692    .conststring        peer_data_storage.o
    0x00039de0   0x00039de0   0x00000180   Data   RO         2832    .conststring        peer_database.o
    0x00039f60   0x00039f60   0x00000090   Data   RO         3069    .conststring        peer_manager.o
    0x00039ff0   0x00039ff0   0x000002ca   Data   RO         3332    .conststring        peer_manager_handler.o
    0x0003a2ba   0x0003a2ba   0x00000002   PAD
    0x0003a2bc   0x0003a2bc   0x00000296   Data   RO         3487    .conststring        security_dispatcher.o
    0x0003a552   0x0003a552   0x00000002   PAD
    0x0003a554   0x0003a554   0x0000017b   Data   RO         3639    .conststring        security_manager.o
    0x0003a6cf   0x0003a6cf   0x00000001   PAD
    0x0003a6d0   0x0003a6d0   0x0000004f   Data   RO         7530    .conststring        nrf_fstorage.o
    0x0003a71f   0x0003a71f   0x00000001   PAD
    0x0003a720   0x0003a720   0x000003eb   Data   RO         8083    .conststring        nrf_strerror.o
    0x0003ab0b   0x0003ab0b   0x00000001   PAD
    0x0003ab0c   0x0003ab0c   0x00000066   Data   RO         8477    .conststring        nrf_log_str_formatter.o
    0x0003ab72   0x0003ab72   0x00000002   PAD
    0x0003ab74   0x0003ab74   0x00000188   Data   RO         9013    .conststring        nrf_sdh_ble.o
    0x0003acfc   0x0003acfc   0x0000000c   Data   RO         1624    .conststrlit        ble_db_discovery.o
    0x0003ad08   0x0003ad08   0x00000011   Data   RO         1810    .conststrlit        gatt_cache_manager.o
    0x0003ad19   0x0003ad19   0x00000003   PAD
    0x0003ad1c   0x0003ad1c   0x00000012   Data   RO         1961    .conststrlit        gatts_cache_manager.o
    0x0003ad2e   0x0003ad2e   0x00000002   PAD
    0x0003ad30   0x0003ad30   0x00000010   Data   RO         2064    .conststrlit        id_manager.o
    0x0003ad40   0x0003ad40   0x0000000d   Data   RO         2217    .conststrlit        nrf_ble_gatt.o
    0x0003ad4d   0x0003ad4d   0x00000003   PAD
    0x0003ad50   0x0003ad50   0x0000000d   Data   RO         2315    .conststrlit        nrf_ble_lesc.o
    0x0003ad5d   0x0003ad5d   0x00000003   PAD
    0x0003ad60   0x0003ad60   0x00000009   Data   RO         2569    .conststrlit        nrf_ble_scan.o
    0x0003ad69   0x0003ad69   0x00000003   PAD
    0x0003ad6c   0x0003ad6c   0x00000011   Data   RO         2693    .conststrlit        peer_data_storage.o
    0x0003ad7d   0x0003ad7d   0x00000003   PAD
    0x0003ad80   0x0003ad80   0x00000011   Data   RO         2833    .conststrlit        peer_database.o
    0x0003ad91   0x0003ad91   0x00000003   PAD
    0x0003ad94   0x0003ad94   0x0000000d   Data   RO         3070    .conststrlit        peer_manager.o
    0x0003ada1   0x0003ada1   0x00000003   PAD
    0x0003ada4   0x0003ada4   0x00000015   Data   RO         3334    .conststrlit        peer_manager_handler.o
    0x0003adb9   0x0003adb9   0x00000003   PAD
    0x0003adbc   0x0003adbc   0x00000011   Data   RO         3488    .conststrlit        security_dispatcher.o
    0x0003adcd   0x0003adcd   0x00000003   PAD
    0x0003add0   0x0003add0   0x00000010   Data   RO         3640    .conststrlit        security_manager.o
    0x0003ade0   0x0003ade0   0x0000000a   Data   RO         3901    .conststrlit        ble_alarm_c.o
    0x0003adea   0x0003adea   0x00000002   PAD
    0x0003adec   0x0003adec   0x00000004   Data   RO         5124    .conststrlit        nrf_drv_rng.o
    0x0003adf0   0x0003adf0   0x00000007   Data   RO         5288    .conststrlit        nrfx_gpiote.o
    0x0003adf7   0x0003adf7   0x00000001   PAD
    0x0003adf8   0x0003adf8   0x00000004   Data   RO         5521    .conststrlit        nrfx_prs.o
    0x0003adfc   0x0003adfc   0x00000004   Data   RO         5575    .conststrlit        nrfx_rng.o
    0x0003ae00   0x0003ae00   0x00000005   Data   RO         5671    .conststrlit        nrfx_uart.o
    0x0003ae05   0x0003ae05   0x00000003   PAD
    0x0003ae08   0x0003ae08   0x00000006   Data   RO         5854    .conststrlit        nrfx_uarte.o
    0x0003ae0e   0x0003ae0e   0x00000002   PAD
    0x0003ae10   0x0003ae10   0x00000004   Data   RO         6078    .conststrlit        nrfx_twi.o
    0x0003ae14   0x0003ae14   0x00000009   Data   RO         7032    .conststrlit        mem_manager.o
    0x0003ae1d   0x0003ae1d   0x00000003   PAD
    0x0003ae20   0x0003ae20   0x0000000d   Data   RO         7531    .conststrlit        nrf_fstorage.o
    0x0003ae2d   0x0003ae2d   0x00000003   PAD
    0x0003ae30   0x0003ae30   0x00000009   Data   RO         7804    .conststrlit        nrf_pwr_mgmt.o
    0x0003ae39   0x0003ae39   0x00000003   PAD
    0x0003ae3c   0x0003ae3c   0x00000011   Data   RO         8251    .conststrlit        nrf_log_default_backends.o
    0x0003ae4d   0x0003ae4d   0x00000003   PAD
    0x0003ae50   0x0003ae50   0x00000004   Data   RO         8317    .conststrlit        nrf_log_frontend.o
    0x0003ae54   0x0003ae54   0x00000008   Data   RO         8904    .conststrlit        nrf_sdh.o
    0x0003ae5c   0x0003ae5c   0x0000000c   Data   RO         9014    .conststrlit        nrf_sdh_ble.o
    0x0003ae68   0x0003ae68   0x0000000c   Data   RO         9064    .conststrlit        nrf_sdh_soc.o
    0x0003ae74   0x0003ae74   0x00000020   Data   RO         9521    .rodata.base        oberon_short_wchar_2.0.5.lib(occ_curve25519.c.obj)
    0x0003ae94   0x0003ae94   0x00000040   Data   RO         9625    .rodata.base_point  oberon_short_wchar_2.0.5.lib(occ_curve_p256.c.obj)
    0x0003aed4   0x0003aed4   0x00000004   PAD
    0x0003aed8   0x0003aed8   0x00000280   Data   RO         9549    .rodata.const_table  oberon_short_wchar_2.0.5.lib(occ_sha512.c.obj)
    0x0003b158   0x0003b158   0x00000020   Data   RO         9626    .rodata.cq          oberon_short_wchar_2.0.5.lib(occ_curve_p256.c.obj)
    0x0003b178   0x0003b178   0x00000020   Data   RO         9601    .rodata.m           oberon_short_wchar_2.0.5.lib(occ_sc25519.c.obj)
    0x0003b198   0x0003b198   0x00000640   Data   RO         9570    .rodata.occ_ge25519_base_multiples  oberon_short_wchar_2.0.5.lib(occ_ge25519.c.obj)
    0x0003b7d8   0x0003b7d8   0x00000020   Data   RO         9571    .rodata.occ_ge25519_ec2d  oberon_short_wchar_2.0.5.lib(occ_ge25519.c.obj)
    0x0003b7f8   0x0003b7f8   0x00000020   Data   RO         9627    .rodata.param_a     oberon_short_wchar_2.0.5.lib(occ_curve_p256.c.obj)
    0x0003b818   0x0003b818   0x00000020   Data   RO         9628    .rodata.param_b     oberon_short_wchar_2.0.5.lib(occ_curve_p256.c.obj)
    0x0003b838   0x0003b838   0x00000020   Data   RO         9651    .rodata.q           oberon_short_wchar_2.0.5.lib(occ_sc_p256.c.obj)
    0x0003b858   0x0003b858   0x00000020   Data   RO         9629    .rodata.qp1         oberon_short_wchar_2.0.5.lib(occ_curve_p256.c.obj)
    0x0003b878   0x0003b878   0x00000020   Data   RO         9748    Region$$Table       anon$$obj.o
    0x0003b898   0x0003b898   0x00000008   Data   RO         4986    crypto_data         nrf_hw_backend_init.o
    0x0003b8a0   0x0003b8a0   0x00000010   Data   RO         8253    log_backends        nrf_log_default_backends.o
    0x0003b8b0   0x0003b8b0   0x00000008   Data   RO         1626    log_const_data      ble_db_discovery.o
    0x0003b8b8   0x0003b8b8   0x00000008   Data   RO         1812    log_const_data      gatt_cache_manager.o
    0x0003b8c0   0x0003b8c0   0x00000008   Data   RO         1963    log_const_data      gatts_cache_manager.o
    0x0003b8c8   0x0003b8c8   0x00000008   Data   RO         2066    log_const_data      id_manager.o
    0x0003b8d0   0x0003b8d0   0x00000008   Data   RO         2218    log_const_data      nrf_ble_gatt.o
    0x0003b8d8   0x0003b8d8   0x00000008   Data   RO         2317    log_const_data      nrf_ble_lesc.o
    0x0003b8e0   0x0003b8e0   0x00000008   Data   RO         2570    log_const_data      nrf_ble_scan.o
    0x0003b8e8   0x0003b8e8   0x00000008   Data   RO         2695    log_const_data      peer_data_storage.o
    0x0003b8f0   0x0003b8f0   0x00000008   Data   RO         2835    log_const_data      peer_database.o
    0x0003b8f8   0x0003b8f8   0x00000008   Data   RO         3072    log_const_data      peer_manager.o
    0x0003b900   0x0003b900   0x00000008   Data   RO         3337    log_const_data      peer_manager_handler.o
    0x0003b908   0x0003b908   0x00000008   Data   RO         3490    log_const_data      security_dispatcher.o
    0x0003b910   0x0003b910   0x00000008   Data   RO         3642    log_const_data      security_manager.o
    0x0003b918   0x0003b918   0x00000008   Data   RO         3902    log_const_data      ble_alarm_c.o
    0x0003b920   0x0003b920   0x00000008   Data   RO         5126    log_const_data      nrf_drv_rng.o
    0x0003b928   0x0003b928   0x00000008   Data   RO         5289    log_const_data      nrfx_gpiote.o
    0x0003b930   0x0003b930   0x00000008   Data   RO         5523    log_const_data      nrfx_prs.o
    0x0003b938   0x0003b938   0x00000008   Data   RO         5577    log_const_data      nrfx_rng.o
    0x0003b940   0x0003b940   0x00000008   Data   RO         5672    log_const_data      nrfx_uart.o
    0x0003b948   0x0003b948   0x00000008   Data   RO         5855    log_const_data      nrfx_uarte.o
    0x0003b950   0x0003b950   0x00000008   Data   RO         6079    log_const_data      nrfx_twi.o
    0x0003b958   0x0003b958   0x00000008   Data   RO         7034    log_const_data      mem_manager.o
    0x0003b960   0x0003b960   0x00000008   Data   RO         7532    log_const_data      nrf_fstorage.o
    0x0003b968   0x0003b968   0x00000008   Data   RO         7806    log_const_data      nrf_pwr_mgmt.o
    0x0003b970   0x0003b970   0x00000008   Data   RO         8320    log_const_data      nrf_log_frontend.o
    0x0003b978   0x0003b978   0x00000008   Data   RO         8906    log_const_data      nrf_sdh.o
    0x0003b980   0x0003b980   0x00000008   Data   RO         9016    log_const_data      nrf_sdh_ble.o
    0x0003b988   0x0003b988   0x00000008   Data   RO         9065    log_const_data      nrf_sdh_soc.o
    0x0003b990   0x0003b990   0x00000014   Data   RO         8321    nrf_balloc          nrf_log_frontend.o
    0x0003b9a4   0x0003b9a4   0x00000014   Data   RO         5127    nrf_queue           nrf_drv_rng.o
    0x0003b9b8   0x0003b9b8   0x00000008   Data   RO         1467    sdh_ble_observers0  ble_conn_state.o
    0x0003b9c0   0x0003b9c0   0x00000020   Data   RO           32    sdh_ble_observers1  main.o
    0x0003b9e0   0x0003b9e0   0x00000008   Data   RO         1023    sdh_ble_observers1  bsp_btn_ble.o
    0x0003b9e8   0x0003b9e8   0x00000008   Data   RO         1367    sdh_ble_observers1  ble_conn_params.o
    0x0003b9f0   0x0003b9f0   0x00000008   Data   RO         3073    sdh_ble_observers1  peer_manager.o
    0x0003b9f8   0x0003b9f8   0x00000020   Data   RO           33    sdh_ble_observers2  main.o
    0x0003ba18   0x0003ba18   0x00000008   Data   RO           34    sdh_ble_observers3  main.o
    0x0003ba20   0x0003ba20   0x00000008   Data   RO         7626    sdh_req_observers0  nrf_fstorage_sd.o
    0x0003ba28   0x0003ba28   0x00000008   Data   RO         7627    sdh_soc_observers0  nrf_fstorage_sd.o
    0x0003ba30   0x0003ba30   0x00000008   Data   RO           35    sdh_soc_observers1  main.o
    0x0003ba38   0x0003ba38   0x00000008   Data   RO         9017    sdh_stack_observers0  nrf_sdh_ble.o
    0x0003ba40   0x0003ba40   0x00000008   Data   RO         9066    sdh_stack_observers0  nrf_sdh_soc.o
    0x0003ba48   0x0003ba48   0x00000008   Data   RO         5128    sdh_state_observers0  nrf_drv_rng.o
    0x0003ba50   0x0003ba50   0x00000008   Data   RO         7628    sdh_state_observers0  nrf_fstorage_sd.o


    Execution Region RW_IRAM1 (Exec base: 0x200028a0, Load base: 0x0003ba58, Size: 0x00003c78, Max: 0x0000d760, ABSOLUTE, COMPRESSED[0x000000a8])

    Exec Addr    Load Addr    Size         Type   Attr      Idx    E Section Name        Object

    0x200028a0   COMPRESSED   0x000002e4   Data   RW           31    .data               main.o
    0x20002b84   COMPRESSED   0x00000010   Data   RW          915    .data               bsp.o
    0x20002b94   COMPRESSED   0x00000008   Data   RW         1022    .data               bsp_btn_ble.o
    0x20002b9c   COMPRESSED   0x00000008   Data   RW         1366    .data               ble_conn_params.o
    0x20002ba4   COMPRESSED   0x00000010   Data   RW         1625    .data               ble_db_discovery.o
    0x20002bb4   COMPRESSED   0x00000010   Data   RW         1811    .data               gatt_cache_manager.o
    0x20002bc4   COMPRESSED   0x00000006   Data   RW         1962    .data               gatts_cache_manager.o
    0x20002bca   COMPRESSED   0x00000002   PAD
    0x20002bcc   COMPRESSED   0x0000000c   Data   RW         2316    .data               nrf_ble_lesc.o
    0x20002bd8   COMPRESSED   0x0000000c   Data   RW         2694    .data               peer_data_storage.o
    0x20002be4   COMPRESSED   0x00000008   Data   RW         2834    .data               peer_database.o
    0x20002bec   COMPRESSED   0x00000010   Data   RW         3071    .data               peer_manager.o
    0x20002bfc   COMPRESSED   0x00000060   Data   RW         3335    .data               peer_manager_handler.o
    0x20002c5c   COMPRESSED   0x00000005   Data   RW         3489    .data               security_dispatcher.o
    0x20002c61   COMPRESSED   0x00000003   PAD
    0x20002c64   COMPRESSED   0x00000011   Data   RW         3641    .data               security_manager.o
    0x20002c75   COMPRESSED   0x00000001   Data   RW         4454    .data               nrf_crypto_init.o
    0x20002c76   COMPRESSED   0x00000002   PAD
    0x20002c78   COMPRESSED   0x0000000c   Data   RW         4508    .data               nrf_crypto_rng.o
    0x20002c84   COMPRESSED   0x00000003   Data   RW         5125    .data               nrf_drv_rng.o
    0x20002c87   COMPRESSED   0x00000001   PAD
    0x20002c88   COMPRESSED   0x0000000c   Data   RW         5195    .data               nrf_drv_uart.o
    0x20002c94   COMPRESSED   0x00000008   Data   RW         5522    .data               nrfx_prs.o
    0x20002c9c   COMPRESSED   0x00000008   Data   RW         5576    .data               nrfx_rng.o
    0x20002ca4   COMPRESSED   0x00000004   PAD
    0x20002ca8   COMPRESSED   0x00000020   Data   RW         6237    .data               app_button.o
    0x20002cc8   COMPRESSED   0x00000014   Data   RW         6463    .data               app_timer.o
    0x20002cdc   COMPRESSED   0x00000030   Data   RW         6752    .data               fds.o
    0x20002d0c   COMPRESSED   0x00000008   Data   RW         7625    .data               nrf_fstorage_sd.o
    0x20002d14   COMPRESSED   0x00000008   Data   RW         7805    .data               nrf_pwr_mgmt.o
    0x20002d1c   COMPRESSED   0x00000018   Data   RW         8181    .data               nrf_log_backend_uart.o
    0x20002d34   COMPRESSED   0x00000008   Data   RW         8252    .data               nrf_log_default_backends.o
    0x20002d3c   COMPRESSED   0x00000008   Data   RW         8318    .data               nrf_log_frontend.o
    0x20002d44   COMPRESSED   0x00000008   Data   RW         8319    .data               nrf_log_frontend.o
    0x20002d4c   COMPRESSED   0x00000040   Data   RW         8478    .data               nrf_log_str_formatter.o
    0x20002d8c   COMPRESSED   0x00000003   Data   RW         8905    .data               nrf_sdh.o
    0x20002d8f   COMPRESSED   0x00000001   Data   RW         9015    .data               nrf_sdh_ble.o
    0x20002d90   COMPRESSED   0x00000004   Data   RW         9446    .data               system_nrf52.o
    0x20002d94   COMPRESSED   0x00000020   Data   RW         9624    .data.inv_a         oberon_short_wchar_2.0.5.lib(occ_curve_p256.c.obj)
    0x20002db4   COMPRESSED   0x00000014   Data   RW         6753    fs_data             fds.o
    0x20002dc8        -       0x00000338   Zero   RW           28    .bss                main.o
    0x20003100        -       0x00000020   Zero   RW          910    .bss                bsp.o
    0x20003120        -       0x00000020   Zero   RW          911    .bss                bsp.o
    0x20003140        -       0x0000000c   Zero   RW          912    .bss                bsp.o
    0x2000314c        -       0x00000020   Zero   RW          913    .bss                bsp.o
    0x2000316c        -       0x00000050   Zero   RW         1365    .bss                ble_conn_params.o
    0x200031bc        -       0x00000078   Zero   RW         1466    .bss                ble_conn_state.o
    0x20003234        -       0x00000318   Zero   RW         1621    .bss                ble_db_discovery.o
    0x2000354c        -       0x000000d8   Zero   RW         2061    .bss                id_manager.o
    0x20003624        -       0x00000188   Zero   RW         2313    .bss                nrf_ble_lesc.o
    0x200037ac        -       0x00000180   Zero   RW         2830    .bss                peer_database.o
    0x2000392c        -       0x00000040   Zero   RW         2946    .bss                peer_id.o
    0x2000396c        -       0x0000000c   Zero   RW         3067    .bss                peer_manager.o
    0x20003978        -       0x00000040   Zero   RW         3485    .bss                security_dispatcher.o
    0x200039b8        -       0x00000144   Zero   RW         4506    .bss                nrf_crypto_rng.o
    0x20003afc        -       0x00000041   Zero   RW         5119    .bss                nrf_drv_rng.o
    0x20003b3d   COMPRESSED   0x00000003   PAD
    0x20003b40        -       0x0000000c   Zero   RW         5120    .bss                nrf_drv_rng.o
    0x20003b4c        -       0x0000005c   Zero   RW         5283    .bss                nrfx_gpiote.o
    0x20003ba8        -       0x0000002c   Zero   RW         5666    .bss                nrfx_uart.o
    0x20003bd4        -       0x00000024   Zero   RW         5849    .bss                nrfx_uarte.o
    0x20003bf8        -       0x0000003c   Zero   RW         6073    .bss                nrfx_twi.o
    0x20003c34        -       0x00000020   Zero   RW         6235    .bss                app_button.o
    0x20003c54        -       0x0000010c   Zero   RW         6461    .bss                app_timer.o
    0x20003d60        -       0x0000000c   Zero   RW         6608    .bss                app_util_platform.o
    0x20003d6c        -       0x00000010   Zero   RW         6749    .bss                fds.o
    0x20003d7c        -       0x000000e0   Zero   RW         6750    .bss                fds.o
    0x20003e5c        -       0x00000010   Zero   RW         7621    .bss                nrf_fstorage_sd.o
    0x20003e6c        -       0x000000a0   Zero   RW         7622    .bss                nrf_fstorage_sd.o
    0x20003f0c        -       0x0000000c   Zero   RW         7801    .bss                nrf_pwr_mgmt.o
    0x20003f18        -       0x00000080   Zero   RW         8178    .bss                nrf_log_backend_uart.o
    0x20003f98        -       0x000000c0   Zero   RW         8312    .bss                nrf_log_frontend.o
    0x20004058        -       0x00000080   Zero   RW         8313    .bss                nrf_log_frontend.o
    0x200040d8        -       0x00000018   Zero   RW         8314    .bss                nrf_log_frontend.o
    0x200040f0        -       0x00000424   Zero   RW         8315    .bss                nrf_log_frontend.o
    0x20004514   COMPRESSED   0x00000004   PAD
    0x20004518        -       0x00002000   Zero   RW         9434    STACK               arm_startup_nrf52.o


==============================================================================

Image component sizes


      Code (inc. data)   RO Data    RW Data    ZI Data      Debug   Object Name

      2404         30       8744          0          0      17975   aes.o
       440         36          8         32         32      13326   app_button.o
        22          0          0          0          0       2509   app_error.o
       132         46          0          0          0      30633   app_error_weak.o
         0          0          0          0          0      36718   app_scheduler.o
      1510        118          6         20        268      48535   app_timer.o
       124         14          0          0         12       9746   app_util_platform.o
        36          8        512          0       8192        948   arm_startup_nrf52.o
         0          0          0          0          0        392   auth_status_tracker.o
      1574          0          0          0          0      62900   ble_advdata.o
      1036          6          0          0          0      19172   ble_advertising.o
       630        108         58          0          0      17204   ble_alarm_c.o
       636         44          8          8         80      13019   ble_conn_params.o
       718         56          8          0        120      14623   ble_conn_state.o
      1718         94        306         16        792      20307   ble_db_discovery.o
       736         58         16          0          0      60974   ble_sml.o
         8          0          0          0          0       1518   ble_srv_common.o
       346         34          8          0          0      93035   boards.o
       910         80         44         16        108      17871   bsp.o
       222         10          8          8          0      84647   bsp_btn_ble.o
       830          0          0          0          0      11351   ctr_drbg.o
      3426        314         24         68        240      51407   fds.o
      1848        544        561         16          0      25327   gatt_cache_manager.o
       578         70        374          6          0      15807   gatts_cache_manager.o
       946         34         32          0        216      15568   id_manager.o
      3448       1036        294        740        824     200327   main.o
         0          0         17          0          0       5541   mem_manager.o
       342          0          0          0          0       6942   nrf_atfifo.o
       170          0          0          0          0       4936   nrf_atflags.o
       338          0          0          0          0      11190   nrf_atomic.o
       164          0          0          0          0       3760   nrf_balloc.o
       964        272        205          0          0      36811   nrf_ble_gatt.o
      1168        546         87         12        392      43159   nrf_ble_lesc.o
       276          0          0          0          0       6409   nrf_ble_qwr.o
      1186         44         17          0          0      18400   nrf_ble_scan.o
       448         26        108          0          0      10646   nrf_crypto_ecc.o
       160         10         12          0          0       2910   nrf_crypto_ecdh.o
        92         20          0          1          0       3046   nrf_crypto_init.o
       766        130          0         12        324      11641   nrf_crypto_rng.o
       416         42         42          3         77      15412   nrf_drv_rng.o
         0          0          0          0          0        616   nrf_drv_twi.o
       200         26          0         12          0      18148   nrf_drv_uart.o
        50          0          0          0          0       3653   nrf_fprintf.o
       850          4         16          0          0       5626   nrf_fprintf_format.o
       972        432        194          0          0       8296   nrf_fstorage.o
       798         82         72          8        176      16531   nrf_fstorage_sd.o
        12          0          8          0          0       2405   nrf_hw_backend_init.o
       152          6          0          0          0       7843   nrf_hw_backend_rng_mbedtls.o
       200          0          0          0          0      11709   nrf_log_backend_serial.o
       232         44         44         24        128      21494   nrf_log_backend_uart.o
        28          4         33          8          0       3425   nrf_log_default_backends.o
      1636        122         44         16       1404      33832   nrf_log_frontend.o
       566        108        102         64          0       5804   nrf_log_str_formatter.o
       346          0          0          0          0       9835   nrf_memobj.o
       108         16         53          8         12      36998   nrf_pwr_mgmt.o
       444          0          0          0          0       7522   nrf_queue.o
       226          0          0          0          0       5332   nrf_ringbuf.o
       552         60        104          3          0      42180   nrf_sdh.o
       676        230        468          1          0       6041   nrf_sdh_ble.o
        60          4         56          0          0       2564   nrf_sdh_soc.o
        78          0          0          0          0       2908   nrf_section_iter.o
        76         10       1319          0          0       2855   nrf_strerror.o
      1418        104         19          0         92      62338   nrfx_gpiote.o
       112         16         12          8          0       4676   nrfx_prs.o
       224         56         12          8          0      37075   nrfx_rng.o
       962         18         12          0         60      17452   nrfx_twi.o
      1292         40         17          0         44      29045   nrfx_uart.o
      1134         44         18          0         36      24963   nrfx_uarte.o
       326          4         76          0          0      35894   oberon_backend_ecc.o
        38          0          0          0          0       2873   oberon_backend_ecdh.o
      1152        144        285         12          0      18802   peer_data_storage.o
      1442        260        425          8        384      20010   peer_database.o
       314         38          0          0         64       9519   peer_id.o
      1774        456        217         16         12      21057   peer_manager.o
      1840        862        767         96          0      15277   peer_manager_handler.o
       234          0          0          0          0       5631   pm_buffer.o
      2228        278        851          5         64      30563   security_dispatcher.o
      1120        108        407         17          0      50410   security_manager.o
       796         70          0          4          0       3015   system_nrf52.o

    ----------------------------------------------------------------------
     55532       7476      17244       1288      14160    1710859   Object Totals
         0          0         32          0          0          0   (incl. Generated)
        96          0         82         12          7          0   (incl. Padding)

    ----------------------------------------------------------------------

      Code (inc. data)   RO Data    RW Data    ZI Data      Debug   Library Member Name

        86          0          0          0          0          0   __dczerorl2.o
         8          4        133          0          0         68   ctype_o.o
         0          0          0          0          0          0   entry.o
         0          0          0          0          0          0   entry10a.o
         0          0          0          0          0          0   entry11a.o
         8          4          0          0          0          0   entry2.o
         4          0          0          0          0          0   entry5.o
         0          0          0          0          0          0   entry7b.o
         0          0          0          0          0          0   entry8b.o
         8          4          0          0          0          0   entry9a.o
        30          0          0          0          0          0   handlers.o
        36          8          0          0          0         68   init.o
        30          0          0          0          0         68   llshl.o
        32          0          0          0          0         68   llushr.o
        26          0          0          0          0         80   memcmp.o
        40          0          0          0          0         76   memcpy.o
        36          0          0          0          0        108   memseta.o
        28          0          0          0          0         76   strcmp.o
        14          0          0          0          0         68   strlen.o
        98          0          0          0          0         92   uldiv.o
      1644          0          0          0          0          0   occ_bigint256.s.obj
        64          0          0          0          0          0   occ_constant_time.s.obj
       456          4         32          0          0          0   occ_curve25519.c.obj
      1036         32        192         32          0          0   occ_curve_p256.c.obj
        88          0          0          0          0          0   occ_ecdh_p256.c.obj
        72          0          0          0          0          0   occ_ed25519.c.obj
      1004         20       1632          0          0          0   occ_ge25519.c.obj
       700          0          0          0          0          0   occ_mod25519.c.obj
      1644          0          0          0          0          0   occ_mod25519_base.s.obj
       528          0          0          0          0          0   occ_mod_p256.c.obj
      1720          0          0          0          0          0   occ_mod_p256_base.s.obj
       176          4         32          0          0          0   occ_sc25519.c.obj
        80          4         32          0          0          0   occ_sc_p256.c.obj
      2696         76        640          0          0          0   occ_sha512.c.obj
       792          0          0          0          0          0   occ_sha512_loop.c.obj

    ----------------------------------------------------------------------
     13188        160       2700         32          0        772   Library Totals
         4          0          7          0          0          0   (incl. Padding)

    ----------------------------------------------------------------------

      Code (inc. data)   RO Data    RW Data    ZI Data      Debug   Library Name

       484         20        133          0          0        772   mc_w.l
     12700        140       2560         32          0          0   oberon_short_wchar_2.0.5.lib

    ----------------------------------------------------------------------
     13188        160       2700         32          0        772   Library Totals

    ----------------------------------------------------------------------

==============================================================================


      Code (inc. data)   RO Data    RW Data    ZI Data      Debug   

     68720       7636      19944       1320      14160    1648555   Grand Totals
     68720       7636      19944        168      14160    1648555   ELF Image Totals (compressed)
     68720       7636      19944        168          0          0   ROM Totals

==============================================================================

    Total RO  Size (Code + RO Data)                88664 (  86.59kB)
    Total RW  Size (RW Data + ZI Data)             15480 (  15.12kB)
    Total ROM Size (Code + RO Data + RW Data)      88832 (  86.75kB)

==============================================================================

