Component: ARM Compiler 5.06 update 6 (build 750) Tool: armlink [4d35ed]

==============================================================================

Section Cross References

    main.o(i.adv_scan_start) refers to main.o(i.scan_start) for scan_start
    main.o(i.adv_scan_start) refers to boards.o(i.bsp_board_led_on) for bsp_board_led_on
    main.o(i.adv_scan_start) refers to ble_advertising.o(i.ble_advertising_start) for ble_advertising_start
    main.o(i.adv_scan_start) refers to app_error.o(i.app_error_handler_bare) for app_error_handler_bare
    main.o(i.adv_scan_start) refers to nrf_log_frontend.o(i.nrf_log_frontend_std_0) for nrf_log_frontend_std_0
    main.o(i.adv_scan_start) refers to main.o(.bss) for .bss
    main.o(i.adv_scan_start) refers to nrf_log_frontend.o(log_const_data) for m_nrf_log_app_logs_data_const
    main.o(i.alarm_c_evt_handler) refers to nrf_log_frontend.o(i.nrf_log_frontend_std_0) for nrf_log_frontend_std_0
    main.o(i.alarm_c_evt_handler) refers to main.o(i.scan_start) for scan_start
    main.o(i.alarm_c_evt_handler) refers to nrf_ble_scan.o(i.nrf_ble_scan_all_filter_remove) for nrf_ble_scan_all_filter_remove
    main.o(i.alarm_c_evt_handler) refers to app_error.o(i.app_error_handler_bare) for app_error_handler_bare
    main.o(i.alarm_c_evt_handler) refers to strlen.o(.text) for strlen
    main.o(i.alarm_c_evt_handler) refers to nrf_ble_scan.o(i.nrf_ble_scan_filter_set) for nrf_ble_scan_filter_set
    main.o(i.alarm_c_evt_handler) refers to ble_alarm_c.o(i.ble_alarm_c_handles_assign) for ble_alarm_c_handles_assign
    main.o(i.alarm_c_evt_handler) refers to main.o(i.nrf_gpio_pin_toggle) for nrf_gpio_pin_toggle
    main.o(i.alarm_c_evt_handler) refers to nrf_log_frontend.o(log_const_data) for m_nrf_log_app_logs_data_const
    main.o(i.alarm_c_evt_handler) refers to main.o(.bss) for .bss
    main.o(i.alarm_c_evt_handler) refers to main.o(.constdata) for .constdata
    main.o(i.assert_nrf_callback) refers to app_error_handler_keil.o(.emb_text) for app_error_handler
    main.o(i.ble_evt_handler) refers to ble_conn_state.o(i.ble_conn_state_role) for ble_conn_state_role
    main.o(i.ble_evt_handler) refers to memcmp.o(.text) for memcmp
    main.o(i.ble_evt_handler) refers to main.o(i.on_ble_evt) for on_ble_evt
    main.o(i.ble_evt_handler) refers to main.o(i.on_ble_central_evt) for on_ble_central_evt
    main.o(i.ble_evt_handler) refers to nrf_log_frontend.o(i.nrf_log_frontend_std_3) for nrf_log_frontend_std_3
    main.o(i.ble_evt_handler) refers to main.o(i.on_ble_peripheral_evt) for on_ble_peripheral_evt
    main.o(i.ble_evt_handler) refers to main.o(.bss) for .bss
    main.o(i.ble_evt_handler) refers to nrf_log_frontend.o(log_const_data) for m_nrf_log_app_logs_data_const
    main.o(i.ble_evt_handler) refers to main.o(.conststring) for .conststring
    main.o(i.bsp_event_handler) refers to main.o(i.open_door_button) for open_door_button
    main.o(i.bsp_event_handler) refers to main.o(i.on_num_comp_button_press) for on_num_comp_button_press
    main.o(i.buttons_leds_init) refers to main.o(i.nrf_gpio_cfg) for nrf_gpio_cfg
    main.o(i.buttons_leds_init) refers to main.o(i.nrf_gpio_pin_clear) for nrf_gpio_pin_clear
    main.o(i.buttons_leds_init) refers to bsp.o(i.bsp_init) for bsp_init
    main.o(i.buttons_leds_init) refers to app_error.o(i.app_error_handler_bare) for app_error_handler_bare
    main.o(i.buttons_leds_init) refers to bsp_btn_ble.o(i.bsp_btn_ble_init) for bsp_btn_ble_init
    main.o(i.buttons_leds_init) refers to main.o(i.bsp_event_handler) for bsp_event_handler
    main.o(i.conn_params_error_handler) refers to app_error.o(i.app_error_handler_bare) for app_error_handler_bare
    main.o(i.db_disc_handler) refers to ble_alarm_c.o(i.ble_alarm_c_on_db_disc_evt) for ble_alarm_c_on_db_disc_evt
    main.o(i.db_disc_handler) refers to main.o(.bss) for .bss
    main.o(i.delay_handler) refers to ble_sml.o(i.ble_sml_custom_value_update) for ble_sml_custom_value_update
    main.o(i.delay_handler) refers to main.o(i.nrf_gpio_pin_toggle) for nrf_gpio_pin_toggle
    main.o(i.delay_handler) refers to app_timer.o(i.app_timer_stop) for app_timer_stop
    main.o(i.delay_handler) refers to app_error.o(i.app_error_handler_bare) for app_error_handler_bare
    main.o(i.delay_handler) refers to main.o(.data) for .data
    main.o(i.delay_handler) refers to main.o(.bss) for .bss
    main.o(i.delay_handler) refers to main.o(.constdata) for .constdata
    main.o(i.delete_finger_handler) refers to r301.o(i.check_sum) for check_sum
    main.o(i.delete_finger_handler) refers to ble_sml.o(i.ble_sml_custom_value_update) for ble_sml_custom_value_update
    main.o(i.delete_finger_handler) refers to r301.o(i.Delete_Template) for Delete_Template
    main.o(i.delete_finger_handler) refers to main.o(i.send_alarm) for send_alarm
    main.o(i.delete_finger_handler) refers to app_timer.o(i.app_timer_stop) for app_timer_stop
[...]
    0x0002dda6   0x0002dda6   0x00000002   PAD
    0x0002dda8   0x0002dda8   0x0000005c   Code   RO         2082    i.gscm_service_changed_ind_send  gatts_cache_manager.o
    0x0002de04   0x0002de04   0x00000020   Code   RO        10153    i.handler_uart      r301.o
    0x0002de24   0x0002de24   0x00000026   Code   RO         7140    i.header_check      fds.o
    0x0002de4a   0x0002de4a   0x00000012   Code   RO         7141    i.header_has_next   fds.o
    0x0002de5c   0x0002de5c   0x00000046   Code   RO         2167    i.im_address_resolve  id_manager.o
    0x0002dea2   0x0002dea2   0x00000002   PAD
    0x0002dea4   0x0002dea4   0x00000038   Code   RO         2168    i.im_ble_addr_get   id_manager.o
    0x0002dedc   0x0002dedc   0x000000dc   Code   RO         2169    i.im_ble_evt_handler  id_manager.o
    0x0002dfb8   0x0002dfb8   0x00000040   Code   RO         2170    i.im_conn_handle_get  id_manager.o
    0x0002dff8   0x0002dff8   0x00000038   Code   RO         2172    i.im_find_duplicate_bonding_data  id_manager.o
    0x0002e030   0x0002e030   0x00000072   Code   RO         2175    i.im_is_duplicate_bonding_data  id_manager.o
    0x0002e0a2   0x0002e0a2   0x00000018   Code   RO         2176    i.im_master_id_is_valid  id_manager.o
    0x0002e0ba   0x0002e0ba   0x0000002a   Code   RO         2177    i.im_master_ids_compare  id_manager.o
    0x0002e0e4   0x0002e0e4   0x00000014   Code   RO         2178    i.im_new_peer_id    id_manager.o
    0x0002e0f8   0x0002e0f8   0x0000002c   Code   RO         2179    i.im_peer_free      id_manager.o
    0x0002e124   0x0002e124   0x00000024   Code   RO         2180    i.im_peer_id_get_by_conn_handle  id_manager.o
    0x0002e148   0x0002e148   0x0000003c   Code   RO         2181    i.im_peer_id_get_by_master_id  id_manager.o
    0x0002e184   0x0002e184   0x00000034   Code   RO         8022    i.init              nrf_fstorage_sd.o
    0x0002e1b8   0x0002e1b8   0x000000c8   Code   RO         7142    i.init_execute      fds.o
    0x0002e280   0x0002e280   0x00000048   Code   RO           17    i.init_uart         main.o
    0x0002e2c8   0x0002e2c8   0x00000014   Code   RO         1488    i.instance_get      ble_conn_params.o
    0x0002e2dc   0x0002e2dc   0x000000a6   Code   RO         7894    i.int_print         nrf_fprintf_format.o
    0x0002e382   0x0002e382   0x00000002   PAD
    0x0002e384   0x0002e384   0x00000080   Code   RO         5997    i.interrupts_enable  nrfx_uarte.o
    0x0002e404   0x0002e404   0x00000034   Code   RO         9007    i.invalid_packets_omit  nrf_log_frontend.o
    0x0002e438   0x0002e438   0x00000010   Code   RO         8023    i.is_busy           nrf_fstorage_sd.o
    0x0002e448   0x0002e448   0x00000044   Code   RO         1489    i.is_conn_params_ok  ble_conn_params.o
    0x0002e48c   0x0002e48c   0x0000004c   Code   RO         1742    i.is_desc_discovery_reqd  ble_db_discovery.o
    0x0002e4d8   0x0002e4d8   0x00000014   Code   RO         2186    i.is_valid_irk      id_manager.o
    0x0002e4ec   0x0002e4ec   0x00000024   Code   RO         4665    i.is_vector_greater_or_equal  nrf_crypto_rng.o
    0x0002e510   0x0002e510   0x00000018   Code   RO         2680    i.is_whitelist_used  nrf_ble_scan.o
    0x0002e528   0x0002e528   0x0000000c   Code   RO         7143    i.is_word_aligned   fds.o
    0x0002e534   0x0002e534   0x00000016   Code   RO         8703    i.item_enqueue      nrf_drv_clock.o
    0x0002e54a   0x0002e54a   0x00000002   PAD
    0x0002e54c   0x0002e54c   0x00000030   Code   RO         1034    i.leds_off          bsp.o
    0x0002e57c   0x0002e57c   0x00000014   Code   RO         1035    i.leds_timer_handler  bsp.o
    0x0002e590   0x0002e590   0x00000014   Code   RO         2332    i.link_init         nrf_ble_gatt.o
    0x0002e5a4   0x0002e5a4   0x000000d0   Code   RO         3749    i.link_secure       security_manager.o
    0x0002e674   0x0002e674   0x0000000a   Code   RO         3595    i.link_secure_authenticate  security_dispatcher.o
    0x0002e67e   0x0002e67e   0x00000002   PAD
    0x0002e680   0x0002e680   0x00000068   Code   RO         3596    i.link_secure_central  security_dispatcher.o
    0x0002e6e8   0x0002e6e8   0x00000094   Code   RO         3597    i.link_secure_central_encryption  security_dispatcher.o
    0x0002e77c   0x0002e77c   0x0000003c   Code   RO         3598    i.link_secure_failure  security_dispatcher.o
    0x0002e7b8   0x0002e7b8   0x0000002c   Code   RO         3750    i.link_secure_pending_handle  security_manager.o
    0x0002e7e4   0x0002e7e4   0x000000f8   Code   RO         6866    i.list_insertions_handler  app_timer.o
    0x0002e8dc   0x0002e8dc   0x000000a8   Code   RO         1926    i.local_db_apply_in_evt  gatt_cache_manager.o
    0x0002e984   0x0002e984   0x00000010   Code   RO         1927    i.local_db_update   gatt_cache_manager.o
    0x0002e994   0x0002e994   0x0000010c   Code   RO         1928    i.local_db_update_in_evt  gatt_cache_manager.o
    0x0002eaa0   0x0002eaa0   0x00000034   Code   RO           18    i.lock_handler      main.o
    0x0002ead4   0x0002ead4   0x0000009c   Code   RO         9008    i.log_skip          nrf_log_frontend.o
    0x0002eb70   0x0002eb70   0x00000284   Code   RO           19    i.main              main.o
    0x0002edf4   0x0002edf4   0x00000064   Code   RO         1277    i.manuf_specific_data_encode  ble_advdata.o
    0x0002ee58   0x0002ee58   0x0000001a   Code   RO         9805    i.mbedtls_aes_crypt_ecb  aes.o
    0x0002ee72   0x0002ee72   0x00000002   PAD
    0x0002ee74   0x0002ee74   0x000003c8   Code   RO         9806    i.mbedtls_aes_decrypt  aes.o
    0x0002f23c   0x0002f23c   0x000003c8   Code   RO         9807    i.mbedtls_aes_encrypt  aes.o
    0x0002f604   0x0002f604   0x00000016   Code   RO         9808    i.mbedtls_aes_free  aes.o
    0x0002f61a   0x0002f61a   0x00000008   Code   RO         9809    i.mbedtls_aes_init  aes.o
    0x0002f622   0x0002f622   0x00000002   PAD
    0x0002f624   0x0002f624   0x0000019c   Code   RO         9811    i.mbedtls_aes_setkey_enc  aes.o
    0x0002f7c0   0x0002f7c0   0x0000001e   Code   RO         9881    i.mbedtls_ctr_drbg_free  ctr_drbg.o
    0x0002f7de   0x0002f7de   0x00000008   Code   RO         9882    i.mbedtls_ctr_drbg_init  ctr_drbg.o
    0x0002f7e6   0x0002f7e6   0x0000000c   Code   RO         9883    i.mbedtls_ctr_drbg_random  ctr_drbg.o
    0x0002f7f2   0x0002f7f2   0x000000ba   Code   RO         9884    i.mbedtls_ctr_drbg_random_with_add  ctr_drbg.o
    0x0002f8ac   0x0002f8ac   0x0000006a   Code   RO         9885    i.mbedtls_ctr_drbg_reseed  ctr_drbg.o
    0x0002f916   0x0002f916   0x00000010   Code   RO         9886    i.mbedtls_ctr_drbg_seed  ctr_drbg.o
    0x0002f926   0x0002f926   0x0000004c   Code   RO         9887    i.mbedtls_ctr_drbg_seed_entropy_len  ctr_drbg.o
    0x0002f972   0x0002f972   0x0000007e   Code   RO         8132    i.memobj_op         nrf_memobj.o
    0x0002f9f0   0x0002f9f0   0x00000030   Code   RO         9009    i.module_idx_get    nrf_log_frontend.o
    0x0002fa20   0x0002fa20   0x00000008   Code   RO         3542    i.mutex_lock_status_get  pm_buffer.o
    0x0002fa28   0x0002fa28   0x000000a6   Code   RO         1278    i.name_encode       ble_advdata.o
    0x0002face   0x0002face   0x00000002   PAD
    0x0002fad0   0x0002fad0   0x00000014   Code   RO         3751    i.new_context_get   security_manager.o
    0x0002fae4   0x0002fae4   0x00000030   Code   RO         3062    i.next_id_get       peer_id.o
    0x0002fb14   0x0002fb14   0x00000010   Code   RO         7547    i.nrf_atfifo_clear  nrf_atfifo.o
    0x0002fb24   0x0002fb24   0x00000026   Code   RO         7549    i.nrf_atfifo_init   nrf_atfifo.o
    0x0002fb4a   0x0002fb4a   0x00000016   Code   RO         7550    i.nrf_atfifo_item_alloc  nrf_atfifo.o
    0x0002fb60   0x0002fb60   0x00000016   Code   RO         7551    i.nrf_atfifo_item_free  nrf_atfifo.o
    0x0002fb76   0x0002fb76   0x00000016   Code   RO         7552    i.nrf_atfifo_item_get  nrf_atfifo.o
    0x0002fb8c   0x0002fb8c   0x00000016   Code   RO         7553    i.nrf_atfifo_item_put  nrf_atfifo.o
    0x0002fba2   0x0002fba2   0x00000016   Code   RO         7615    i.nrf_atflags_clear  nrf_atflags.o
    0x0002fbb8   0x0002fbb8   0x00000020   Code   RO         7617    i.nrf_atflags_fetch_set  nrf_atflags.o
    0x0002fbd8   0x0002fbd8   0x0000004a   Code   RO         7619    i.nrf_atflags_find_and_set_flag  nrf_atflags.o
    0x0002fc22   0x0002fc22   0x00000016   Code   RO         7620    i.nrf_atflags_get   nrf_atflags.o
    0x0002fc38   0x0002fc38   0x00000014   Code   RO         7622    i.nrf_atflags_set   nrf_atflags.o
    0x0002fc4c   0x0002fc4c   0x00000006   Code   RO         7682    i.nrf_atomic_flag_clear  nrf_atomic.o
    0x0002fc52   0x0002fc52   0x00000006   Code   RO         7683    i.nrf_atomic_flag_clear_fetch  nrf_atomic.o
    0x0002fc58   0x0002fc58   0x00000006   Code   RO         7684    i.nrf_atomic_flag_set  nrf_atomic.o
    0x0002fc5e   0x0002fc5e   0x00000006   Code   RO         7685    i.nrf_atomic_flag_set_fetch  nrf_atomic.o
    0x0002fc64   0x0002fc64   0x0000000c   Code   RO         7686    i.nrf_atomic_u32_add  nrf_atomic.o
    0x0002fc70   0x0002fc70   0x0000000c   Code   RO         7687    i.nrf_atomic_u32_and  nrf_atomic.o
    0x0002fc7c   0x0002fc7c   0x0000000a   Code   RO         7689    i.nrf_atomic_u32_fetch_add  nrf_atomic.o
    0x0002fc86   0x0002fc86   0x0000000a   Code   RO         7690    i.nrf_atomic_u32_fetch_and  nrf_atomic.o
    0x0002fc90   0x0002fc90   0x0000000a   Code   RO         7691    i.nrf_atomic_u32_fetch_or  nrf_atomic.o
    0x0002fc9a   0x0002fc9a   0x0000000a   Code   RO         7692    i.nrf_atomic_u32_fetch_store  nrf_atomic.o
    0x0002fca4   0x0002fca4   0x0000000c   Code   RO         7696    i.nrf_atomic_u32_or  nrf_atomic.o
    0x0002fcb0   0x0002fcb0   0x0000000c   Code   RO         7698    i.nrf_atomic_u32_sub  nrf_atomic.o
    0x0002fcbc   0x0002fcbc   0x00000044   Code   RO         7817    i.nrf_balloc_alloc  nrf_balloc.o
    0x0002fd00   0x0002fd00   0x00000030   Code   RO         7818    i.nrf_balloc_free   nrf_balloc.o
    0x0002fd30   0x0002fd30   0x00000030   Code   RO         7819    i.nrf_balloc_init   nrf_balloc.o
    0x0002fd60   0x0002fd60   0x00000010   Code   RO         5416    i.nrf_bitmask_bit_is_set  nrfx_gpiote.o
    0x0002fd70   0x0002fd70   0x00000014   Code   RO         5417    i.nrf_bitmask_bit_set  nrfx_gpiote.o
    0x0002fd84   0x0002fd84   0x0000002c   Code   RO         2338    i.nrf_ble_gatt_init  nrf_ble_gatt.o
    0x0002fdb0   0x0002fdb0   0x00000170   Code   RO         2339    i.nrf_ble_gatt_on_ble_evt  nrf_ble_gatt.o
    0x0002ff20   0x0002ff20   0x00000074   Code   RO         2434    i.nrf_ble_lesc_init  nrf_ble_lesc.o
    0x0002ff94   0x0002ff94   0x0000015c   Code   RO         2435    i.nrf_ble_lesc_keypair_generate  nrf_ble_lesc.o
    0x000300f0   0x000300f0   0x00000044   Code   RO         2436    i.nrf_ble_lesc_on_ble_evt  nrf_ble_lesc.o
    0x00030134   0x00030134   0x0000003c   Code   RO         2437    i.nrf_ble_lesc_public_key_get  nrf_ble_lesc.o
    0x00030170   0x00030170   0x0000004c   Code   RO         2438    i.nrf_ble_lesc_request_handler  nrf_ble_lesc.o
    0x000301bc   0x000301bc   0x00000016   Code   RO         2636    i.nrf_ble_qwr_conn_handle_assign  nrf_ble_qwr.o
    0x000301d2   0x000301d2   0x00000024   Code   RO         2637    i.nrf_ble_qwr_init  nrf_ble_qwr.o
    0x000301f6   0x000301f6   0x000000b6   Code   RO         2638    i.nrf_ble_qwr_on_ble_evt  nrf_ble_qwr.o
    0x000302ac   0x000302ac   0x00000018   Code   RO         2681    i.nrf_ble_scan_all_filter_remove  nrf_ble_scan.o
    0x000302c4   0x000302c4   0x00000050   Code   RO         2682    i.nrf_ble_scan_connect_with_target  nrf_ble_scan.o
    0x00030314   0x00030314   0x00000012   Code   RO         2684    i.nrf_ble_scan_default_conn_param_set  nrf_ble_scan.o
    0x00030326   0x00030326   0x00000020   Code   RO         2685    i.nrf_ble_scan_default_param_set  nrf_ble_scan.o
    0x00030346   0x00030346   0x00000002   PAD
    0x00030348   0x00030348   0x000000a6   Code   RO         2687    i.nrf_ble_scan_filter_set  nrf_ble_scan.o
    0x000303ee   0x000303ee   0x00000014   Code   RO         2688    i.nrf_ble_scan_filters_disable  nrf_ble_scan.o
    0x00030402   0x00030402   0x00000046   Code   RO         2689    i.nrf_ble_scan_filters_enable  nrf_ble_scan.o
    0x00030448   0x00030448   0x00000070   Code   RO         2690    i.nrf_ble_scan_init  nrf_ble_scan.o
    0x000304b8   0x000304b8   0x0000014a   Code   RO         2691    i.nrf_ble_scan_on_adv_report  nrf_ble_scan.o
    0x00030602   0x00030602   0x000000ae   Code   RO         2692    i.nrf_ble_scan_on_ble_evt  nrf_ble_scan.o
    0x000306b0   0x000306b0   0x00000088   Code   RO         2694    i.nrf_ble_scan_start  nrf_ble_scan.o
    0x00030738   0x00030738   0x0000000e   Code   RO         6516    i.nrf_clock_event_check  nrfx_clock.o
    0x00030746   0x00030746   0x00000010   Code   RO         6517    i.nrf_clock_event_clear  nrfx_clock.o
    0x00030756   0x00030756   0x00000010   Code   RO         4952    i.nrf_crypto_backend_curve25519_ecdh_compute  oberon_backend_ecdh.o
    0x00030766   0x00030766   0x0000003a   Code   RO         4830    i.nrf_crypto_backend_curve25519_key_pair_generate  oberon_backend_ecc.o
    0x000307a0   0x000307a0   0x00000010   Code   RO         4831    i.nrf_crypto_backend_curve25519_public_key_calculate  oberon_backend_ecc.o
    0x000307b0   0x000307b0   0x00000032   Code   RO         4832    i.nrf_crypto_backend_ed25519_key_pair_generate  oberon_backend_ecc.o
    0x000307e2   0x000307e2   0x0000001c   Code   RO         4833    i.nrf_crypto_backend_ed25519_private_key_from_raw  oberon_backend_ecc.o
    0x000307fe   0x000307fe   0x00000012   Code   RO         4834    i.nrf_crypto_backend_ed25519_public_key_calculate  oberon_backend_ecc.o
    0x00030810   0x00030810   0x00000010   Code   RO         4835    i.nrf_crypto_backend_oberon_ecc_secp256r1_rng  oberon_backend_ecc.o
    0x00030820   0x00030820   0x00000010   Code   RO         4836    i.nrf_crypto_backend_oberon_private_key_from_raw  oberon_backend_ecc.o
    0x00030830   0x00030830   0x00000016   Code   RO         4837    i.nrf_crypto_backend_oberon_private_key_to_raw  oberon_backend_ecc.o
    0x00030846   0x00030846   0x00000010   Code   RO         4838    i.nrf_crypto_backend_oberon_public_key_from_raw  oberon_backend_ecc.o
    0x00030856   0x00030856   0x00000016   Code   RO         4839    i.nrf_crypto_backend_oberon_public_key_to_raw  oberon_backend_ecc.o
    0x0003086c   0x0003086c   0x00000016   Code   RO         4953    i.nrf_crypto_backend_secp256r1_ecdh_compute  oberon_backend_ecdh.o
    0x00030882   0x00030882   0x00000026   Code   RO         4840    i.nrf_crypto_backend_secp256r1_key_pair_generate  oberon_backend_ecc.o
    0x000308a8   0x000308a8   0x00000016   Code   RO         4841    i.nrf_crypto_backend_secp256r1_public_key_calculate  oberon_backend_ecc.o
    0x000308be   0x000308be   0x00000048   Code   RO         4235    i.nrf_crypto_ecc_byte_order_invert  nrf_crypto_ecc.o
    0x00030906   0x00030906   0x00000002   PAD
    0x00030908   0x00030908   0x00000088   Code   RO         4237    i.nrf_crypto_ecc_key_pair_generate  nrf_crypto_ecc.o
    0x00030990   0x00030990   0x00000048   Code   RO         4243    i.nrf_crypto_ecc_public_key_from_raw  nrf_crypto_ecc.o
    0x000309d8   0x000309d8   0x00000044   Code   RO         4244    i.nrf_crypto_ecc_public_key_to_raw  nrf_crypto_ecc.o
    0x00030a1c   0x00030a1c   0x000000a0   Code   RO         4336    i.nrf_crypto_ecdh_compute  nrf_crypto_ecdh.o
    0x00030abc   0x00030abc   0x00000040   Code   RO         4618    i.nrf_crypto_init   nrf_crypto_init.o
    0x00030afc   0x00030afc   0x00000018   Code   RO         4245    i.nrf_crypto_internal_ecc_key_input_check  nrf_crypto_ecc.o
    0x00030b14   0x00030b14   0x0000001a   Code   RO         4246    i.nrf_crypto_internal_ecc_key_output_prepare  nrf_crypto_ecc.o
    0x00030b2e   0x00030b2e   0x00000016   Code   RO         4247    i.nrf_crypto_internal_ecc_raw_input_check  nrf_crypto_ecc.o
    0x00030b44   0x00030b44   0x0000001c   Code   RO         4248    i.nrf_crypto_internal_ecc_raw_output_prepare  nrf_crypto_ecc.o
    0x00030b60   0x00030b60   0x0000001c   Code   RO         4620    i.nrf_crypto_is_initializing  nrf_crypto_init.o
    0x00030b7c   0x00030b7c   0x00000034   Code   RO         5202    i.nrf_crypto_rng_backend_init  nrf_hw_backend_rng_mbedtls.o
    0x00030bb0   0x00030bb0   0x00000014   Code   RO         5203    i.nrf_crypto_rng_backend_reseed  nrf_hw_backend_rng_mbedtls.o
    0x00030bc4   0x00030bc4   0x00000010   Code   RO         5204    i.nrf_crypto_rng_backend_uninit  nrf_hw_backend_rng_mbedtls.o
    0x00030bd4   0x00030bd4   0x00000010   Code   RO         5205    i.nrf_crypto_rng_backend_vector_generate  nrf_hw_backend_rng_mbedtls.o
    0x00030be4   0x00030be4   0x000000b4   Code   RO         4666    i.nrf_crypto_rng_init  nrf_crypto_rng.o
    0x00030c98   0x00030c98   0x00000098   Code   RO         4667    i.nrf_crypto_rng_reseed  nrf_crypto_rng.o
    0x00030d30   0x00030d30   0x00000038   Code   RO         4668    i.nrf_crypto_rng_uninit  nrf_crypto_rng.o
    0x00030d68   0x00030d68   0x00000006   Code   RO         4669    i.nrf_crypto_rng_vector_generate  nrf_crypto_rng.o
    0x00030d6e   0x00030d6e   0x0000000c   Code   RO         4670    i.nrf_crypto_rng_vector_generate_in_range  nrf_crypto_rng.o
    0x00030d7a   0x00030d7a   0x00000002   PAD
    0x00030d7c   0x00030d7c   0x00000038   Code   RO         8709    i.nrf_drv_clock_init  nrf_drv_clock.o
    0x00030db4   0x00030db4   0x00000030   Code   RO         8713    i.nrf_drv_clock_lfclk_release  nrf_drv_clock.o
    0x00030de4   0x00030de4   0x00000054   Code   RO         8714    i.nrf_drv_clock_lfclk_request  nrf_drv_clock.o
    0x00030e38   0x00030e38   0x00000028   Code   RO         5280    i.nrf_drv_rng_block_rand  nrf_drv_rng.o
    0x00030e60   0x00030e60   0x00000058   Code   RO         5282    i.nrf_drv_rng_init  nrf_drv_rng.o
    0x00030eb8   0x00030eb8   0x00000060   Code   RO         5283    i.nrf_drv_rng_rand  nrf_drv_rng.o
    0x00030f18   0x00030f18   0x00000038   Code   RO         5284    i.nrf_drv_rng_uninit  nrf_drv_rng.o
    0x00030f50   0x00030f50   0x00000068   Code   RO         5360    i.nrf_drv_uart_init  nrf_drv_uart.o
    0x00030fb8   0x00030fb8   0x00000020   Code   RO         8532    i.nrf_drv_uart_rx   app_uart_fifo.o
    0x00030fd8   0x00030fd8   0x00000020   Code   RO         8533    i.nrf_drv_uart_tx   app_uart_fifo.o
    0x00030ff8   0x00030ff8   0x0000001a   Code   RO         7854    i.nrf_fprintf       nrf_fprintf.o
    0x00031012   0x00031012   0x00000018   Code   RO         7855    i.nrf_fprintf_buffer_flush  nrf_fprintf.o
    0x0003102a   0x0003102a   0x000001da   Code   RO         7895    i.nrf_fprintf_fmt   nrf_fprintf_format.o
    0x00031204   0x00031204   0x00000138   Code   RO         7935    i.nrf_fstorage_erase  nrf_fstorage.o
    0x0003133c   0x0003133c   0x00000094   Code   RO         7936    i.nrf_fstorage_init  nrf_fstorage.o
    0x000313d0   0x000313d0   0x00000018   Code   RO         8024    i.nrf_fstorage_sdh_req_handler  nrf_fstorage_sd.o
    0x000313e8   0x000313e8   0x00000020   Code   RO         8025    i.nrf_fstorage_sdh_state_handler  nrf_fstorage_sd.o
    0x00031408   0x00031408   0x000000a4   Code   RO         8026    i.nrf_fstorage_sys_evt_handler  nrf_fstorage_sd.o
    0x000314ac   0x000314ac   0x000001dc   Code   RO         7942    i.nrf_fstorage_write  nrf_fstorage.o
    0x00031688   0x00031688   0x00000024   Code   RO           20    i.nrf_gpio_cfg      main.o
    0x000316ac   0x000316ac   0x00000024   Code   RO          882    i.nrf_gpio_cfg      boards.o
    0x000316d0   0x000316d0   0x00000024   Code   RO         5418    i.nrf_gpio_cfg      nrfx_gpiote.o
    0x000316f4   0x000316f4   0x00000024   Code   RO         5809    i.nrf_gpio_cfg      nrfx_uart.o
    0x00031718   0x00031718   0x00000024   Code   RO         5998    i.nrf_gpio_cfg      nrfx_uarte.o
    0x0003173c   0x0003173c   0x00000012   Code   RO         5811    i.nrf_gpio_cfg_input  nrfx_uart.o
    0x0003174e   0x0003174e   0x00000012   Code   RO         6000    i.nrf_gpio_cfg_input  nrfx_uarte.o
    0x00031760   0x00031760   0x00000014   Code   RO         5812    i.nrf_gpio_cfg_output  nrfx_uart.o
    0x00031774   0x00031774   0x00000014   Code   RO         6001    i.nrf_gpio_cfg_output  nrfx_uarte.o
    0x00031788   0x00031788   0x00000022   Code   RO         5420    i.nrf_gpio_cfg_sense_set  nrfx_gpiote.o
    0x000317aa   0x000317aa   0x0000000e   Code   RO           21    i.nrf_gpio_pin_clear  main.o
    0x000317b8   0x000317b8   0x0000000e   Code   RO           22    i.nrf_gpio_pin_set  main.o
    0x000317c6   0x000317c6   0x0000001c   Code   RO           23    i.nrf_gpio_pin_toggle  main.o
    0x000317e2   0x000317e2   0x0000001c   Code   RO         3926    i.nrf_gpio_pin_toggle  ble_sml.o
    0x000317fe   0x000317fe   0x00000016   Code   RO          883    i.nrf_gpio_pin_write  boards.o
    0x00031814   0x00031814   0x00000028   Code   RO         5421    i.nrf_gpio_ports_read  nrfx_gpiote.o
    0x0003183c   0x0003183c   0x00000014   Code   RO         5422    i.nrf_gpiote_event_clear  nrfx_gpiote.o
    0x00031850   0x00031850   0x00000010   Code   RO         5423    i.nrf_gpiote_event_is_set  nrfx_gpiote.o
    0x00031860   0x00031860   0x00000008   Code   RO         5152    i.nrf_hw_backend_init  nrf_hw_backend_init.o
    0x00031868   0x00031868   0x00000004   Code   RO         5153    i.nrf_hw_backend_uninit  nrf_hw_backend_init.o
    0x0003186c   0x0003186c   0x0000005c   Code   RO         9010    i.nrf_log_backend_add  nrf_log_frontend.o
    0x000318c8   0x000318c8   0x00000002   Code   RO         8847    i.nrf_log_backend_rtt_flush  nrf_log_backend_rtt.o
    0x000318ca   0x000318ca   0x00000004   Code   RO         8848    i.nrf_log_backend_rtt_init  nrf_log_backend_rtt.o
    0x000318ce   0x000318ce   0x00000002   Code   RO         8849    i.nrf_log_backend_rtt_panic_set  nrf_log_backend_rtt.o
    0x000318d0   0x000318d0   0x00000018   Code   RO         8850    i.nrf_log_backend_rtt_put  nrf_log_backend_rtt.o
    0x000318e8   0x000318e8   0x000000c8   Code   RO         8916    i.nrf_log_backend_serial_put  nrf_log_backend_serial.o
    0x000319b0   0x000319b0   0x00000030   Code   RO         9012    i.nrf_log_color_id_get  nrf_log_frontend.o
    0x000319e0   0x000319e0   0x0000001c   Code   RO         8968    i.nrf_log_default_backends_init  nrf_log_default_backends.o
    0x000319fc   0x000319fc   0x00000234   Code   RO         9013    i.nrf_log_frontend_dequeue  nrf_log_frontend.o
    0x00031c30   0x00031c30   0x00000008   Code   RO         9015    i.nrf_log_frontend_std_0  nrf_log_frontend.o
    0x00031c38   0x00031c38   0x0000000e   Code   RO         9016    i.nrf_log_frontend_std_1  nrf_log_frontend.o
    0x00031c46   0x00031c46   0x00000010   Code   RO         9017    i.nrf_log_frontend_std_2  nrf_log_frontend.o
    0x00031c56   0x00031c56   0x00000012   Code   RO         9018    i.nrf_log_frontend_std_3  nrf_log_frontend.o
    0x00031c68   0x00031c68   0x00000014   Code   RO         9019    i.nrf_log_frontend_std_4  nrf_log_frontend.o
    0x00031c7c   0x00031c7c   0x0000001c   Code   RO         9021    i.nrf_log_frontend_std_6  nrf_log_frontend.o
    0x00031c98   0x00031c98   0x000000ac   Code   RO         9190    i.nrf_log_hexdump_entry_process  nrf_log_str_formatter.o
    0x00031d44   0x00031d44   0x0000003c   Code   RO         9022    i.nrf_log_init      nrf_log_frontend.o
    0x00031d80   0x00031d80   0x00000014   Code   RO         9023    i.nrf_log_module_cnt_get  nrf_log_frontend.o
    0x00031d94   0x00031d94   0x0000001c   Code   RO         9026    i.nrf_log_module_name_get  nrf_log_frontend.o
    0x00031db0   0x00031db0   0x0000002c   Code   RO         9027    i.nrf_log_panic     nrf_log_frontend.o
    0x00031ddc   0x00031ddc   0x00000060   Code   RO         9028    i.nrf_log_push      nrf_log_frontend.o
    0x00031e3c   0x00031e3c   0x000000b6   Code   RO         9191    i.nrf_log_std_entry_process  nrf_log_str_formatter.o
    0x00031ef2   0x00031ef2   0x00000060   Code   RO         8133    i.nrf_memobj_alloc  nrf_memobj.o
    0x00031f52   0x00031f52   0x00000032   Code   RO         8134    i.nrf_memobj_free   nrf_memobj.o
    0x00031f84   0x00031f84   0x00000008   Code   RO         8135    i.nrf_memobj_get    nrf_memobj.o
    0x00031f8c   0x00031f8c   0x00000004   Code   RO         8136    i.nrf_memobj_pool_init  nrf_memobj.o
    0x00031f90   0x00031f90   0x0000001e   Code   RO         8137    i.nrf_memobj_put    nrf_memobj.o
    0x00031fae   0x00031fae   0x00000010   Code   RO         8138    i.nrf_memobj_read   nrf_memobj.o
    0x00031fbe   0x00031fbe   0x00000010   Code   RO         8139    i.nrf_memobj_write  nrf_memobj.o
    0x00031fce   0x00031fce   0x00000002   PAD
    0x00031fd0   0x00031fd0   0x00000028   Code   RO         8211    i.nrf_pwr_mgmt_init  nrf_pwr_mgmt.o
    0x00031ff8   0x00031ff8   0x00000044   Code   RO         8212    i.nrf_pwr_mgmt_run  nrf_pwr_mgmt.o
    0x0003203c   0x0003203c   0x0000001e   Code   RO         8287    i.nrf_queue_is_full  nrf_queue.o
    0x0003205a   0x0003205a   0x0000000e   Code   RO         8290    i.nrf_queue_next_idx  nrf_queue.o
    0x00032068   0x00032068   0x000000b2   Code   RO         8292    i.nrf_queue_push    nrf_queue.o
    0x0003211a   0x0003211a   0x0000003e   Code   RO         8293    i.nrf_queue_read    nrf_queue.o
    0x00032158   0x00032158   0x00000022   Code   RO         8294    i.nrf_queue_reset   nrf_queue.o
    0x0003217a   0x0003217a   0x00000004   Code   RO           24    i.nrf_qwr_error_handler  main.o
    0x0003217e   0x0003217e   0x00000070   Code   RO         8396    i.nrf_ringbuf_alloc  nrf_ringbuf.o
    0x000321ee   0x000321ee   0x00000026   Code   RO         8399    i.nrf_ringbuf_free  nrf_ringbuf.o
    0x00032214   0x00032214   0x0000001c   Code   RO         8401    i.nrf_ringbuf_init  nrf_ringbuf.o
    0x00032230   0x00032230   0x00000030   Code   RO         8402    i.nrf_ringbuf_put   nrf_ringbuf.o
    0x00032260   0x00032260   0x00000014   Code   RO         9715    i.nrf_sdh_ble_app_ram_start_get  nrf_sdh_ble.o
    0x00032274   0x00032274   0x00000104   Code   RO         9716    i.nrf_sdh_ble_default_cfg_set  nrf_sdh_ble.o
    0x00032378   0x00032378   0x00000130   Code   RO         9717    i.nrf_sdh_ble_enable  nrf_sdh_ble.o
    0x000324a8   0x000324a8   0x0000005c   Code   RO         9718    i.nrf_sdh_ble_evts_poll  nrf_sdh_ble.o
    0x00032504   0x00032504   0x00000054   Code   RO         9596    i.nrf_sdh_disable_request  nrf_sdh.o
    0x00032558   0x00032558   0x00000074   Code   RO         9597    i.nrf_sdh_enable_request  nrf_sdh.o
    0x000325cc   0x000325cc   0x00000024   Code   RO         9598    i.nrf_sdh_evts_poll  nrf_sdh.o
    0x000325f0   0x000325f0   0x0000000c   Code   RO         9599    i.nrf_sdh_is_enabled  nrf_sdh.o
    0x000325fc   0x000325fc   0x0000001c   Code   RO         9601    i.nrf_sdh_request_continue  nrf_sdh.o
    0x00032618   0x00032618   0x0000003c   Code   RO         9769    i.nrf_sdh_soc_evts_poll  nrf_sdh_soc.o
    0x00032654   0x00032654   0x0000000a   Code   RO         8459    i.nrf_section_iter_init  nrf_section_iter.o
    0x0003265e   0x0003265e   0x00000024   Code   RO         8460    i.nrf_section_iter_item_set  nrf_section_iter.o
    0x00032682   0x00032682   0x00000020   Code   RO         8461    i.nrf_section_iter_next  nrf_section_iter.o
    0x000326a2   0x000326a2   0x00000002   PAD
    0x000326a4   0x000326a4   0x00000014   Code   RO         4673    i.nrf_stack_info_overflowed  nrf_crypto_rng.o
    0x000326b8   0x000326b8   0x00000038   Code   RO         8494    i.nrf_strerror_find  nrf_strerror.o
    0x000326f0   0x000326f0   0x00000014   Code   RO         8495    i.nrf_strerror_get  nrf_strerror.o
    0x00032704   0x00032704   0x0000000a   Code   RO         6222    i.nrf_twi_event_check  nrfx_twi.o
    0x0003270e   0x0003270e   0x0000000c   Code   RO         6223    i.nrf_twi_event_clear  nrfx_twi.o
    0x0003271a   0x0003271a   0x0000000a   Code   RO         5813    i.nrf_uart_event_check  nrfx_uart.o
    0x00032724   0x00032724   0x0000000c   Code   RO         5814    i.nrf_uart_event_clear  nrfx_uart.o
    0x00032730   0x00032730   0x0000000c   Code   RO         5815    i.nrf_uart_int_enable_check  nrfx_uart.o
    0x0003273c   0x0003273c   0x0000000a   Code   RO         6002    i.nrf_uarte_event_check  nrfx_uarte.o
    0x00032746   0x00032746   0x0000000c   Code   RO         6003    i.nrf_uarte_event_clear  nrfx_uarte.o
    0x00032752   0x00032752   0x00000002   PAD
    0x00032754   0x00032754   0x00000030   Code   RO         6522    i.nrfx_clock_enable  nrfx_clock.o
    0x00032784   0x00032784   0x00000020   Code   RO         6525    i.nrfx_clock_init   nrfx_clock.o
    0x000327a4   0x000327a4   0x0000004c   Code   RO         6527    i.nrfx_clock_lfclk_start  nrfx_clock.o
    0x000327f0   0x000327f0   0x0000001c   Code   RO         6528    i.nrfx_clock_lfclk_stop  nrfx_clock.o
    0x0003280c   0x0003280c   0x00000010   Code   RO         6867    i.nrfx_coredep_delay_us  app_timer.o
    0x0003281c   0x0003281c   0x000000a4   Code   RO         5428    i.nrfx_gpiote_in_event_enable  nrfx_gpiote.o
    0x000328c0   0x000328c0   0x000000d0   Code   RO         5429    i.nrfx_gpiote_in_init  nrfx_gpiote.o
    0x00032990   0x00032990   0x00000014   Code   RO         5430    i.nrfx_gpiote_in_is_set  nrfx_gpiote.o
    0x000329a4   0x000329a4   0x00000070   Code   RO         5432    i.nrfx_gpiote_init  nrfx_gpiote.o
    0x00032a14   0x00032a14   0x00000014   Code   RO         5433    i.nrfx_gpiote_is_init  nrfx_gpiote.o
    0x00032a28   0x00032a28   0x000000c0   Code   RO         5435    i.nrfx_gpiote_out_init  nrfx_gpiote.o
    0x00032ae8   0x00032ae8   0x00000010   Code   RO         6004    i.nrfx_is_in_ram    nrfx_uarte.o
    0x00032af8   0x00032af8   0x0000003a   Code   RO         5685    i.nrfx_prs_acquire  nrfx_prs.o
    0x00032b32   0x00032b32   0x00000002   PAD
    0x00032b34   0x00032b34   0x00000038   Code   RO         5285    i.nrfx_rng_handler  nrf_drv_rng.o
    0x00032b6c   0x00032b6c   0x0000005c   Code   RO         5739    i.nrfx_rng_init     nrfx_rng.o
    0x00032bc8   0x00032bc8   0x00000020   Code   RO         5740    i.nrfx_rng_start    nrfx_rng.o
    0x00032be8   0x00032be8   0x00000014   Code   RO         5741    i.nrfx_rng_stop     nrfx_rng.o
    0x00032bfc   0x00032bfc   0x00000028   Code   RO         5742    i.nrfx_rng_uninit   nrfx_rng.o
    0x00032c24   0x00032c24   0x00000010   Code   RO         5816    i.nrfx_uart_0_irq_handler  nrfx_uart.o
    0x00032c34   0x00032c34   0x000000d4   Code   RO         5818    i.nrfx_uart_init    nrfx_uart.o
    0x00032d08   0x00032d08   0x000000ec   Code   RO         5819    i.nrfx_uart_rx      nrfx_uart.o
    0x00032df4   0x00032df4   0x000000a4   Code   RO         5824    i.nrfx_uart_tx      nrfx_uart.o
    0x00032e98   0x00032e98   0x00000020   Code   RO         5826    i.nrfx_uart_tx_in_progress  nrfx_uart.o
    0x00032eb8   0x00032eb8   0x00000010   Code   RO         6005    i.nrfx_uarte_0_irq_handler  nrfx_uarte.o
    0x00032ec8   0x00032ec8   0x0000006c   Code   RO         6007    i.nrfx_uarte_init   nrfx_uarte.o
    0x00032f34   0x00032f34   0x00000104   Code   RO         6008    i.nrfx_uarte_rx     nrfx_uarte.o
    0x00033038   0x00033038   0x00000090   Code   RO         6011    i.nrfx_uarte_tx     nrfx_uarte.o
    0x000330c8   0x000330c8   0x0000001c   Code   RO         6013    i.nrfx_uarte_tx_in_progress  nrfx_uarte.o
    0x000330e4   0x000330e4   0x00000084   Code   RO           25    i.num_comp_reply    main.o
    0x00033168   0x00033168   0x00000004   Code   RO         4842    i.oberon_vector_generate  oberon_backend_ecc.o
    0x0003316c   0x0003316c   0x00000034   Code   RO           26    i.on_adv_evt        main.o
    0x000331a0   0x000331a0   0x0000016c   Code   RO           27    i.on_ble_central_evt  main.o
    0x0003330c   0x0003330c   0x00000264   Code   RO           28    i.on_ble_evt        main.o
    0x00033570   0x00033570   0x000000c8   Code   RO           29    i.on_ble_peripheral_evt  main.o
    0x00033638   0x00033638   0x00000150   Code   RO         1743    i.on_characteristic_discovery_rsp  ble_db_discovery.o
    0x00033788   0x00033788   0x000000a8   Code   RO         2340    i.on_connected_evt  nrf_ble_gatt.o
    0x00033830   0x00033830   0x000000f0   Code   RO         1744    i.on_descriptor_discovery_rsp  ble_db_discovery.o
    0x00033920   0x00033920   0x000000fc   Code   RO         2439    i.on_dhkey_request  nrf_ble_lesc.o
    0x00033a1c   0x00033a1c   0x000000ac   Code   RO         2341    i.on_exchange_mtu_request_evt  nrf_ble_gatt.o
    0x00033ac8   0x00033ac8   0x00000030   Code   RO           30    i.on_num_comp_button_press  main.o
    0x00033af8   0x00033af8   0x0000006c   Code   RO         1745    i.on_primary_srv_discovery_rsp  ble_db_discovery.o
    0x00033b64   0x00033b64   0x00000124   Code   RO           31    i.on_sml_evt        main.o
    0x00033c88   0x00033c88   0x0000007c   Code   RO         1746    i.on_srv_disc_completion  ble_db_discovery.o
    0x00033d04   0x00033d04   0x00000118   Code   RO         3927    i.on_write          ble_sml.o
    0x00033e1c   0x00033e1c   0x00000054   Code   RO           32    i.open_door_button  main.o
    0x00033e70   0x00033e70   0x00000024   Code   RO         7144    i.page_identify     fds.o
    0x00033e94   0x00033e94   0x0000001c   Code   RO         7145    i.page_offsets_update  fds.o
    0x00033eb0   0x00033eb0   0x0000006c   Code   RO         7146    i.page_scan         fds.o
    0x00033f1c   0x00033f1c   0x0000001c   Code   RO         7147    i.page_tag_write_data  fds.o
    0x00033f38   0x00033f38   0x00000024   Code   RO         7148    i.page_tag_write_swap  fds.o
    0x00033f5c   0x00033f5c   0x0000011c   Code   RO         7149    i.pages_init        fds.o
    0x00034078   0x00034078   0x0000000c   Code   RO         3599    i.pairing           security_dispatcher.o
    0x00034084   0x00034084   0x00000074   Code   RO         3600    i.pairing_failure   security_dispatcher.o
    0x000340f8   0x000340f8   0x0000002e   Code   RO         3601    i.pairing_success_evt_send  security_dispatcher.o
    0x00034126   0x00034126   0x00000006   Code   RO         3752    i.params_reply_pending_handle  security_manager.o
    0x0003412c   0x0003412c   0x00000028   Code   RO         3753    i.params_req_send   security_manager.o
    0x00034154   0x00034154   0x0000001c   Code   RO         2942    i.pdb_evt_send      peer_database.o
    0x00034170   0x00034170   0x00000090   Code   RO         2943    i.pdb_init          peer_database.o
    0x00034200   0x00034200   0x0000007c   Code   RO         2944    i.pdb_pds_evt_handler  peer_database.o
    0x0003427c   0x0003427c   0x00000006   Code   RO         2945    i.pdb_peer_data_ptr_get  peer_database.o
    0x00034282   0x00034282   0x00000002   PAD
    0x00034284   0x00034284   0x0000008c   Code   RO         2946    i.pdb_peer_free     peer_database.o
    0x00034310   0x00034310   0x000000dc   Code   RO         2947    i.pdb_write_buf_get  peer_database.o
    0x000343ec   0x000343ec   0x00000014   Code   RO         2948    i.pdb_write_buf_release  peer_database.o
    0x00034400   0x00034400   0x00000036   Code   RO         2949    i.pdb_write_buf_store  peer_database.o
    0x00034436   0x00034436   0x00000002   PAD
    0x00034438   0x00034438   0x00000010   Code   RO         2801    i.pds_evt_send      peer_data_storage.o
    0x00034448   0x00034448   0x000000dc   Code   RO         2802    i.pds_init          peer_data_storage.o
    0x00034524   0x00034524   0x00000004   Code   RO         2803    i.pds_next_deleted_peer_id_get  peer_data_storage.o
    0x00034528   0x00034528   0x00000004   Code   RO         2804    i.pds_next_peer_id_get  peer_data_storage.o
    0x0003452c   0x0003452c   0x00000058   Code   RO         2807    i.pds_peer_data_iterate  peer_data_storage.o
    0x00034584   0x00034584   0x00000010   Code   RO         2808    i.pds_peer_data_iterate_prepare  peer_data_storage.o
    0x00034594   0x00034594   0x00000072   Code   RO         2809    i.pds_peer_data_read  peer_data_storage.o
    0x00034606   0x00034606   0x00000002   PAD
    0x00034608   0x00034608   0x000000a0   Code   RO         2810    i.pds_peer_data_store  peer_data_storage.o
    0x000346a8   0x000346a8   0x00000008   Code   RO         2811    i.pds_peer_id_allocate  peer_data_storage.o
    0x000346b0   0x000346b0   0x00000016   Code   RO         2812    i.pds_peer_id_free  peer_data_storage.o
    0x000346c6   0x000346c6   0x00000004   Code   RO         2813    i.pds_peer_id_is_allocated  peer_data_storage.o
    0x000346ca   0x000346ca   0x00000002   PAD
    0x000346cc   0x000346cc   0x0000009c   Code   RO         2815    i.peer_data_delete_process  peer_data_storage.o
    0x00034768   0x00034768   0x00000030   Code   RO         2816    i.peer_data_find    peer_data_storage.o
    0x00034798   0x00034798   0x00000024   Code   RO         2817    i.peer_data_id_is_valid  peer_data_storage.o
    0x000347bc   0x000347bc   0x0000001a   Code   RO         2950    i.peer_data_point_to_buffer  peer_database.o
    0x000347d6   0x000347d6   0x00000002   PAD
    0x000347d8   0x000347d8   0x0000000c   Code   RO         3063    i.peer_id_allocate  peer_id.o
    0x000347e4   0x000347e4   0x00000024   Code   RO         3064    i.peer_id_delete    peer_id.o
    0x00034808   0x00034808   0x0000001c   Code   RO         3065    i.peer_id_free      peer_id.o
    0x00034824   0x00034824   0x0000000c   Code   RO         3066    i.peer_id_get_next_deleted  peer_id.o
    0x00034830   0x00034830   0x00000030   Code   RO         3067    i.peer_id_get_next_used  peer_id.o
    0x00034860   0x00034860   0x0000000c   Code   RO         3068    i.peer_id_init      peer_id.o
    0x0003486c   0x0003486c   0x00000014   Code   RO         3069    i.peer_id_is_allocated  peer_id.o
    0x00034880   0x00034880   0x00000014   Code   RO         3070    i.peer_id_is_deleted  peer_id.o
    0x00034894   0x00034894   0x0000006c   Code   RO           33    i.peer_manager_init  main.o
    0x00034900   0x00034900   0x00000012   Code   RO         1389    i.phy_is_valid      ble_advertising.o
    0x00034912   0x00034912   0x00000002   PAD
    0x00034914   0x00034914   0x00000018   Code   RO         5449    i.pin_in_use_by_port  nrfx_gpiote.o
    0x0003492c   0x0003492c   0x00000018   Code   RO         5450    i.pin_in_use_by_te  nrfx_gpiote.o
    0x00034944   0x00034944   0x00000064   Code   RO         3543    i.pm_buffer_block_acquire  pm_buffer.o
    0x000349a8   0x000349a8   0x00000024   Code   RO         3544    i.pm_buffer_init    pm_buffer.o
    0x000349cc   0x000349cc   0x00000028   Code   RO         3545    i.pm_buffer_ptr_get  pm_buffer.o
    0x000349f4   0x000349f4   0x00000032   Code   RO         3546    i.pm_buffer_release  pm_buffer.o
    0x00034a26   0x00034a26   0x00000002   PAD
    0x00034a28   0x00034a28   0x00000078   Code   RO         3157    i.pm_conn_sec_status_get  peer_manager.o
    0x00034aa0   0x00034aa0   0x0000001c   Code   RO         3158    i.pm_conn_secure    peer_manager.o
    0x00034abc   0x00034abc   0x00000024   Code   RO           34    i.pm_evt_handler    main.o
    0x00034ae0   0x00034ae0   0x00000004   Code   RO         3160    i.pm_gcm_evt_handler  peer_manager.o
    0x00034ae4   0x00034ae4   0x00000068   Code   RO         3450    i.pm_handler_disconnect_on_sec_failure  peer_manager_handler.o
    0x00034b4c   0x00034b4c   0x00000210   Code   RO         3451    i.pm_handler_flash_clean  peer_manager_handler.o
    0x00034d5c   0x00034d5c   0x0000001c   Code   RO         3452    i.pm_handler_flash_clean_on_return  peer_manager_handler.o
    0x00034d78   0x00034d78   0x00000054   Code   RO         3453    i.pm_handler_on_pm_evt  peer_manager_handler.o
    0x00034dcc   0x00034dcc   0x000002dc   Code   RO         3454    i.pm_handler_pm_evt_log  peer_manager_handler.o
    0x000350a8   0x000350a8   0x00000010   Code   RO         3455    i.pm_handler_secure_on_connection  peer_manager_handler.o
    0x000350b8   0x000350b8   0x00000004   Code   RO         3163    i.pm_im_evt_handler  peer_manager.o
    0x000350bc   0x000350bc   0x000001bc   Code   RO         3164    i.pm_init           peer_manager.o
    0x00035278   0x00035278   0x00000120   Code   RO         3168    i.pm_pdb_evt_handler  peer_manager.o
    0x00035398   0x00035398   0x00000014   Code   RO         3179    i.pm_peer_delete    peer_manager.o
    0x000353ac   0x000353ac   0x0000011c   Code   RO         3183    i.pm_peer_rank_highest  peer_manager.o
    0x000354c8   0x000354c8   0x000000ec   Code   RO         3184    i.pm_peer_ranks_get  peer_manager.o
    0x000355b4   0x000355b4   0x00000094   Code   RO         3185    i.pm_peers_delete   peer_manager.o
    0x00035648   0x00035648   0x0000002c   Code   RO         3188    i.pm_register       peer_manager.o
    0x00035674   0x00035674   0x00000014   Code   RO         3189    i.pm_sec_params_set  peer_manager.o
    0x00035688   0x00035688   0x0000000a   Code   RO         3190    i.pm_sm_evt_handler  peer_manager.o
    0x00035692   0x00035692   0x00000002   PAD
    0x00035694   0x00035694   0x0000003c   Code   RO         9193    i.postfix_process   nrf_log_str_formatter.o
    0x000356d0   0x000356d0   0x00000098   Code   RO         9194    i.prefix_process    nrf_log_str_formatter.o
    0x00035768   0x00035768   0x00000018   Code   RO         5687    i.prs_box_get       nrfx_prs.o
    0x00035780   0x00035780   0x0000001c   Code   RO         7150    i.queue_buf_get     fds.o
    0x0003579c   0x0003579c   0x00000010   Code   RO         7151    i.queue_buf_store   fds.o
    0x000357ac   0x000357ac   0x00000014   Code   RO         8027    i.queue_free        nrf_fstorage_sd.o
    0x000357c0   0x000357c0   0x000000a0   Code   RO         7152    i.queue_process     fds.o
    0x00035860   0x00035860   0x000000a0   Code   RO         8028    i.queue_process     nrf_fstorage_sd.o
    0x00035900   0x00035900   0x00000066   Code   RO         8297    i.queue_read        nrf_queue.o
    0x00035966   0x00035966   0x00000002   PAD
    0x00035968   0x00035968   0x0000001c   Code   RO         7153    i.queue_start       fds.o
    0x00035984   0x00035984   0x00000024   Code   RO         8029    i.queue_start       nrf_fstorage_sd.o
    0x000359a8   0x000359a8   0x00000018   Code   RO         8298    i.queue_utilization_get  nrf_queue.o
    0x000359c0   0x000359c0   0x0000001c   Code   RO         3457    i.rank_highest      peer_manager_handler.o
    0x000359dc   0x000359dc   0x00000028   Code   RO         3193    i.rank_vars_update  peer_manager.o
    0x00035a04   0x00035a04   0x0000000e   Code   RO         8030    i.read              nrf_fstorage_sd.o
    0x00035a12   0x00035a12   0x00000002   PAD
    0x00035a14   0x00035a14   0x000000b0   Code   RO         2951    i.reattempt_previous_operations  peer_database.o
    0x00035ac4   0x00035ac4   0x00000088   Code   RO         7154    i.record_find       fds.o
    0x00035b4c   0x00035b4c   0x000000a0   Code   RO         7155    i.record_find_by_desc  fds.o
    0x00035bec   0x00035bec   0x0000005c   Code   RO         7156    i.record_find_next  fds.o
    0x00035c48   0x00035c48   0x00000038   Code   RO         7157    i.record_header_flag_dirty  fds.o
    0x00035c80   0x00035c80   0x00000038   Code   RO         1747    i.registered_handler_get  ble_db_discovery.o
    0x00035cb8   0x00035cb8   0x00000010   Code   RO         3072    i.release           peer_id.o
    0x00035cc8   0x00035cc8   0x00000018   Code   RO        10154    i.reset_buffer      r301.o
    0x00035ce0   0x00035ce0   0x00000022   Code   RO         5206    i.result_get        nrf_hw_backend_rng_mbedtls.o
    0x00035d02   0x00035d02   0x00000004   Code   RO         8031    i.rmap              nrf_fstorage_sd.o
    0x00035d06   0x00035d06   0x00000002   PAD
    0x00035d08   0x00035d08   0x0000003c   Code   RO         6868    i.rtc1_stop         app_timer.o
    0x00035d44   0x00035d44   0x00000032   Code   RO         5828    i.rx_byte           nrfx_uart.o
    0x00035d76   0x00035d76   0x00000016   Code   RO         5829    i.rx_done_event     nrfx_uart.o
    0x00035d8c   0x00035d8c   0x00000018   Code   RO         6015    i.rx_done_event     nrfx_uarte.o
    0x00035da4   0x00035da4   0x00000020   Code   RO         5830    i.rx_enable         nrfx_uart.o
    0x00035dc4   0x00035dc4   0x00000024   Code   RO         1929    i.sc_send_pending_handle  gatt_cache_manager.o
    0x00035de8   0x00035de8   0x00000012   Code   RO           35    i.scan_evt_handler  main.o
    0x00035dfa   0x00035dfa   0x00000002   PAD
    0x00035dfc   0x00035dfc   0x00000104   Code   RO           36    i.scan_finger_handler  main.o
    0x00035f00   0x00035f00   0x0000007c   Code   RO           37    i.scan_init         main.o
    0x00035f7c   0x00035f7c   0x00000118   Code   RO           38    i.scan_int_handler  main.o
    0x00036094   0x00036094   0x00000040   Code   RO           39    i.scan_start        main.o
    0x000360d4   0x000360d4   0x00000050   Code   RO         5286    i.sd_state_evt_handler  nrf_drv_rng.o
    0x00036124   0x00036124   0x00000050   Code   RO         8716    i.sd_state_evt_handler  nrf_drv_clock.o
    0x00036174   0x00036174   0x00000030   Code   RO         9604    i.sdh_request_observer_notify  nrf_sdh.o
    0x000361a4   0x000361a4   0x0000002c   Code   RO         9605    i.sdh_state_observer_notify  nrf_sdh.o
    0x000361d0   0x000361d0   0x000000b4   Code   RO         3602    i.sec_info_request_process  security_dispatcher.o
    0x00036284   0x00036284   0x000000f4   Code   RO         3603    i.sec_keyset_fill   security_dispatcher.o
    0x00036378   0x00036378   0x00000076   Code   RO         3754    i.sec_params_verify  security_manager.o
    0x000363ee   0x000363ee   0x00000002   PAD
    0x000363f0   0x000363f0   0x00000060   Code   RO         3604    i.sec_proc_start    security_dispatcher.o
    0x00036450   0x00036450   0x00000030   Code   RO           40    i.send_alarm        main.o
    0x00036480   0x00036480   0x00000022   Code   RO         3605    i.send_config_req   security_dispatcher.o
    0x000364a2   0x000364a2   0x00000002   PAD
    0x000364a4   0x000364a4   0x00000010   Code   RO         1490    i.send_error_evt    ble_conn_params.o
    0x000364b4   0x000364b4   0x00000028   Code   RO         1930    i.send_unexpected_error  gatt_cache_manager.o
    0x000364dc   0x000364dc   0x00000028   Code   RO         3606    i.send_unexpected_error  security_dispatcher.o
    0x00036504   0x00036504   0x00000088   Code   RO           41    i.sensor            main.o
    0x0003658c   0x0003658c   0x00000050   Code   RO         8851    i.serial_tx         nrf_log_backend_rtt.o
    0x000365dc   0x000365dc   0x00000014   Code   RO         1931    i.service_changed_pending_flags_check  gatt_cache_manager.o
    0x000365f0   0x000365f0   0x00000044   Code   RO         2083    i.service_changed_pending_set  gatts_cache_manager.o
    0x00036634   0x00036634   0x000000f4   Code   RO         1932    i.service_changed_send_in_evt  gatt_cache_manager.o
    0x00036728   0x00036728   0x00000088   Code   RO         1279    i.service_data_encode  ble_advdata.o
    0x000367b0   0x000367b0   0x00000034   Code   RO         3755    i.sm_ble_evt_handler  security_manager.o
    0x000367e4   0x000367e4   0x00000060   Code   RO         3757    i.sm_init           security_manager.o
    0x00036844   0x00036844   0x0000000a   Code   RO         3759    i.sm_link_secure    security_manager.o
    0x0003684e   0x0003684e   0x00000002   PAD
    0x00036850   0x00036850   0x00000044   Code   RO         3760    i.sm_pdb_evt_handler  security_manager.o
    0x00036894   0x00036894   0x00000034   Code   RO         3762    i.sm_sec_params_set  security_manager.o
    0x000368c8   0x000368c8   0x00000060   Code   RO         3763    i.sm_smd_evt_handler  security_manager.o
    0x00036928   0x00036928   0x00000118   Code   RO         3607    i.smd_ble_evt_handler  security_dispatcher.o
    0x00036a40   0x00036a40   0x00000068   Code   RO         3609    i.smd_init          security_dispatcher.o
    0x00036aa8   0x00036aa8   0x0000003a   Code   RO         3610    i.smd_link_secure   security_dispatcher.o
    0x00036ae2   0x00036ae2   0x00000002   PAD
    0x00036ae4   0x00036ae4   0x000000b0   Code   RO         3611    i.smd_params_reply  security_dispatcher.o
    0x00036b94   0x00036b94   0x0000003c   Code   RO         3764    i.smd_params_reply_perform  security_manager.o
    0x00036bd0   0x00036bd0   0x00000018   Code   RO         8717    i.soc_evt_handler   nrf_drv_clock.o
    0x00036be8   0x00036be8   0x00000038   Code   RO         9606    i.softdevice_evt_irq_disable  nrf_sdh.o
    0x00036c20   0x00036c20   0x00000058   Code   RO         9607    i.softdevices_evt_irq_enable  nrf_sdh.o
    0x00036c78   0x00036c78   0x0000008c   Code   RO         9029    i.std_n             nrf_log_frontend.o
    0x00036d04   0x00036d04   0x00000058   Code   RO         1933    i.store_car_value   gatt_cache_manager.o
    0x00036d5c   0x00036d5c   0x00000084   Code   RO           42    i.timer_init        main.o
    0x00036de0   0x00036de0   0x00000080   Code   RO         6869    i.timer_list_handler  app_timer.o
    0x00036e60   0x00036e60   0x0000003c   Code   RO         6870    i.timer_list_insert  app_timer.o
    0x00036e9c   0x00036e9c   0x00000060   Code   RO         6871    i.timer_list_remove  app_timer.o
    0x00036efc   0x00036efc   0x00000048   Code   RO         6872    i.timer_stop_op_schedule  app_timer.o
    0x00036f44   0x00036f44   0x00000074   Code   RO         6873    i.timer_timeouts_check  app_timer.o
    0x00036fb8   0x00036fb8   0x000000ba   Code   RO         6234    i.twi_irq_handler   nrfx_twi.o
    0x00037072   0x00037072   0x0000001e   Code   RO         6235    i.twi_process_error  nrfx_twi.o
    0x00037090   0x00037090   0x000000c8   Code   RO         6236    i.twi_rx_start_transfer  nrfx_twi.o
    0x00037158   0x00037158   0x00000028   Code   RO         6237    i.twi_send_byte     nrfx_twi.o
    0x00037180   0x00037180   0x00000104   Code   RO         6238    i.twi_transfer      nrfx_twi.o
    0x00037284   0x00037284   0x000000d0   Code   RO         6239    i.twi_tx_start_transfer  nrfx_twi.o
    0x00037354   0x00037354   0x00000020   Code   RO         5831    i.tx_byte           nrfx_uart.o
    0x00037374   0x00037374   0x0000001a   Code   RO         5832    i.tx_done_event     nrfx_uart.o
    0x0003738e   0x0003738e   0x00000002   PAD
    0x00037390   0x00037390   0x000000a0   Code   RO         8534    i.uart_event_handler  app_uart_fifo.o
    0x00037430   0x00037430   0x00000030   Code   RO         5361    i.uart_evt_handler  nrf_drv_uart.o
    0x00037460   0x00037460   0x0000001a   Code   RO           43    i.uart_handle       main.o
    0x0003747a   0x0003747a   0x00000128   Code   RO         5833    i.uart_irq_handler  nrfx_uart.o
    0x000375a2   0x000375a2   0x0000001e   Code   RO        10155    i.uart_send         r301.o
    0x000375c0   0x000375c0   0x00000030   Code   RO         5362    i.uarte_evt_handler  nrf_drv_uart.o
    0x000375f0   0x000375f0   0x000000f4   Code   RO         6016    i.uarte_irq_handler  nrfx_uarte.o
    0x000376e4   0x000376e4   0x0000000a   Code   RO         1280    i.uint16_encode     ble_advdata.o
    0x000376ee   0x000376ee   0x00000002   PAD
    0x000376f0   0x000376f0   0x00000020   Code   RO         8032    i.uninit            nrf_fstorage_sd.o
    0x00037710   0x00037710   0x000000b4   Code   RO         7896    i.unsigned_print    nrf_fprintf_format.o
    0x000377c4   0x000377c4   0x00000030   Code   RO         1934    i.update_pending_flags_check  gatt_cache_manager.o
    0x000377f4   0x000377f4   0x00000068   Code   RO         1491    i.update_timeout_handler  ble_conn_params.o
    0x0003785c   0x0003785c   0x00000018   Code   RO         1390    i.use_whitelist     ble_advertising.o
    0x00037874   0x00037874   0x0000000c   Code   RO         1592    i.user_flag_is_acquired  ble_conn_state.o
    0x00037880   0x00037880   0x00000024   Code   RO         2639    i.user_mem_reply    nrf_ble_qwr.o
    0x000378a4   0x000378a4   0x00000030   Code   RO         6874    i.user_op_alloc     app_timer.o
    0x000378d4   0x000378d4   0x00000030   Code   RO         1281    i.uuid_list_encode  ble_advdata.o
    0x00037904   0x00037904   0x0000009e   Code   RO         1282    i.uuid_list_sized_encode  ble_advdata.o
    0x000379a2   0x000379a2   0x00000004   Code   RO         8033    i.wmap              nrf_fstorage_sd.o
    0x000379a6   0x000379a6   0x00000002   PAD
    0x000379a8   0x000379a8   0x00000050   Code   RO         8034    i.write             nrf_fstorage_sd.o
    0x000379f8   0x000379f8   0x0000014c   Code   RO         2952    i.write_buf_store   peer_database.o
    0x00037b44   0x00037b44   0x00000034   Code   RO         2953    i.write_buffer_record_find  peer_database.o
    0x00037b78   0x00037b78   0x00000030   Code   RO         2954    i.write_buffer_record_find_next  peer_database.o
    0x00037ba8   0x00037ba8   0x0000001c   Code   RO         2955    i.write_buffer_record_invalidate  peer_database.o
    0x00037bc4   0x00037bc4   0x0000002c   Code   RO         2956    i.write_buffer_record_release  peer_database.o
    0x00037bf0   0x00037bf0   0x000000e8   Code   RO         7159    i.write_enqueue     fds.o
    0x00037cd8   0x00037cd8   0x000000f4   Code   RO         7160    i.write_execute     fds.o
    0x00037dcc   0x00037dcc   0x00000018   Code   RO         7161    i.write_space_free  fds.o
    0x00037de4   0x00037de4   0x0000005c   Code   RO         7162    i.write_space_reserve  fds.o
    0x00037e40   0x00037e40   0x00000044   Data   RO           50    .constdata          main.o
    0x00037e84   0x00037e84   0x00000008   Data   RO          884    .constdata          boards.o
    0x00037e8c   0x00037e8c   0x0000002c   Data   RO         1041    .constdata          bsp.o
    0x00037eb8   0x00037eb8   0x0000007c   Data   RO         1749    .constdata          ble_db_discovery.o
    0x00037f34   0x00037f34   0x00000074   Data   RO         1935    .constdata          gatt_cache_manager.o
    0x00037fa8   0x00037fa8   0x00000004   Data   RO         2084    .constdata          gatts_cache_manager.o
    0x00037fac   0x00037fac   0x00000010   Data   RO         2085    .constdata          gatts_cache_manager.o
    0x00037fbc   0x00037fbc   0x00000004   Data   RO         2086    .constdata          gatts_cache_manager.o
    0x00037fc0   0x00037fc0   0x00000008   Data   RO         2189    .constdata          id_manager.o
    0x00037fc8   0x00037fc8   0x00000016   Data   RO         2342    .constdata          nrf_ble_gatt.o
    0x00037fde   0x00037fde   0x00000002   PAD
    0x00037fe0   0x00037fe0   0x0000001c   Data   RO         2818    .constdata          peer_data_storage.o
    0x00037ffc   0x00037ffc   0x00000010   Data   RO         2958    .constdata          peer_database.o
    0x0003800c   0x0003800c   0x0000002c   Data   RO         3195    .constdata          peer_manager.o
    0x00038038   0x00038038   0x00000018   Data   RO         3458    .constdata          peer_manager_handler.o
    0x00038050   0x00038050   0x000000a4   Data   RO         3613    .constdata          security_dispatcher.o
    0x000380f4   0x000380f4   0x00000004   Data   RO         3765    .constdata          security_manager.o
    0x000380f8   0x000380f8   0x00000010   Data   RO         3928    .constdata          ble_sml.o
    0x00038108   0x00038108   0x00000028   Data   RO         4068    .constdata          ble_alarm_c.o
    0x00038130   0x00038130   0x0000006c   Data   RO         4249    .constdata          nrf_crypto_ecc.o
    0x0003819c   0x0003819c   0x0000000c   Data   RO         4337    .constdata          nrf_crypto_ecdh.o
    0x000381a8   0x000381a8   0x0000000c   Data   RO         4843    .constdata          oberon_backend_ecc.o
    0x000381b4   0x000381b4   0x00000040   Data   RO         4846    .constdata          oberon_backend_ecc.o
    0x000381f4   0x000381f4   0x00000002   Data   RO         5289    .constdata          nrf_drv_rng.o
    0x000381f6   0x000381f6   0x00000002   PAD
    0x000381f8   0x000381f8   0x00000004   Data   RO         5452    .constdata          nrfx_gpiote.o
    0x000381fc   0x000381fc   0x00000004   Data   RO         5836    .constdata          nrfx_uart.o
    0x00038200   0x00038200   0x00000004   Data   RO         6019    .constdata          nrfx_uarte.o
    0x00038204   0x00038204   0x00000008   Data   RO         6650    .constdata          app_button.o
    0x0003820c   0x0003820c   0x00000004   PAD
    0x00038210   0x00038210   0x00000006   Data   RO         6876    .constdata          app_timer.o
    0x00038216   0x00038216   0x00000002   PAD
    0x00038218   0x00038218   0x00000018   Data   RO         7165    .constdata          fds.o
    0x00038230   0x00038230   0x00000010   Data   RO         7897    .constdata          nrf_fprintf_format.o
    0x00038240   0x00038240   0x0000005e   Data   RO         7943    .constdata          nrf_fstorage.o
    0x0003829e   0x0003829e   0x00000002   PAD
    0x000382a0   0x000382a0   0x00000010   Data   RO         8037    .constdata          nrf_fstorage_sd.o
    0x000382b0   0x000382b0   0x00000020   Data   RO         8038    .constdata          nrf_fstorage_sd.o
    0x000382d0   0x000382d0   0x00000018   Data   RO         8216    .constdata          nrf_pwr_mgmt.o
    0x000382e8   0x000382e8   0x0000000c   Data   RO         8217    .constdata          nrf_pwr_mgmt.o
    0x000382f4   0x000382f4   0x0000013c   Data   RO         8496    .constdata          nrf_strerror.o
    0x00038430   0x00038430   0x00000020   Data   RO         8536    .constdata          app_uart_fifo.o
    0x00038450   0x00038450   0x0000000c   Data   RO         8853    .constdata          nrf_log_backend_rtt.o
    0x0003845c   0x0003845c   0x00000004   PAD
    0x00038460   0x00038460   0x00000006   Data   RO         8854    .constdata          nrf_log_backend_rtt.o
    0x00038466   0x00038466   0x00000002   PAD
    0x00038468   0x00038468   0x0000000c   Data   RO         9034    .constdata          nrf_log_frontend.o
    0x00038474   0x00038474   0x00000010   Data   RO         9608    .constdata          nrf_sdh.o
    0x00038484   0x00038484   0x00000028   Data   RO         9609    .constdata          nrf_sdh.o
    0x000384ac   0x000384ac   0x00000010   Data   RO         9610    .constdata          nrf_sdh.o
    0x000384bc   0x000384bc   0x00000010   Data   RO         9611    .constdata          nrf_sdh.o
    0x000384cc   0x000384cc   0x00000020   Data   RO         9719    .constdata          nrf_sdh_ble.o
    0x000384ec   0x000384ec   0x00000010   Data   RO         9720    .constdata          nrf_sdh_ble.o
    0x000384fc   0x000384fc   0x00000010   Data   RO         9770    .constdata          nrf_sdh_soc.o
    0x0003850c   0x0003850c   0x0000000c   Data   RO         9771    .constdata          nrf_sdh_soc.o
    0x00038518   0x00038518   0x00002228   Data   RO         9812    .constdata          aes.o
    0x0003a740   0x0003a740   0x00000081   Data   RO        10512    .constdata          mc_w.l(ctype_o.o)
    0x0003a7c1   0x0003a7c1   0x00000003   PAD
    0x0003a7c4   0x0003a7c4   0x00000004   Data   RO        10513    .constdata          mc_w.l(ctype_o.o)
    0x0003a7c8   0x0003a7c8   0x000000c6   Data   RO           51    .conststring        main.o
    0x0003a88e   0x0003a88e   0x00000002   PAD
    0x0003a890   0x0003a890   0x000000a2   Data   RO         1750    .conststring        ble_db_discovery.o
    0x0003a932   0x0003a932   0x00000002   PAD
    0x0003a934   0x0003a934   0x000001a4   Data   RO         1936    .conststring        gatt_cache_manager.o
    0x0003aad8   0x0003aad8   0x00000144   Data   RO         2087    .conststring        gatts_cache_manager.o
    0x0003ac1c   0x0003ac1c   0x000000a2   Data   RO         2343    .conststring        nrf_ble_gatt.o
    0x0003acbe   0x0003acbe   0x00000002   PAD
    0x0003acc0   0x0003acc0   0x00000042   Data   RO         2441    .conststring        nrf_ble_lesc.o
    0x0003ad02   0x0003ad02   0x00000002   PAD
    0x0003ad04   0x0003ad04   0x000000e8   Data   RO         2819    .conststring        peer_data_storage.o
    0x0003adec   0x0003adec   0x00000180   Data   RO         2959    .conststring        peer_database.o
    0x0003af6c   0x0003af6c   0x00000090   Data   RO         3196    .conststring        peer_manager.o
    0x0003affc   0x0003affc   0x000002ca   Data   RO         3459    .conststring        peer_manager_handler.o
    0x0003b2c6   0x0003b2c6   0x00000002   PAD
    0x0003b2c8   0x0003b2c8   0x00000296   Data   RO         3614    .conststring        security_dispatcher.o
    0x0003b55e   0x0003b55e   0x00000002   PAD
    0x0003b560   0x0003b560   0x0000017b   Data   RO         3766    .conststring        security_manager.o
    0x0003b6db   0x0003b6db   0x00000001   PAD
    0x0003b6dc   0x0003b6dc   0x0000004f   Data   RO         7944    .conststring        nrf_fstorage.o
    0x0003b72b   0x0003b72b   0x00000001   PAD
    0x0003b72c   0x0003b72c   0x000003eb   Data   RO         8497    .conststring        nrf_strerror.o
    0x0003bb17   0x0003bb17   0x00000001   PAD
    0x0003bb18   0x0003bb18   0x00000066   Data   RO         9195    .conststring        nrf_log_str_formatter.o
    0x0003bb7e   0x0003bb7e   0x00000002   PAD
    0x0003bb80   0x0003bb80   0x00000188   Data   RO         9721    .conststring        nrf_sdh_ble.o
    0x0003bd08   0x0003bd08   0x0000000c   Data   RO         1751    .conststrlit        ble_db_discovery.o
    0x0003bd14   0x0003bd14   0x00000011   Data   RO         1937    .conststrlit        gatt_cache_manager.o
    0x0003bd25   0x0003bd25   0x00000003   PAD
    0x0003bd28   0x0003bd28   0x00000012   Data   RO         2088    .conststrlit        gatts_cache_manager.o
    0x0003bd3a   0x0003bd3a   0x00000002   PAD
    0x0003bd3c   0x0003bd3c   0x00000010   Data   RO         2191    .conststrlit        id_manager.o
    0x0003bd4c   0x0003bd4c   0x0000000d   Data   RO         2344    .conststrlit        nrf_ble_gatt.o
    0x0003bd59   0x0003bd59   0x00000003   PAD
    0x0003bd5c   0x0003bd5c   0x0000000d   Data   RO         2442    .conststrlit        nrf_ble_lesc.o
    0x0003bd69   0x0003bd69   0x00000003   PAD
    0x0003bd6c   0x0003bd6c   0x00000009   Data   RO         2696    .conststrlit        nrf_ble_scan.o
    0x0003bd75   0x0003bd75   0x00000003   PAD
    0x0003bd78   0x0003bd78   0x00000011   Data   RO         2820    .conststrlit        peer_data_storage.o
    0x0003bd89   0x0003bd89   0x00000003   PAD
    0x0003bd8c   0x0003bd8c   0x00000011   Data   RO         2960    .conststrlit        peer_database.o
    0x0003bd9d   0x0003bd9d   0x00000003   PAD
    0x0003bda0   0x0003bda0   0x0000000d   Data   RO         3197    .conststrlit        peer_manager.o
    0x0003bdad   0x0003bdad   0x00000003   PAD
    0x0003bdb0   0x0003bdb0   0x00000015   Data   RO         3461    .conststrlit        peer_manager_handler.o
    0x0003bdc5   0x0003bdc5   0x00000003   PAD
    0x0003bdc8   0x0003bdc8   0x00000011   Data   RO         3615    .conststrlit        security_dispatcher.o
    0x0003bdd9   0x0003bdd9   0x00000003   PAD
    0x0003bddc   0x0003bddc   0x00000010   Data   RO         3767    .conststrlit        security_manager.o
    0x0003bdec   0x0003bdec   0x0000000c   Data   RO         4069    .conststrlit        ble_alarm_c.o
    0x0003bdf8   0x0003bdf8   0x00000004   Data   RO         5292    .conststrlit        nrf_drv_rng.o
    0x0003bdfc   0x0003bdfc   0x00000007   Data   RO         5456    .conststrlit        nrfx_gpiote.o
    0x0003be03   0x0003be03   0x00000001   PAD
    0x0003be04   0x0003be04   0x00000004   Data   RO         5689    .conststrlit        nrfx_prs.o
    0x0003be08   0x0003be08   0x00000004   Data   RO         5743    .conststrlit        nrfx_rng.o
    0x0003be0c   0x0003be0c   0x00000005   Data   RO         5839    .conststrlit        nrfx_uart.o
    0x0003be11   0x0003be11   0x00000003   PAD
    0x0003be14   0x0003be14   0x00000006   Data   RO         6022    .conststrlit        nrfx_uarte.o
    0x0003be1a   0x0003be1a   0x00000002   PAD
    0x0003be1c   0x0003be1c   0x00000004   Data   RO         6246    .conststrlit        nrfx_twi.o
    0x0003be20   0x0003be20   0x00000006   Data   RO         6413    .conststrlit        nrfx_timer.o
    0x0003be26   0x0003be26   0x00000002   PAD
    0x0003be28   0x0003be28   0x00000006   Data   RO         6532    .conststrlit        nrfx_clock.o
    0x0003be2e   0x0003be2e   0x00000002   PAD
    0x0003be30   0x0003be30   0x00000009   Data   RO         7446    .conststrlit        mem_manager.o
    0x0003be39   0x0003be39   0x00000003   PAD
    0x0003be3c   0x0003be3c   0x0000000d   Data   RO         7945    .conststrlit        nrf_fstorage.o
    0x0003be49   0x0003be49   0x00000003   PAD
    0x0003be4c   0x0003be4c   0x00000009   Data   RO         8218    .conststrlit        nrf_pwr_mgmt.o
    0x0003be55   0x0003be55   0x00000003   PAD
    0x0003be58   0x0003be58   0x00000006   Data   RO         8723    .conststrlit        nrf_drv_clock.o
    0x0003be5e   0x0003be5e   0x00000002   PAD
    0x0003be60   0x0003be60   0x00000010   Data   RO         8969    .conststrlit        nrf_log_default_backends.o
    0x0003be70   0x0003be70   0x00000004   Data   RO         9035    .conststrlit        nrf_log_frontend.o
    0x0003be74   0x0003be74   0x00000008   Data   RO         9612    .conststrlit        nrf_sdh.o
    0x0003be7c   0x0003be7c   0x0000000c   Data   RO         9722    .conststrlit        nrf_sdh_ble.o
    0x0003be88   0x0003be88   0x0000000c   Data   RO         9772    .conststrlit        nrf_sdh_soc.o
    0x0003be94   0x0003be94   0x00000020   Data   RO        10350    .rodata.base        oberon_short_wchar_2.0.5.lib(occ_curve25519.c.obj)
    0x0003beb4   0x0003beb4   0x00000040   Data   RO        10454    .rodata.base_point  oberon_short_wchar_2.0.5.lib(occ_curve_p256.c.obj)
    0x0003bef4   0x0003bef4   0x00000004   PAD
    0x0003bef8   0x0003bef8   0x00000280   Data   RO        10378    .rodata.const_table  oberon_short_wchar_2.0.5.lib(occ_sha512.c.obj)
    0x0003c178   0x0003c178   0x00000020   Data   RO        10455    .rodata.cq          oberon_short_wchar_2.0.5.lib(occ_curve_p256.c.obj)
    0x0003c198   0x0003c198   0x00000020   Data   RO        10430    .rodata.m           oberon_short_wchar_2.0.5.lib(occ_sc25519.c.obj)
    0x0003c1b8   0x0003c1b8   0x00000640   Data   RO        10399    .rodata.occ_ge25519_base_multiples  oberon_short_wchar_2.0.5.lib(occ_ge25519.c.obj)
    0x0003c7f8   0x0003c7f8   0x00000020   Data   RO        10400    .rodata.occ_ge25519_ec2d  oberon_short_wchar_2.0.5.lib(occ_ge25519.c.obj)
    0x0003c818   0x0003c818   0x00000020   Data   RO        10456    .rodata.param_a     oberon_short_wchar_2.0.5.lib(occ_curve_p256.c.obj)
    0x0003c838   0x0003c838   0x00000020   Data   RO        10457    .rodata.param_b     oberon_short_wchar_2.0.5.lib(occ_curve_p256.c.obj)
    0x0003c858   0x0003c858   0x00000020   Data   RO        10480    .rodata.q           oberon_short_wchar_2.0.5.lib(occ_sc_p256.c.obj)
    0x0003c878   0x0003c878   0x00000020   Data   RO        10458    .rodata.qp1         oberon_short_wchar_2.0.5.lib(occ_curve_p256.c.obj)
    0x0003c898   0x0003c898   0x00000020   Data   RO        10577    Region$$Table       anon$$obj.o
    0x0003c8b8   0x0003c8b8   0x00000008   Data   RO         5154    crypto_data         nrf_hw_backend_init.o
    0x0003c8c0   0x0003c8c0   0x00000010   Data   RO         8971    log_backends        nrf_log_default_backends.o
    0x0003c8d0   0x0003c8d0   0x00000008   Data   RO         1753    log_const_data      ble_db_discovery.o
    0x0003c8d8   0x0003c8d8   0x00000008   Data   RO         1939    log_const_data      gatt_cache_manager.o
    0x0003c8e0   0x0003c8e0   0x00000008   Data   RO         2090    log_const_data      gatts_cache_manager.o
    0x0003c8e8   0x0003c8e8   0x00000008   Data   RO         2193    log_const_data      id_manager.o
    0x0003c8f0   0x0003c8f0   0x00000008   Data   RO         2345    log_const_data      nrf_ble_gatt.o
    0x0003c8f8   0x0003c8f8   0x00000008   Data   RO         2444    log_const_data      nrf_ble_lesc.o
    0x0003c900   0x0003c900   0x00000008   Data   RO         2697    log_const_data      nrf_ble_scan.o
    0x0003c908   0x0003c908   0x00000008   Data   RO         2822    log_const_data      peer_data_storage.o
    0x0003c910   0x0003c910   0x00000008   Data   RO         2962    log_const_data      peer_database.o
    0x0003c918   0x0003c918   0x00000008   Data   RO         3199    log_const_data      peer_manager.o
    0x0003c920   0x0003c920   0x00000008   Data   RO         3464    log_const_data      peer_manager_handler.o
    0x0003c928   0x0003c928   0x00000008   Data   RO         3617    log_const_data      security_dispatcher.o
    0x0003c930   0x0003c930   0x00000008   Data   RO         3769    log_const_data      security_manager.o
    0x0003c938   0x0003c938   0x00000008   Data   RO         4070    log_const_data      ble_alarm_c.o
    0x0003c940   0x0003c940   0x00000008   Data   RO         5294    log_const_data      nrf_drv_rng.o
    0x0003c948   0x0003c948   0x00000008   Data   RO         5457    log_const_data      nrfx_gpiote.o
    0x0003c950   0x0003c950   0x00000008   Data   RO         5691    log_const_data      nrfx_prs.o
    0x0003c958   0x0003c958   0x00000008   Data   RO         5745    log_const_data      nrfx_rng.o
    0x0003c960   0x0003c960   0x00000008   Data   RO         5840    log_const_data      nrfx_uart.o
    0x0003c968   0x0003c968   0x00000008   Data   RO         6023    log_const_data      nrfx_uarte.o
    0x0003c970   0x0003c970   0x00000008   Data   RO         6247    log_const_data      nrfx_twi.o
    0x0003c978   0x0003c978   0x00000008   Data   RO         6414    log_const_data      nrfx_timer.o
    0x0003c980   0x0003c980   0x00000008   Data   RO         6534    log_const_data      nrfx_clock.o
    0x0003c988   0x0003c988   0x00000008   Data   RO         7448    log_const_data      mem_manager.o
    0x0003c990   0x0003c990   0x00000008   Data   RO         7946    log_const_data      nrf_fstorage.o
    0x0003c998   0x0003c998   0x00000008   Data   RO         8220    log_const_data      nrf_pwr_mgmt.o
    0x0003c9a0   0x0003c9a0   0x00000008   Data   RO         8724    log_const_data      nrf_drv_clock.o
    0x0003c9a8   0x0003c9a8   0x00000008   Data   RO         9038    log_const_data      nrf_log_frontend.o
    0x0003c9b0   0x0003c9b0   0x00000008   Data   RO         9614    log_const_data      nrf_sdh.o
    0x0003c9b8   0x0003c9b8   0x00000008   Data   RO         9724    log_const_data      nrf_sdh_ble.o
    0x0003c9c0   0x0003c9c0   0x00000008   Data   RO         9773    log_const_data      nrf_sdh_soc.o
    0x0003c9c8   0x0003c9c8   0x00000014   Data   RO         9039    nrf_balloc          nrf_log_frontend.o
    0x0003c9dc   0x0003c9dc   0x00000014   Data   RO         5295    nrf_queue           nrf_drv_rng.o
    0x0003c9f0   0x0003c9f0   0x00000008   Data   RO         1594    sdh_ble_observers0  ble_conn_state.o
    0x0003c9f8   0x0003c9f8   0x00000020   Data   RO           53    sdh_ble_observers1  main.o
    0x0003ca18   0x0003ca18   0x00000008   Data   RO         1150    sdh_ble_observers1  bsp_btn_ble.o
    0x0003ca20   0x0003ca20   0x00000008   Data   RO         1494    sdh_ble_observers1  ble_conn_params.o
    0x0003ca28   0x0003ca28   0x00000008   Data   RO         3200    sdh_ble_observers1  peer_manager.o
    0x0003ca30   0x0003ca30   0x00000020   Data   RO           54    sdh_ble_observers2  main.o
    0x0003ca50   0x0003ca50   0x00000008   Data   RO           55    sdh_ble_observers3  main.o
    0x0003ca58   0x0003ca58   0x00000008   Data   RO         8040    sdh_req_observers0  nrf_fstorage_sd.o
    0x0003ca60   0x0003ca60   0x00000008   Data   RO         8041    sdh_soc_observers0  nrf_fstorage_sd.o
    0x0003ca68   0x0003ca68   0x00000008   Data   RO         8725    sdh_soc_observers0  nrf_drv_clock.o
    0x0003ca70   0x0003ca70   0x00000008   Data   RO           56    sdh_soc_observers1  main.o
    0x0003ca78   0x0003ca78   0x00000008   Data   RO         9725    sdh_stack_observers0  nrf_sdh_ble.o
    0x0003ca80   0x0003ca80   0x00000008   Data   RO         9774    sdh_stack_observers0  nrf_sdh_soc.o
    0x0003ca88   0x0003ca88   0x00000008   Data   RO         5296    sdh_state_observers0  nrf_drv_rng.o
    0x0003ca90   0x0003ca90   0x00000008   Data   RO         8042    sdh_state_observers0  nrf_fstorage_sd.o
    0x0003ca98   0x0003ca98   0x00000008   Data   RO         8726    sdh_state_observers0  nrf_drv_clock.o


    Execution Region RW_IRAM1 (Exec base: 0x200028b0, Load base: 0x0003caa0, Size: 0x000042a0, Max: 0x0000d750, ABSOLUTE, COMPRESSED[0x00000108])

    Exec Addr    Load Addr    Size         Type   Attr      Idx    E Section Name        Object

    0x200028b0   COMPRESSED   0x00000314   Data   RW           52    .data               main.o
    0x20002bc4   COMPRESSED   0x00000010   Data   RW         1042    .data               bsp.o
    0x20002bd4   COMPRESSED   0x00000008   Data   RW         1149    .data               bsp_btn_ble.o
    0x20002bdc   COMPRESSED   0x00000008   Data   RW         1493    .data               ble_conn_params.o
    0x20002be4   COMPRESSED   0x00000010   Data   RW         1752    .data               ble_db_discovery.o
    0x20002bf4   COMPRESSED   0x00000010   Data   RW         1938    .data               gatt_cache_manager.o
    0x20002c04   COMPRESSED   0x00000006   Data   RW         2089    .data               gatts_cache_manager.o
    0x20002c0a   COMPRESSED   0x00000002   PAD
    0x20002c0c   COMPRESSED   0x0000000c   Data   RW         2443    .data               nrf_ble_lesc.o
    0x20002c18   COMPRESSED   0x0000000c   Data   RW         2821    .data               peer_data_storage.o
    0x20002c24   COMPRESSED   0x00000008   Data   RW         2961    .data               peer_database.o
    0x20002c2c   COMPRESSED   0x00000010   Data   RW         3198    .data               peer_manager.o
    0x20002c3c   COMPRESSED   0x00000060   Data   RW         3462    .data               peer_manager_handler.o
    0x20002c9c   COMPRESSED   0x00000005   Data   RW         3616    .data               security_dispatcher.o
    0x20002ca1   COMPRESSED   0x00000003   PAD
    0x20002ca4   COMPRESSED   0x00000011   Data   RW         3768    .data               security_manager.o
    0x20002cb5   COMPRESSED   0x00000001   Data   RW         4622    .data               nrf_crypto_init.o
    0x20002cb6   COMPRESSED   0x00000002   PAD
    0x20002cb8   COMPRESSED   0x0000000c   Data   RW         4676    .data               nrf_crypto_rng.o
    0x20002cc4   COMPRESSED   0x00000003   Data   RW         5293    .data               nrf_drv_rng.o
    0x20002cc7   COMPRESSED   0x00000001   PAD
    0x20002cc8   COMPRESSED   0x0000000c   Data   RW         5363    .data               nrf_drv_uart.o
    0x20002cd4   COMPRESSED   0x00000008   Data   RW         5690    .data               nrfx_prs.o
    0x20002cdc   COMPRESSED   0x00000008   Data   RW         5744    .data               nrfx_rng.o
    0x20002ce4   COMPRESSED   0x00000008   Data   RW         6533    .data               nrfx_clock.o
    0x20002cec   COMPRESSED   0x00000004   PAD
    0x20002cf0   COMPRESSED   0x00000020   Data   RW         6651    .data               app_button.o
    0x20002d10   COMPRESSED   0x00000014   Data   RW         6877    .data               app_timer.o
    0x20002d24   COMPRESSED   0x00000030   Data   RW         7166    .data               fds.o
    0x20002d54   COMPRESSED   0x00000008   Data   RW         8039    .data               nrf_fstorage_sd.o
    0x20002d5c   COMPRESSED   0x00000008   Data   RW         8219    .data               nrf_pwr_mgmt.o
    0x20002d64   COMPRESSED   0x0000001c   Data   RW         8537    .data               app_uart_fifo.o
    0x20002d80   COMPRESSED   0x00000001   Data   RW         8855    .data               nrf_log_backend_rtt.o
    0x20002d81   COMPRESSED   0x00000003   PAD
    0x20002d84   COMPRESSED   0x00000008   Data   RW         8970    .data               nrf_log_default_backends.o
    0x20002d8c   COMPRESSED   0x00000008   Data   RW         9036    .data               nrf_log_frontend.o
    0x20002d94   COMPRESSED   0x00000008   Data   RW         9037    .data               nrf_log_frontend.o
    0x20002d9c   COMPRESSED   0x00000040   Data   RW         9196    .data               nrf_log_str_formatter.o
    0x20002ddc   COMPRESSED   0x00000003   Data   RW         9613    .data               nrf_sdh.o
    0x20002ddf   COMPRESSED   0x00000001   Data   RW         9723    .data               nrf_sdh_ble.o
    0x20002de0   COMPRESSED   0x0000009a   Data   RW        10158    .data               r301.o
    0x20002e7a   COMPRESSED   0x00000002   PAD
    0x20002e7c   COMPRESSED   0x00000004   Data   RW        10275    .data               system_nrf52.o
    0x20002e80   COMPRESSED   0x00000020   Data   RW        10453    .data.inv_a         oberon_short_wchar_2.0.5.lib(occ_curve_p256.c.obj)
    0x20002ea0   COMPRESSED   0x00000014   Data   RW         7167    fs_data             fds.o
    0x20002eb4        -       0x00000020   Zero   RW           44    .bss                main.o
    0x20002ed4        -       0x00000020   Zero   RW           45    .bss                main.o
    0x20002ef4        -       0x00000020   Zero   RW           46    .bss                main.o
    0x20002f14        -       0x00000020   Zero   RW           47    .bss                main.o
    0x20002f34        -       0x00000020   Zero   RW           48    .bss                main.o
    0x20002f54        -       0x00000558   Zero   RW           49    .bss                main.o
    0x200034ac        -       0x00000020   Zero   RW         1037    .bss                bsp.o
    0x200034cc        -       0x00000020   Zero   RW         1038    .bss                bsp.o
    0x200034ec        -       0x0000000c   Zero   RW         1039    .bss                bsp.o
    0x200034f8        -       0x00000020   Zero   RW         1040    .bss                bsp.o
    0x20003518        -       0x00000050   Zero   RW         1492    .bss                ble_conn_params.o
    0x20003568        -       0x00000078   Zero   RW         1593    .bss                ble_conn_state.o
    0x200035e0        -       0x00000318   Zero   RW         1748    .bss                ble_db_discovery.o
    0x200038f8        -       0x000000d8   Zero   RW         2188    .bss                id_manager.o
    0x200039d0        -       0x00000188   Zero   RW         2440    .bss                nrf_ble_lesc.o
    0x20003b58        -       0x00000180   Zero   RW         2957    .bss                peer_database.o
    0x20003cd8        -       0x00000040   Zero   RW         3073    .bss                peer_id.o
    0x20003d18        -       0x0000000c   Zero   RW         3194    .bss                peer_manager.o
    0x20003d24        -       0x00000040   Zero   RW         3612    .bss                security_dispatcher.o
    0x20003d64        -       0x00000144   Zero   RW         4674    .bss                nrf_crypto_rng.o
    0x20003ea8        -       0x00000041   Zero   RW         5287    .bss                nrf_drv_rng.o
    0x20003ee9   COMPRESSED   0x00000003   PAD
    0x20003eec        -       0x0000000c   Zero   RW         5288    .bss                nrf_drv_rng.o
    0x20003ef8        -       0x0000005c   Zero   RW         5451    .bss                nrfx_gpiote.o
    0x20003f54        -       0x0000002c   Zero   RW         5834    .bss                nrfx_uart.o
    0x20003f80        -       0x00000024   Zero   RW         6017    .bss                nrfx_uarte.o
    0x20003fa4        -       0x0000003c   Zero   RW         6241    .bss                nrfx_twi.o
    0x20003fe0        -       0x00000020   Zero   RW         6649    .bss                app_button.o
    0x20004000        -       0x0000010c   Zero   RW         6875    .bss                app_timer.o
    0x2000410c        -       0x0000000c   Zero   RW         7022    .bss                app_util_platform.o
    0x20004118        -       0x00000010   Zero   RW         7163    .bss                fds.o
    0x20004128        -       0x000000e0   Zero   RW         7164    .bss                fds.o
    0x20004208        -       0x00000010   Zero   RW         8035    .bss                nrf_fstorage_sd.o
    0x20004218        -       0x000000a0   Zero   RW         8036    .bss                nrf_fstorage_sd.o
    0x200042b8        -       0x0000000c   Zero   RW         8215    .bss                nrf_pwr_mgmt.o
    0x200042c4        -       0x00000020   Zero   RW         8535    .bss                app_uart_fifo.o
    0x200042e4        -       0x00000014   Zero   RW         8718    .bss                nrf_drv_clock.o
    0x200042f8        -       0x00000040   Zero   RW         8852    .bss                nrf_log_backend_rtt.o
    0x20004338        -       0x000000c0   Zero   RW         9030    .bss                nrf_log_frontend.o
    0x200043f8        -       0x00000080   Zero   RW         9031    .bss                nrf_log_frontend.o
    0x20004478        -       0x00000018   Zero   RW         9032    .bss                nrf_log_frontend.o
    0x20004490        -       0x00000424   Zero   RW         9033    .bss                nrf_log_frontend.o
    0x200048b4        -       0x00000288   Zero   RW         9269    .bss                segger_rtt.o
    0x20004b3c        -       0x00000011   Zero   RW        10156    .bss                r301.o
    0x20004b4d   COMPRESSED   0x00000003   PAD
    0x20004b50        -       0x00002000   Zero   RW        10263    STACK               arm_startup_nrf52.o


==============================================================================

Image component sizes


      Code (inc. data)   RO Data    RW Data    ZI Data      Debug   Object Name

      2404         30       8744          0          0      17975   aes.o
       440         36          8         32         32      13326   app_button.o
        22          0          0          0          0       2509   app_error.o
       132         46          0          0          0      30633   app_error_weak.o
       118          0          0          0          0       4634   app_fifo.o
         0          0          0          0          0      36718   app_scheduler.o
      1534        124          6         20        268      49204   app_timer.o
       524         60         32         28         32      22210   app_uart_fifo.o
       124         14          0          0         12       9746   app_util_platform.o
        36          8        512          0       8192        948   arm_startup_nrf52.o
         0          0          0          0          0        392   auth_status_tracker.o
      1574          0          0          0          0      62900   ble_advdata.o
      1036          6          0          0          0      19172   ble_advertising.o
       422         48         60          0          0      16020   ble_alarm_c.o
       636         44          8          8         80      13019   ble_conn_params.o
       718         56          8          0        120      14623   ble_conn_state.o
      1718         94        306         16        792      20307   ble_db_discovery.o
      1208        128         16          0          0      62414   ble_sml.o
         8          0          0          0          0       1518   ble_srv_common.o
       346         34          8          0          0      94859   boards.o
       910         80         44         16        108      17871   bsp.o
       222         10          8          8          0      84647   bsp_btn_ble.o
       830          0          0          0          0      11351   ctr_drbg.o
      3426        314         24         68        240      51407   fds.o
      1848        544        561         16          0      25327   gatt_cache_manager.o
       578         70        374          6          0      15807   gatts_cache_manager.o
       946         34         32          0        216      15568   id_manager.o
      5004       1094        346        788       1528     218962   main.o
         0          0         17          0          0       5541   mem_manager.o
       342          0          0          0          0       6942   nrf_atfifo.o
       170          0          0          0          0       4936   nrf_atflags.o
       338          0          0          0          0      11190   nrf_atomic.o
       164          0          0          0          0       3760   nrf_balloc.o
       964        272        205          0          0      36811   nrf_ble_gatt.o
      1168        546         87         12        392      43159   nrf_ble_lesc.o
       276          0          0          0          0       6409   nrf_ble_qwr.o
      1186         44         17          0          0      18400   nrf_ble_scan.o
       448         26        108          0          0      10646   nrf_crypto_ecc.o
       160         10         12          0          0       2910   nrf_crypto_ecdh.o
        92         20          0          1          0       3046   nrf_crypto_init.o
       766        130          0         12        324      11641   nrf_crypto_rng.o
       382         40         30          0         20      39626   nrf_drv_clock.o
       416         42         42          3         77      15412   nrf_drv_rng.o
         0          0          0          0          0        616   nrf_drv_twi.o
       200         26          0         12          0      18148   nrf_drv_uart.o
        50          0          0          0          0       3653   nrf_fprintf.o
       850          4         16          0          0       5626   nrf_fprintf_format.o
       972        432        194          0          0       8296   nrf_fstorage.o
       798         82         72          8        176      16531   nrf_fstorage_sd.o
        12          0          8          0          0       2405   nrf_hw_backend_init.o
       152          6          0          0          0       7843   nrf_hw_backend_rng_mbedtls.o
       112         18         18          1         64       6409   nrf_log_backend_rtt.o
       200          0          0          0          0      10989   nrf_log_backend_serial.o
        28          4         32          8          0       3421   nrf_log_default_backends.o
      1636        122         44         16       1404      33832   nrf_log_frontend.o
       566        108        102         64          0       5804   nrf_log_str_formatter.o
       346          0          0          0          0       9835   nrf_memobj.o
       108         16         53          8         12      36998   nrf_pwr_mgmt.o
       444          0          0          0          0       7522   nrf_queue.o
       226          0          0          0          0       5332   nrf_ringbuf.o
       552         60        104          3          0      42180   nrf_sdh.o
       676        230        468          1          0       6041   nrf_sdh_ble.o
        60          4         56          0          0       2564   nrf_sdh_soc.o
        78          0          0          0          0       2908   nrf_section_iter.o
        76         10       1319          0          0       2855   nrf_strerror.o
       302         42         14          8          0      14732   nrfx_clock.o
      1418        104         19          0         92      62338   nrfx_gpiote.o
        94         16         12          8          0       3917   nrfx_prs.o
       224         56         12          8          0      37075   nrfx_rng.o
         0          0         14          0          0       8379   nrfx_timer.o
       962         18         12          0         60      17452   nrfx_twi.o
      1362         36         17          0         44      29093   nrfx_uart.o
      1200         38         18          0         36      24403   nrfx_uarte.o
       326          4         76          0          0      35894   oberon_backend_ecc.o
        38          0          0          0          0       2873   oberon_backend_ecdh.o
      1152        144        285         12          0      18802   peer_data_storage.o
      1442        260        425          8        384      20010   peer_database.o
       314         38          0          0         64       9519   peer_id.o
      1774        456        217         16         12      21057   peer_manager.o
      1840        862        767         96          0      15277   peer_manager_handler.o
       234          0          0          0          0       5631   pm_buffer.o
       478         56          0        154         17      10454   r301.o
      2228        278        851          5         64      30563   security_dispatcher.o
      1120        108        407         17          0      50410   security_manager.o
       378         34          0          0        648       9237   segger_rtt.o
       796         70          0          4          0       3015   system_nrf52.o

    ----------------------------------------------------------------------
     59558       7746      17364       1508      15516    1824435   Object Totals
         0          0         32          0          0          0   (incl. Generated)
        98          0         85         17          6          0   (incl. Padding)

    ----------------------------------------------------------------------

      Code (inc. data)   RO Data    RW Data    ZI Data      Debug   Library Member Name

        86          0          0          0          0          0   __dczerorl2.o
         8          4        133          0          0         68   ctype_o.o
         0          0          0          0          0          0   entry.o
         0          0          0          0          0          0   entry10a.o
         0          0          0          0          0          0   entry11a.o
         8          4          0          0          0          0   entry2.o
         4          0          0          0          0          0   entry5.o
         0          0          0          0          0          0   entry7b.o
         0          0          0          0          0          0   entry8b.o
         8          4          0          0          0          0   entry9a.o
        30          0          0          0          0          0   handlers.o
        36          8          0          0          0         68   init.o
        30          0          0          0          0         68   llshl.o
        32          0          0          0          0         68   llushr.o
        26          0          0          0          0         80   memcmp.o
        40          0          0          0          0         76   memcpy.o
        36          0          0          0          0        108   memseta.o
        28          0          0          0          0         76   strcmp.o
        18          0          0          0          0         68   strcpy.o
        14          0          0          0          0         68   strlen.o
        98          0          0          0          0         92   uldiv.o
      1644          0          0          0          0          0   occ_bigint256.s.obj
        64          0          0          0          0          0   occ_constant_time.s.obj
       456          4         32          0          0          0   occ_curve25519.c.obj
      1036         32        192         32          0          0   occ_curve_p256.c.obj
        88          0          0          0          0          0   occ_ecdh_p256.c.obj
        72          0          0          0          0          0   occ_ed25519.c.obj
      1004         20       1632          0          0          0   occ_ge25519.c.obj
       700          0          0          0          0          0   occ_mod25519.c.obj
      1644          0          0          0          0          0   occ_mod25519_base.s.obj
       528          0          0          0          0          0   occ_mod_p256.c.obj
      1720          0          0          0          0          0   occ_mod_p256_base.s.obj
       176          4         32          0          0          0   occ_sc25519.c.obj
        80          4         32          0          0          0   occ_sc_p256.c.obj
      2696         76        640          0          0          0   occ_sha512.c.obj
       792          0          0          0          0          0   occ_sha512_loop.c.obj

    ----------------------------------------------------------------------
     13210        164       2700         32          0        840   Library Totals
         8          4          7          0          0          0   (incl. Padding)

    ----------------------------------------------------------------------

      Code (inc. data)   RO Data    RW Data    ZI Data      Debug   Library Name

       502         20        133          0          0        840   mc_w.l
     12700        140       2560         32          0          0   oberon_short_wchar_2.0.5.lib

    ----------------------------------------------------------------------
     13210        164       2700         32          0        840   Library Totals

    ----------------------------------------------------------------------

==============================================================================


      Code (inc. data)   RO Data    RW Data    ZI Data      Debug   

     72768       7910      20064       1540      15516    1756547   Grand Totals
     72768       7910      20064        264      15516    1756547   ELF Image Totals (compressed)
     72768       7910      20064        264          0          0   ROM Totals

==============================================================================

    Total RO  Size (Code + RO Data)                92832 (  90.66kB)
    Total RW  Size (RW Data + ZI Data)             17056 (  16.66kB)
    Total ROM Size (Code + RO Data + RW Data)      93096 (  90.91kB)

==============================================================================

